Initialized native services in: C:\Users\serzh\.gradle\native
Initialized jansi services in: C:\Users\serzh\.gradle\native
The client will now receive all logging from the daemon (pid: 34984). The daemon log file: C:\Users\serzh\.gradle\daemon\9.3.1\daemon-34984.out.log
Starting 21st build in daemon [uptime: 4 hrs 46 mins 34.037 secs, performance: 99%, GC rate: 0.00/s, heap usage: 0% of 4 GiB, non-heap usage: 34% of 1 GiB]
Using 20 worker leases.
Operational build model parameters: {requiresToolingModels=false, parallelProjectExecution=true, configureOnDemand=false, configurationCache=true, configurationCacheParallelStore=false, configurationCacheParallelLoad=true, isolatedProjects=false, parallelProjectConfiguration=false, intermediateModelCache=false, parallelToolingApiActions=true, invalidateCoupledProjects=false, modelAsProjectDependency=false, resilientModelBuilding=false}
Encryption key source: default Gradle keystore (pkcs12)
Not watching P:\ANDROID\FastMediaSorter_mob_v2 since the file system is not supported
Reusing configuration cache.
Not watching P:\ANDROID\FastMediaSorter_mob_v2 since the file system is not supported
Watching the file system is configured to be enabled if available
File system watching is active
Using local directory build cache for the root build (location = C:\Users\serzh\.gradle\caches\build-cache-1, remove unused entries = after 7 days).
Tasks to be executed: [task ':app_v2:preBuild', task ':app_v2:preStandardDebugBuild', task ':app_v2:checkKotlinGradlePluginConfigurationErrors', task ':app_v2:dataBindingMergeDependencyArtifactsStandardDebug', task ':app_v2:generateStandardDebugResValues', task ':app_v2:generateStandardDebugResources', task ':app_v2:mergeStandardDebugResources', task ':app_v2:packageStandardDebugResources', task ':app_v2:processStandardDebugNavigationResources', task ':app_v2:parseStandardDebugLocalResources', task ':app_v2:dataBindingGenBaseClassesStandardDebug', task ':app_v2:generateSafeArgsStandardDebug', task ':app_v2:generateStandardDebugBuildConfig', task ':app_v2:generateStandardDebugRFile', task ':app_v2:kaptGenerateStubsStandardDebugKotlin', task ':app_v2:kaptStandardDebugKotlin', task ':app_v2:compileStandardDebugKotlin', task ':app_v2:javaPreCompileStandardDebug', task ':app_v2:compileStandardDebugJavaWithJavac', task ':app_v2:hiltAggregateDepsStandardDebug', task ':app_v2:hiltJavaCompileStandardDebug', task ':app_v2:checkStandardDebugAarMetadata', task ':app_v2:mapStandardDebugSourceSetPaths', task ':app_v2:compileStandardDebugNavigationResources', task ':app_v2:createStandardDebugCompatibleScreenManifests', task ':app_v2:extractDeepLinksStandardDebug', task ':app_v2:processStandardDebugMainManifest', task ':app_v2:processStandardDebugManifest', task ':app_v2:processStandardDebugManifestForPackage', task ':app_v2:processStandardDebugResources', task ':app_v2:transformStandardDebugClassesWithAsm', task ':app_v2:bundleStandardDebugClassesToRuntimeJar', task ':app_v2:generateStandardDebugAssets', task ':app_v2:mergeStandardDebugAssets', task ':app_v2:preStandardDebugUnitTestBuild', task ':app_v2:packageStandardDebugUnitTestForUnitTest', task ':app_v2:processStandardDebugUnitTestManifest', task ':app_v2:generateStandardDebugUnitTestConfig', task ':app_v2:processStandardDebugJavaRes', task ':app_v2:bundleStandardDebugClassesToCompileJar', task ':app_v2:kaptGenerateStubsStandardDebugUnitTestKotlin', task ':app_v2:kaptStandardDebugUnitTestKotlin', task ':app_v2:compileStandardDebugUnitTestKotlin', task ':app_v2:javaPreCompileStandardDebugUnitTest', task ':app_v2:compileStandardDebugUnitTestJavaWithJavac', task ':app_v2:hiltAggregateDepsStandardDebugUnitTest', task ':app_v2:hiltJavaCompileStandardDebugUnitTest', task ':app_v2:processStandardDebugUnitTestJavaRes', task ':app_v2:transformStandardDebugUnitTestClassesWithAsm', task ':app_v2:testStandardDebugUnitTest']
Tasks that were excluded: []
Resolve mutations for :app_v2:preBuild (Thread[#3395,Execution worker,5,main]) started.
Resolve mutations for :app_v2:checkKotlinGradlePluginConfigurationErrors (Thread[#3396,Execution worker Thread 2,5,main]) started.
Resolve mutations for :app_v2:generateStandardDebugAssets (Thread[#3397,Execution worker Thread 3,5,main]) started.
:app_v2:generateStandardDebugAssets (Thread[#3403,Execution worker Thread 9,5,main]) started.
:app_v2:preBuild (Thread[#3395,Execution worker,5,main]) started.
:app_v2:checkKotlinGradlePluginConfigurationErrors (Thread[#3408,Execution worker Thread 14,5,main]) started.

> Task :app_v2:checkKotlinGradlePluginConfigurationErrors SKIPPED
Skipping task ':app_v2:checkKotlinGradlePluginConfigurationErrors' as task onlyIf 'errorDiagnostics are present' is false.

> Task :app_v2:preBuild UP-TO-DATE
Skipping task ':app_v2:preBuild' as it has no actions.

> Task :app_v2:generateStandardDebugAssets UP-TO-DATE
Skipping task ':app_v2:generateStandardDebugAssets' as it has no actions.
Resolve mutations for :app_v2:preStandardDebugBuild (Thread[#3395,Execution worker,5,main]) started.
Resolve mutations for :app_v2:preStandardDebugUnitTestBuild (Thread[#3396,Execution worker Thread 2,5,main]) started.
Build 6153db7b-dfad-4386-aa55-b01b6e44ee74 is started
:app_v2:preStandardDebugBuild (Thread[#3395,Execution worker,5,main]) started.

> Task :app_v2:preStandardDebugBuild UP-TO-DATE
Skipping task ':app_v2:preStandardDebugBuild' as it has no actions.
Resolve mutations for :app_v2:dataBindingMergeDependencyArtifactsStandardDebug (Thread[#3395,Execution worker,5,main]) started.
Resolve mutations for :app_v2:generateStandardDebugResValues (Thread[#3396,Execution worker Thread 2,5,main]) started.
Resolve mutations for :app_v2:processStandardDebugNavigationResources (Thread[#3403,Execution worker Thread 9,5,main]) started.
:app_v2:dataBindingMergeDependencyArtifactsStandardDebug (Thread[#3395,Execution worker,5,main]) started.
:app_v2:generateStandardDebugResValues (Thread[#3396,Execution worker Thread 2,5,main]) started.
Resolve mutations for :app_v2:generateStandardDebugBuildConfig (Thread[#3412,Execution worker Thread 18,5,main]) started.
:app_v2:processStandardDebugNavigationResources (Thread[#3403,Execution worker Thread 9,5,main]) started.
Resolve mutations for :app_v2:javaPreCompileStandardDebug (Thread[#3407,Execution worker Thread 13,5,main]) started.
Resolve mutations for :app_v2:checkStandardDebugAarMetadata (Thread[#3404,Execution worker Thread 10,5,main]) started.
:app_v2:generateStandardDebugBuildConfig (Thread[#3412,Execution worker Thread 18,5,main]) started.
Resolve mutations for :app_v2:createStandardDebugCompatibleScreenManifests (Thread[#3406,Execution worker Thread 12,5,main]) started.
:app_v2:preStandardDebugUnitTestBuild (Thread[#3399,Execution worker Thread 5,5,main]) started.
:app_v2:javaPreCompileStandardDebug (Thread[#3407,Execution worker Thread 13,5,main]) started.
Resolve mutations for :app_v2:mergeStandardDebugAssets (Thread[#3405,Execution worker Thread 11,5,main]) started.
:app_v2:createStandardDebugCompatibleScreenManifests (Thread[#3409,Execution worker Thread 15,5,main]) started.
:app_v2:mergeStandardDebugAssets (Thread[#3405,Execution worker Thread 11,5,main]) started.

> Task :app_v2:preStandardDebugUnitTestBuild UP-TO-DATE
Skipping task ':app_v2:preStandardDebugUnitTestBuild' as it has no actions.
Resolve mutations for :app_v2:javaPreCompileStandardDebugUnitTest (Thread[#3399,Execution worker Thread 5,5,main]) started.
:app_v2:javaPreCompileStandardDebugUnitTest (Thread[#3399,Execution worker Thread 5,5,main]) started.

> Task :app_v2:createStandardDebugCompatibleScreenManifests UP-TO-DATE
Caching disabled for task ':app_v2:createStandardDebugCompatibleScreenManifests' because:
  Caching has been disabled for the task
Skipping task ':app_v2:createStandardDebugCompatibleScreenManifests' as it is up-to-date.

> Task :app_v2:generateStandardDebugResValues UP-TO-DATE
Build cache key for task ':app_v2:generateStandardDebugResValues' is 55a7aa295d76109a0be5315fefb2c044
Skipping task ':app_v2:generateStandardDebugResValues' as it is up-to-date.

> Task :app_v2:generateStandardDebugBuildConfig UP-TO-DATE
Build cache key for task ':app_v2:generateStandardDebugBuildConfig' is bcc1e6ccbd01e00829bfc5d7c1c3bfda
Skipping task ':app_v2:generateStandardDebugBuildConfig' as it is up-to-date.
:app_v2:checkStandardDebugAarMetadata (Thread[#3404,Execution worker Thread 10,5,main]) started.

> Task :app_v2:javaPreCompileStandardDebug UP-TO-DATE
Build cache key for task ':app_v2:javaPreCompileStandardDebug' is fc6873476987c30d0bf6569f251eeaf4
Skipping task ':app_v2:javaPreCompileStandardDebug' as it is up-to-date.

> Task :app_v2:javaPreCompileStandardDebugUnitTest UP-TO-DATE
Build cache key for task ':app_v2:javaPreCompileStandardDebugUnitTest' is fc6873476987c30d0bf6569f251eeaf4
Skipping task ':app_v2:javaPreCompileStandardDebugUnitTest' as it is up-to-date.
Resolve mutations for :app_v2:generateStandardDebugResources (Thread[#3409,Execution worker Thread 15,5,main]) started.
Resolve mutations for :app_v2:generateSafeArgsStandardDebug (Thread[#3411,Execution worker Thread 17,5,main]) started.
Resolve mutations for :app_v2:extractDeepLinksStandardDebug (Thread[#3400,Execution worker Thread 6,5,main]) started.
Resolve mutations for :app_v2:mapStandardDebugSourceSetPaths (Thread[#3413,Execution worker Thread 19,5,main]) started.
:app_v2:generateSafeArgsStandardDebug (Thread[#3407,Execution worker Thread 13,5,main]) started.
:app_v2:extractDeepLinksStandardDebug (Thread[#3400,Execution worker Thread 6,5,main]) started.
:app_v2:mapStandardDebugSourceSetPaths (Thread[#3413,Execution worker Thread 19,5,main]) started.
:app_v2:generateStandardDebugResources (Thread[#3409,Execution worker Thread 15,5,main]) started.

> Task :app_v2:generateSafeArgsStandardDebug UP-TO-DATE
Build cache key for task ':app_v2:generateSafeArgsStandardDebug' is a3a2c3d66de3d64b58aeff13aeba601e
Skipping task ':app_v2:generateSafeArgsStandardDebug' as it is up-to-date.

> Task :app_v2:extractDeepLinksStandardDebug UP-TO-DATE
Build cache key for task ':app_v2:extractDeepLinksStandardDebug' is 72dcef8972421106e9766ff1b11b6fa8
Skipping task ':app_v2:extractDeepLinksStandardDebug' as it is up-to-date.
Resolve mutations for :app_v2:processStandardDebugMainManifest (Thread[#3400,Execution worker Thread 6,5,main]) started.
work action resolve navigation.json (project :app_v2) (Thread[#3411,Execution worker Thread 17,5,main]) started.
:app_v2:processStandardDebugMainManifest (Thread[#3400,Execution worker Thread 6,5,main]) started.

> Task :app_v2:generateStandardDebugResources UP-TO-DATE
Build cache key for task ':app_v2:generateStandardDebugResources' is 27777b35a2af26fad3927ff9917a797e
Skipping task ':app_v2:generateStandardDebugResources' as it is up-to-date.

> Task :app_v2:mapStandardDebugSourceSetPaths UP-TO-DATE
Caching disabled for task ':app_v2:mapStandardDebugSourceSetPaths' because:
  Caching has been disabled for the task
Skipping task ':app_v2:mapStandardDebugSourceSetPaths' as it is up-to-date.
Resolve mutations for :app_v2:mergeStandardDebugResources (Thread[#3409,Execution worker Thread 15,5,main]) started.

> Task :app_v2:mergeStandardDebugAssets UP-TO-DATE
Caching disabled for task ':app_v2:mergeStandardDebugAssets' because:
  Simple merging task
Skipping task ':app_v2:mergeStandardDebugAssets' as it is up-to-date.
Resolve mutations for :app_v2:packageStandardDebugResources (Thread[#3410,Execution worker Thread 16,5,main]) started.
:app_v2:mergeStandardDebugResources (Thread[#3394,included builds,5,main]) started.
:app_v2:packageStandardDebugResources (Thread[#3410,Execution worker Thread 16,5,main]) started.

> Task :app_v2:dataBindingMergeDependencyArtifactsStandardDebug UP-TO-DATE
Caching disabled for task ':app_v2:dataBindingMergeDependencyArtifactsStandardDebug' because:
  Caching has been disabled for the task
Skipping task ':app_v2:dataBindingMergeDependencyArtifactsStandardDebug' as it is up-to-date.

> Task :app_v2:checkStandardDebugAarMetadata UP-TO-DATE
Caching disabled for task ':app_v2:checkStandardDebugAarMetadata' because:
  Caching has been disabled for the task
Skipping task ':app_v2:checkStandardDebugAarMetadata' as it is up-to-date.

> Task :app_v2:processStandardDebugNavigationResources UP-TO-DATE
Build cache key for task ':app_v2:processStandardDebugNavigationResources' is 4ce08c742eafcfa429dabc88aeaec5c6
Skipping task ':app_v2:processStandardDebugNavigationResources' as it is up-to-date.
Resolve mutations for :app_v2:compileStandardDebugNavigationResources (Thread[#3403,Execution worker Thread 9,5,main]) started.
:app_v2:compileStandardDebugNavigationResources (Thread[#3403,Execution worker Thread 9,5,main]) started.

> Task :app_v2:packageStandardDebugResources UP-TO-DATE
Build cache key for task ':app_v2:packageStandardDebugResources' is 5b7126bfd641ac138ff6972bae79530d
Skipping task ':app_v2:packageStandardDebugResources' as it is up-to-date.

> Task :app_v2:compileStandardDebugNavigationResources UP-TO-DATE
Build cache key for task ':app_v2:compileStandardDebugNavigationResources' is 7a119299d14d0f058cd64c74f096b7f4
Skipping task ':app_v2:compileStandardDebugNavigationResources' as it is up-to-date.
Resolve mutations for :app_v2:parseStandardDebugLocalResources (Thread[#3410,Execution worker Thread 16,5,main]) started.
:app_v2:parseStandardDebugLocalResources (Thread[#3410,Execution worker Thread 16,5,main]) started.

> Task :app_v2:processStandardDebugMainManifest UP-TO-DATE
Build cache key for task ':app_v2:processStandardDebugMainManifest' is a9ddc2872d7d3e70d3cfd75dd255fe49
Skipping task ':app_v2:processStandardDebugMainManifest' as it is up-to-date.
Resolve mutations for :app_v2:processStandardDebugManifest (Thread[#3400,Execution worker Thread 6,5,main]) started.
Resolve mutations for :app_v2:processStandardDebugUnitTestManifest (Thread[#3403,Execution worker Thread 9,5,main]) started.

> Task :app_v2:parseStandardDebugLocalResources UP-TO-DATE
Build cache key for task ':app_v2:parseStandardDebugLocalResources' is 5aba567adc0440fd204495cb1b53cbd3
Skipping task ':app_v2:parseStandardDebugLocalResources' as it is up-to-date.
:app_v2:processStandardDebugManifest (Thread[#3400,Execution worker Thread 6,5,main]) started.
:app_v2:processStandardDebugUnitTestManifest (Thread[#3403,Execution worker Thread 9,5,main]) started.
Resolve mutations for :app_v2:generateStandardDebugRFile (Thread[#3410,Execution worker Thread 16,5,main]) started.
:app_v2:generateStandardDebugRFile (Thread[#3410,Execution worker Thread 16,5,main]) started.

> Task :app_v2:processStandardDebugManifest UP-TO-DATE
Build cache key for task ':app_v2:processStandardDebugManifest' is 1716254e75b1c3e00a8cf103725ca1d2
Skipping task ':app_v2:processStandardDebugManifest' as it is up-to-date.
Resolve mutations for :app_v2:processStandardDebugManifestForPackage (Thread[#3400,Execution worker Thread 6,5,main]) started.
:app_v2:processStandardDebugManifestForPackage (Thread[#3400,Execution worker Thread 6,5,main]) started.

> Task :app_v2:generateStandardDebugRFile UP-TO-DATE
Build cache key for task ':app_v2:generateStandardDebugRFile' is e8666840fa2d0f283cb136872dae8a51
Skipping task ':app_v2:generateStandardDebugRFile' as it is up-to-date.

> Task :app_v2:processStandardDebugManifestForPackage UP-TO-DATE
Build cache key for task ':app_v2:processStandardDebugManifestForPackage' is 127f8418a2f59b17b3000187ef1589cf
Skipping task ':app_v2:processStandardDebugManifestForPackage' as it is up-to-date.

> Task :app_v2:processStandardDebugUnitTestManifest UP-TO-DATE
Caching disabled for task ':app_v2:processStandardDebugUnitTestManifest' because:
  Caching has been disabled for the task
Skipping task ':app_v2:processStandardDebugUnitTestManifest' as it is up-to-date.

> Task :app_v2:mergeStandardDebugResources UP-TO-DATE
Build cache key for task ':app_v2:mergeStandardDebugResources' is 6a8ac5f98c602d357432d6f294a5befa
Skipping task ':app_v2:mergeStandardDebugResources' as it is up-to-date.
Resolve mutations for :app_v2:dataBindingGenBaseClassesStandardDebug (Thread[#3394,included builds,5,main]) started.
Resolve mutations for :app_v2:processStandardDebugResources (Thread[#3412,Execution worker Thread 18,5,main]) started.
:app_v2:dataBindingGenBaseClassesStandardDebug (Thread[#3394,included builds,5,main]) started.
:app_v2:processStandardDebugResources (Thread[#3412,Execution worker Thread 18,5,main]) started.

> Task :app_v2:dataBindingGenBaseClassesStandardDebug UP-TO-DATE
Build cache key for task ':app_v2:dataBindingGenBaseClassesStandardDebug' is ed9d35e2964026919b94dd7bbce820c9
Skipping task ':app_v2:dataBindingGenBaseClassesStandardDebug' as it is up-to-date.
Resolve mutations for :app_v2:kaptGenerateStubsStandardDebugKotlin (Thread[#3413,Execution worker Thread 19,5,main]) started.
:app_v2:kaptGenerateStubsStandardDebugKotlin (Thread[#3413,Execution worker Thread 19,5,main]) started.

> Task :app_v2:processStandardDebugResources UP-TO-DATE
Build cache key for task ':app_v2:processStandardDebugResources' is af0ce4d2b2776e660891643c49606baa
Skipping task ':app_v2:processStandardDebugResources' as it is up-to-date.
Resolve mutations for :app_v2:packageStandardDebugUnitTestForUnitTest (Thread[#3412,Execution worker Thread 18,5,main]) started.
:app_v2:packageStandardDebugUnitTestForUnitTest (Thread[#3396,Execution worker Thread 2,5,main]) started.

> Task :app_v2:packageStandardDebugUnitTestForUnitTest UP-TO-DATE
Caching disabled for task ':app_v2:packageStandardDebugUnitTestForUnitTest' because:
  Simple merging task
Skipping task ':app_v2:packageStandardDebugUnitTestForUnitTest' as it is up-to-date.
Resolve mutations for :app_v2:generateStandardDebugUnitTestConfig (Thread[#3396,Execution worker Thread 2,5,main]) started.
:app_v2:generateStandardDebugUnitTestConfig (Thread[#3396,Execution worker Thread 2,5,main]) started.

> Task :app_v2:generateStandardDebugUnitTestConfig UP-TO-DATE
Caching disabled for task ':app_v2:generateStandardDebugUnitTestConfig' because:
  Caching has been disabled for the task
Skipping task ':app_v2:generateStandardDebugUnitTestConfig' as it is up-to-date.

> Task :app_v2:kaptGenerateStubsStandardDebugKotlin UP-TO-DATE
Build cache key for task ':app_v2:kaptGenerateStubsStandardDebugKotlin' is 65a64c0d4cea0d4c6cef5bc64ea4737e
Skipping task ':app_v2:kaptGenerateStubsStandardDebugKotlin' as it is up-to-date.
Resolve mutations for :app_v2:kaptStandardDebugKotlin (Thread[#3413,Execution worker Thread 19,5,main]) started.
:app_v2:kaptStandardDebugKotlin (Thread[#3413,Execution worker Thread 19,5,main]) started.

> Task :app_v2:kaptStandardDebugKotlin UP-TO-DATE
file or directory 'P:\ANDROID\FastMediaSorter_mob_v2\app_v2\src\standardDebug\kotlin', not found
file or directory 'P:\ANDROID\FastMediaSorter_mob_v2\app_v2\src\standardDebug\java', not found
file or directory 'P:\ANDROID\FastMediaSorter_mob_v2\app_v2\src\standardDebug\kotlin', not found
file or directory 'P:\ANDROID\FastMediaSorter_mob_v2\app_v2\src\standardDebug\java', not found
file or directory 'P:\ANDROID\FastMediaSorter_mob_v2\app_v2\src\standardDebug\kotlin', not found
file or directory 'P:\ANDROID\FastMediaSorter_mob_v2\app_v2\src\standardDebug\java', not found
file or directory 'P:\ANDROID\FastMediaSorter_mob_v2\app_v2\src\main\kotlin', not found
file or directory 'P:\ANDROID\FastMediaSorter_mob_v2\app_v2\src\main\kotlin', not found
file or directory 'P:\ANDROID\FastMediaSorter_mob_v2\app_v2\src\main\kotlin', not found
file or directory 'P:\ANDROID\FastMediaSorter_mob_v2\app_v2\src\standard\kotlin', not found
file or directory 'P:\ANDROID\FastMediaSorter_mob_v2\app_v2\src\standard\java', not found
file or directory 'P:\ANDROID\FastMediaSorter_mob_v2\app_v2\src\standard\kotlin', not found
file or directory 'P:\ANDROID\FastMediaSorter_mob_v2\app_v2\src\standard\java', not found
file or directory 'P:\ANDROID\FastMediaSorter_mob_v2\app_v2\src\standard\kotlin', not found
file or directory 'P:\ANDROID\FastMediaSorter_mob_v2\app_v2\src\standard\java', not found
file or directory 'P:\ANDROID\FastMediaSorter_mob_v2\app_v2\src\debug\kotlin', not found
file or directory 'P:\ANDROID\FastMediaSorter_mob_v2\app_v2\src\debug\kotlin', not found
file or directory 'P:\ANDROID\FastMediaSorter_mob_v2\app_v2\src\debug\kotlin', not found
file or directory 'P:\ANDROID\FastMediaSorter_mob_v2\app_v2\src\standard\java', not found
file or directory 'P:\ANDROID\FastMediaSorter_mob_v2\app_v2\src\standardDebug\java', not found
file or directory 'P:\ANDROID\FastMediaSorter_mob_v2\app_v2\src\main\kotlin', not found
file or directory 'P:\ANDROID\FastMediaSorter_mob_v2\app_v2\src\standard\kotlin', not found
file or directory 'P:\ANDROID\FastMediaSorter_mob_v2\app_v2\src\debug\kotlin', not found
file or directory 'P:\ANDROID\FastMediaSorter_mob_v2\app_v2\src\standardDebug\kotlin', not found
Build cache key for task ':app_v2:kaptStandardDebugKotlin' is 6dd674429c411ac07a5fa490514d85ce
Skipping task ':app_v2:kaptStandardDebugKotlin' as it is up-to-date.
Resolve mutations for :app_v2:compileStandardDebugKotlin (Thread[#3413,Execution worker Thread 19,5,main]) started.
:app_v2:compileStandardDebugKotlin (Thread[#3413,Execution worker Thread 19,5,main]) started.

> Task :app_v2:compileStandardDebugKotlin
Build cache key for task ':app_v2:compileStandardDebugKotlin' is 3c749652bab126dd68e1ad1786288806
Task ':app_v2:compileStandardDebugKotlin' is not up-to-date because:
  Task has failed previously.
The input changes require a full rebuild for incremental task ':app_v2:compileStandardDebugKotlin'.
file or directory 'P:\ANDROID\FastMediaSorter_mob_v2\app_v2\src\standardDebug\kotlin', not found
file or directory 'P:\ANDROID\FastMediaSorter_mob_v2\app_v2\src\standardDebug\java', not found
file or directory 'P:\ANDROID\FastMediaSorter_mob_v2\app_v2\src\standardDebug\kotlin', not found
file or directory 'P:\ANDROID\FastMediaSorter_mob_v2\app_v2\src\standardDebug\java', not found
file or directory 'P:\ANDROID\FastMediaSorter_mob_v2\app_v2\src\standardDebug\kotlin', not found
file or directory 'P:\ANDROID\FastMediaSorter_mob_v2\app_v2\src\standardDebug\java', not found
file or directory 'P:\ANDROID\FastMediaSorter_mob_v2\app_v2\src\main\kotlin', not found
file or directory 'P:\ANDROID\FastMediaSorter_mob_v2\app_v2\src\main\kotlin', not found
file or directory 'P:\ANDROID\FastMediaSorter_mob_v2\app_v2\src\main\kotlin', not found
file or directory 'P:\ANDROID\FastMediaSorter_mob_v2\app_v2\src\standard\kotlin', not found
file or directory 'P:\ANDROID\FastMediaSorter_mob_v2\app_v2\src\standard\java', not found
file or directory 'P:\ANDROID\FastMediaSorter_mob_v2\app_v2\src\standard\kotlin', not found
file or directory 'P:\ANDROID\FastMediaSorter_mob_v2\app_v2\src\standard\java', not found
file or directory 'P:\ANDROID\FastMediaSorter_mob_v2\app_v2\src\standard\kotlin', not found
file or directory 'P:\ANDROID\FastMediaSorter_mob_v2\app_v2\src\standard\java', not found
file or directory 'P:\ANDROID\FastMediaSorter_mob_v2\app_v2\src\debug\kotlin', not found
file or directory 'P:\ANDROID\FastMediaSorter_mob_v2\app_v2\src\debug\kotlin', not found
file or directory 'P:\ANDROID\FastMediaSorter_mob_v2\app_v2\src\debug\kotlin', not found
file or directory 'P:\ANDROID\FastMediaSorter_mob_v2\app_v2\src\standard\java', not found
file or directory 'P:\ANDROID\FastMediaSorter_mob_v2\app_v2\src\standardDebug\java', not found
file or directory 'P:\ANDROID\FastMediaSorter_mob_v2\app_v2\src\main\kotlin', not found
file or directory 'P:\ANDROID\FastMediaSorter_mob_v2\app_v2\src\standard\kotlin', not found
file or directory 'P:\ANDROID\FastMediaSorter_mob_v2\app_v2\src\debug\kotlin', not found
file or directory 'P:\ANDROID\FastMediaSorter_mob_v2\app_v2\src\standardDebug\kotlin', not found
file or directory 'P:\ANDROID\FastMediaSorter_mob_v2\app_v2\src\standardDebug\kotlin', not found
file or directory 'P:\ANDROID\FastMediaSorter_mob_v2\app_v2\src\standardDebug\java', not found
file or directory 'P:\ANDROID\FastMediaSorter_mob_v2\app_v2\src\standardDebug\kotlin', not found
file or directory 'P:\ANDROID\FastMediaSorter_mob_v2\app_v2\src\standardDebug\java', not found
file or directory 'P:\ANDROID\FastMediaSorter_mob_v2\app_v2\src\standardDebug\kotlin', not found
file or directory 'P:\ANDROID\FastMediaSorter_mob_v2\app_v2\src\standardDebug\java', not found
file or directory 'P:\ANDROID\FastMediaSorter_mob_v2\app_v2\src\main\kotlin', not found
file or directory 'P:\ANDROID\FastMediaSorter_mob_v2\app_v2\src\standardDebug\kotlin', not found
file or directory 'P:\ANDROID\FastMediaSorter_mob_v2\app_v2\src\standardDebug\java', not found
file or directory 'P:\ANDROID\FastMediaSorter_mob_v2\app_v2\src\standardDebug\kotlin', not found
file or directory 'P:\ANDROID\FastMediaSorter_mob_v2\app_v2\src\standardDebug\java', not found
file or directory 'P:\ANDROID\FastMediaSorter_mob_v2\app_v2\src\standardDebug\kotlin', not found
file or directory 'P:\ANDROID\FastMediaSorter_mob_v2\app_v2\src\standardDebug\java', not found
file or directory 'P:\ANDROID\FastMediaSorter_mob_v2\app_v2\src\main\kotlin', not found
file or directory 'P:\ANDROID\FastMediaSorter_mob_v2\app_v2\src\main\kotlin', not found
file or directory 'P:\ANDROID\FastMediaSorter_mob_v2\app_v2\src\main\kotlin', not found
file or directory 'P:\ANDROID\FastMediaSorter_mob_v2\app_v2\src\standard\kotlin', not found
file or directory 'P:\ANDROID\FastMediaSorter_mob_v2\app_v2\src\standard\java', not found
file or directory 'P:\ANDROID\FastMediaSorter_mob_v2\app_v2\src\standard\kotlin', not found
file or directory 'P:\ANDROID\FastMediaSorter_mob_v2\app_v2\src\standard\java', not found
file or directory 'P:\ANDROID\FastMediaSorter_mob_v2\app_v2\src\standard\kotlin', not found
file or directory 'P:\ANDROID\FastMediaSorter_mob_v2\app_v2\src\standard\java', not found
file or directory 'P:\ANDROID\FastMediaSorter_mob_v2\app_v2\src\debug\kotlin', not found
file or directory 'P:\ANDROID\FastMediaSorter_mob_v2\app_v2\src\debug\kotlin', not found
file or directory 'P:\ANDROID\FastMediaSorter_mob_v2\app_v2\src\debug\kotlin', not found
file or directory 'P:\ANDROID\FastMediaSorter_mob_v2\app_v2\src\standard\java', not found
file or directory 'P:\ANDROID\FastMediaSorter_mob_v2\app_v2\src\standardDebug\java', not found
file or directory 'P:\ANDROID\FastMediaSorter_mob_v2\app_v2\src\main\kotlin', not found
file or directory 'P:\ANDROID\FastMediaSorter_mob_v2\app_v2\src\standard\kotlin', not found
file or directory 'P:\ANDROID\FastMediaSorter_mob_v2\app_v2\src\debug\kotlin', not found
file or directory 'P:\ANDROID\FastMediaSorter_mob_v2\app_v2\src\standardDebug\kotlin', not found
file or directory 'P:\ANDROID\FastMediaSorter_mob_v2\app_v2\src\standardDebug\kotlin', not found
file or directory 'P:\ANDROID\FastMediaSorter_mob_v2\app_v2\src\standardDebug\java', not found
file or directory 'P:\ANDROID\FastMediaSorter_mob_v2\app_v2\src\standardDebug\kotlin', not found
file or directory 'P:\ANDROID\FastMediaSorter_mob_v2\app_v2\src\standardDebug\java', not found
file or directory 'P:\ANDROID\FastMediaSorter_mob_v2\app_v2\src\standardDebug\kotlin', not found
file or directory 'P:\ANDROID\FastMediaSorter_mob_v2\app_v2\src\standardDebug\java', not found
file or directory 'P:\ANDROID\FastMediaSorter_mob_v2\app_v2\src\main\kotlin', not found
file or directory 'P:\ANDROID\FastMediaSorter_mob_v2\app_v2\src\main\kotlin', not found
file or directory 'P:\ANDROID\FastMediaSorter_mob_v2\app_v2\src\main\kotlin', not found
file or directory 'P:\ANDROID\FastMediaSorter_mob_v2\app_v2\src\standard\kotlin', not found
file or directory 'P:\ANDROID\FastMediaSorter_mob_v2\app_v2\src\standard\java', not found
file or directory 'P:\ANDROID\FastMediaSorter_mob_v2\app_v2\src\standard\kotlin', not found
file or directory 'P:\ANDROID\FastMediaSorter_mob_v2\app_v2\src\standard\java', not found
file or directory 'P:\ANDROID\FastMediaSorter_mob_v2\app_v2\src\standard\kotlin', not found
file or directory 'P:\ANDROID\FastMediaSorter_mob_v2\app_v2\src\standard\java', not found
file or directory 'P:\ANDROID\FastMediaSorter_mob_v2\app_v2\src\debug\kotlin', not found
file or directory 'P:\ANDROID\FastMediaSorter_mob_v2\app_v2\src\debug\kotlin', not found
file or directory 'P:\ANDROID\FastMediaSorter_mob_v2\app_v2\src\debug\kotlin', not found
file or directory 'P:\ANDROID\FastMediaSorter_mob_v2\app_v2\src\standard\java', not found
file or directory 'P:\ANDROID\FastMediaSorter_mob_v2\app_v2\src\standardDebug\java', not found
file or directory 'P:\ANDROID\FastMediaSorter_mob_v2\app_v2\src\main\kotlin', not found
file or directory 'P:\ANDROID\FastMediaSorter_mob_v2\app_v2\src\standard\kotlin', not found
file or directory 'P:\ANDROID\FastMediaSorter_mob_v2\app_v2\src\debug\kotlin', not found
file or directory 'P:\ANDROID\FastMediaSorter_mob_v2\app_v2\src\standardDebug\kotlin', not found
file or directory 'P:\ANDROID\FastMediaSorter_mob_v2\app_v2\src\standardDebug\kotlin', not found
file or directory 'P:\ANDROID\FastMediaSorter_mob_v2\app_v2\src\standardDebug\java', not found
file or directory 'P:\ANDROID\FastMediaSorter_mob_v2\app_v2\src\standardDebug\kotlin', not found
file or directory 'P:\ANDROID\FastMediaSorter_mob_v2\app_v2\src\standardDebug\java', not found
file or directory 'P:\ANDROID\FastMediaSorter_mob_v2\app_v2\src\standardDebug\kotlin', not found
file or directory 'P:\ANDROID\FastMediaSorter_mob_v2\app_v2\src\standardDebug\java', not found
file or directory 'P:\ANDROID\FastMediaSorter_mob_v2\app_v2\src\main\kotlin', not found
file or directory 'P:\ANDROID\FastMediaSorter_mob_v2\app_v2\src\main\kotlin', not found
file or directory 'P:\ANDROID\FastMediaSorter_mob_v2\app_v2\src\main\kotlin', not found
file or directory 'P:\ANDROID\FastMediaSorter_mob_v2\app_v2\src\standard\kotlin', not found
file or directory 'P:\ANDROID\FastMediaSorter_mob_v2\app_v2\src\standard\java', not found
file or directory 'P:\ANDROID\FastMediaSorter_mob_v2\app_v2\src\standard\kotlin', not found
file or directory 'P:\ANDROID\FastMediaSorter_mob_v2\app_v2\src\standard\java', not found
file or directory 'P:\ANDROID\FastMediaSorter_mob_v2\app_v2\src\standard\kotlin', not found
file or directory 'P:\ANDROID\FastMediaSorter_mob_v2\app_v2\src\standard\java', not found
file or directory 'P:\ANDROID\FastMediaSorter_mob_v2\app_v2\src\debug\kotlin', not found
file or directory 'P:\ANDROID\FastMediaSorter_mob_v2\app_v2\src\debug\kotlin', not found
file or directory 'P:\ANDROID\FastMediaSorter_mob_v2\app_v2\src\debug\kotlin', not found
file or directory 'P:\ANDROID\FastMediaSorter_mob_v2\app_v2\src\standard\java', not found
file or directory 'P:\ANDROID\FastMediaSorter_mob_v2\app_v2\src\standardDebug\java', not found
file or directory 'P:\ANDROID\FastMediaSorter_mob_v2\app_v2\src\main\kotlin', not found
file or directory 'P:\ANDROID\FastMediaSorter_mob_v2\app_v2\src\standard\kotlin', not found
file or directory 'P:\ANDROID\FastMediaSorter_mob_v2\app_v2\src\debug\kotlin', not found
file or directory 'P:\ANDROID\FastMediaSorter_mob_v2\app_v2\src\standardDebug\kotlin', not found
Kotlin source files: P:\ANDROID\FastMediaSorter_mob_v2\app_v2\src\main\java\com\sza\fastmediasorter\core\cache\MediaFilesCacheManager.kt, P:\ANDROID\FastMediaSorter_mob_v2\app_v2\src\main\java\com\sza\fastmediasorter\core\cache\TranslationCacheManager.kt, P:\ANDROID\FastMediaSorter_mob_v2\app_v2\src\main\java\com\sza\fastmediasorter\core\cache\UnifiedFileCache.kt, P:\ANDROID\FastMediaSorter_mob_v2\app_v2\src\main\java\com\sza\fastmediasorter\core\constants\AppConstants.kt, P:\ANDROID\FastMediaSorter_mob_v2\app_v2\src\main\java\com\sza\fastmediasorter\core\debug\DebugToolsBridge.kt, P:\ANDROID\FastMediaSorter_mob_v2\app_v2\src\main\java\com\sza\fastmediasorter\core\debug\StrictModeHelper.kt, P:\ANDROID\FastMediaSorter_mob_v2\app_v2\src\main\java\com\sza\fastmediasorter\core\di\AppModule.kt, P:\ANDROID\FastMediaSorter_mob_v2\app_v2\src\main\java\com\sza\fastmediasorter\core\di\DatabaseModule.kt, P:\ANDROID\FastMediaSorter_mob_v2\app_v2\src\main\java\com\sza\fastmediasorter\core\di\RepositoryModule.kt, P:\ANDROID\FastMediaSorter_mob_v2\app_v2\src\main\java\com\sza\fastmediasorter\core\init\AppStartupInitializer.kt, P:\ANDROID\FastMediaSorter_mob_v2\app_v2\src\main\java\com\sza\fastmediasorter\core\logging\CorrelationContext.kt, P:\ANDROID\FastMediaSorter_mob_v2\app_v2\src\main\java\com\sza\fastmediasorter\core\logging\LogExportHelper.kt, P:\ANDROID\FastMediaSorter_mob_v2\app_v2\src\main\java\com\sza\fastmediasorter\core\logging\LoggingHelper.kt, P:\ANDROID\FastMediaSorter_mob_v2\app_v2\src\main\java\com\sza\fastmediasorter\core\logging\StructuredLogger.kt, P:\ANDROID\FastMediaSorter_mob_v2\app_v2\src\main\java\com\sza\fastmediasorter\core\metrics\KpiAlertChecker.kt, P:\ANDROID\FastMediaSorter_mob_v2\app_v2\src\main\java\com\sza\fastmediasorter\core\metrics\MetricsExporter.kt, P:\ANDROID\FastMediaSorter_mob_v2\app_v2\src\main\java\com\sza\fastmediasorter\core\metrics\OperationMetricsRecorder.kt, P:\ANDROID\FastMediaSorter_mob_v2\app_v2\src\main\java\com\sza\fastmediasorter\core\metrics\ScanMetricsRecorder.kt, P:\ANDROID\FastMediaSorter_mob_v2\app_v2\src\main\java\com\sza\fastmediasorter\core\network\NetworkContextAnalyzer.kt, P:\ANDROID\FastMediaSorter_mob_v2\app_v2\src\main\java\com\sza\fastmediasorter\core\network\NetworkStateMonitor.kt, P:\ANDROID\FastMediaSorter_mob_v2\app_v2\src\main\java\com\sza\fastmediasorter\core\security\SecretMasker.kt, P:\ANDROID\FastMediaSorter_mob_v2\app_v2\src\main\java\com\sza\fastmediasorter\core\ui\BaseActivity.kt, P:\ANDROID\FastMediaSorter_mob_v2\app_v2\src\main\java\com\sza\fastmediasorter\core\ui\BaseFragment.kt, P:\ANDROID\FastMediaSorter_mob_v2\app_v2\src\main\java\com\sza\fastmediasorter\core\ui\BaseViewModel.kt, P:\ANDROID\FastMediaSorter_mob_v2\app_v2\src\main\java\com\sza\fastmediasorter\core\ui\UiEvent.kt, P:\ANDROID\FastMediaSorter_mob_v2\app_v2\src\main\java\com\sza\fastmediasorter\core\util\AudioMetadataLoader.kt, P:\ANDROID\FastMediaSorter_mob_v2\app_v2\src\main\java\com\sza\fastmediasorter\core\util\CachedMediaMetadataExtractor.kt, P:\ANDROID\FastMediaSorter_mob_v2\app_v2\src\main\java\com\sza\fastmediasorter\core\util\CacheStatusHelper.kt, P:\ANDROID\FastMediaSorter_mob_v2\app_v2\src\main\java\com\sza\fastmediasorter\core\util\ColorPalette.kt, P:\ANDROID\FastMediaSorter_mob_v2\app_v2\src\main\java\com\sza\fastmediasorter\core\util\DestinationColors.kt, P:\ANDROID\FastMediaSorter_mob_v2\app_v2\src\main\java\com\sza\fastmediasorter\core\util\DocumentMetadataExtractor.kt, P:\ANDROID\FastMediaSorter_mob_v2\app_v2\src\main\java\com\sza\fastmediasorter\core\util\FileOperationErrorFormatter.kt, P:\ANDROID\FastMediaSorter_mob_v2\app_v2\src\main\java\com\sza\fastmediasorter\core\util\FileSize.kt, P:\ANDROID\FastMediaSorter_mob_v2\app_v2\src\main\java\com\sza\fastmediasorter\core\util\GifFrameCounter.kt, P:\ANDROID\FastMediaSorter_mob_v2\app_v2\src\main\java\com\sza\fastmediasorter\core\util\InputStreamExt.kt, P:\ANDROID\FastMediaSorter_mob_v2\app_v2\src\main\java\com\sza\fastmediasorter\core\util\LocaleHelper.kt, P:\ANDROID\FastMediaSorter_mob_v2\app_v2\src\main\java\com\sza\fastmediasorter\core\util\MediaFormatUtils.kt, P:\ANDROID\FastMediaSorter_mob_v2\app_v2\src\main\java\com\sza\fastmediasorter\core\util\MediaMetadataHelper.kt, P:\ANDROID\FastMediaSorter_mob_v2\app_v2\src\main\java\com\sza\fastmediasorter\core\util\MemoryTier.kt, P:\ANDROID\FastMediaSorter_mob_v2\app_v2\src\main\java\com\sza\fastmediasorter\core\util\NetworkFileDownloader.kt, P:\ANDROID\FastMediaSorter_mob_v2\app_v2\src\main\java\com\sza\fastmediasorter\core\util\PathUtils.kt, P:\ANDROID\FastMediaSorter_mob_v2\app_v2\src\main\java\com\sza\fastmediasorter\core\util\PermissionHelper.kt, P:\ANDROID\FastMediaSorter_mob_v2\app_v2\src\main\java\com\sza\fastmediasorter\core\util\SafUriExtractor.kt, P:\ANDROID\FastMediaSorter_mob_v2\app_v2\src\main\java\com\sza\fastmediasorter\data\cloud\CloudAuthenticationHelper.kt, P:\ANDROID\FastMediaSorter_mob_v2\app_v2\src\main\java\com\sza\fastmediasorter\data\cloud\CloudAuthStateMachine.kt, P:\ANDROID\FastMediaSorter_mob_v2\app_v2\src\main\java\com\sza\fastmediasorter\data\cloud\CloudFileOperationHandler.kt, P:\ANDROID\FastMediaSorter_mob_v2\app_v2\src\main\java\com\sza\fastmediasorter\data\cloud\CloudMediaScanner.kt, P:\ANDROID\FastMediaSorter_mob_v2\app_v2\src\main\java\com\sza\fastmediasorter\data\cloud\CloudPathParser.kt, P:\ANDROID\FastMediaSorter_mob_v2\app_v2\src\main\java\com\sza\fastmediasorter\data\cloud\CloudStorageClient.kt, P:\ANDROID\FastMediaSorter_mob_v2\app_v2\src\main\java\com\sza\fastmediasorter\data\cloud\datasource\CloudDataSource.kt, P:\ANDROID\FastMediaSorter_mob_v2\app_v2\src\main\java\com\sza\fastmediasorter\data\cloud\DropboxAuthPlugin.kt, P:\ANDROID\FastMediaSorter_mob_v2\app_v2\src\main\java\com\sza\fastmediasorter\data\cloud\DropboxClient.kt, P:\ANDROID\FastMediaSorter_mob_v2\app_v2\src\main\java\com\sza\fastmediasorter\data\cloud\glide\CloudThumbnailData.kt, P:\ANDROID\FastMediaSorter_mob_v2\app_v2\src\main\java\com\sza\fastmediasorter\data\cloud\glide\CloudThumbnailModelLoader.kt, P:\ANDROID\FastMediaSorter_mob_v2\app_v2\src\main\java\com\sza\fastmediasorter\data\cloud\glide\GoogleDriveThumbnailData.kt, P:\ANDROID\FastMediaSorter_mob_v2\app_v2\src\main\java\com\sza\fastmediasorter\data\cloud\glide\GoogleDriveThumbnailModelLoader.kt, P:\ANDROID\FastMediaSorter_mob_v2\app_v2\src\main\java\com\sza\fastmediasorter\data\cloud\GoogleDriveAuthPlugin.kt, P:\ANDROID\FastMediaSorter_mob_v2\app_v2\src\main\java\com\sza\fastmediasorter\data\cloud\GoogleDriveRestClient.kt, P:\ANDROID\FastMediaSorter_mob_v2\app_v2\src\main\java\com\sza\fastmediasorter\data\cloud\helpers\GoogleDriveCredentialsManager.kt, P:\ANDROID\FastMediaSorter_mob_v2\app_v2\src\main\java\com\sza\fastmediasorter\data\cloud\helpers\GoogleDriveHttpClient.kt, P:\ANDROID\FastMediaSorter_mob_v2\app_v2\src\main\java\com\sza\fastmediasorter\data\cloud\InteractiveCloudAuthenticator.kt, P:\ANDROID\FastMediaSorter_mob_v2\app_v2\src\main\java\com\sza\fastmediasorter\data\cloud\NetworkCredentialsResolver.kt, P:\ANDROID\FastMediaSorter_mob_v2\app_v2\src\main\java\com\sza\fastmediasorter\data\cloud\OneDriveAuthPlugin.kt, P:\ANDROID\FastMediaSorter_mob_v2\app_v2\src\main\java\com\sza\fastmediasorter\data\cloud\OneDriveRestClient.kt, P:\ANDROID\FastMediaSorter_mob_v2\app_v2\src\main\java\com\sza\fastmediasorter\data\cloud\UnifiedCloudAuthManager.kt, P:\ANDROID\FastMediaSorter_mob_v2\app_v2\src\main\java\com\sza\fastmediasorter\data\common\MediaTypeUtils.kt, P:\ANDROID\FastMediaSorter_mob_v2\app_v2\src\main\java\com\sza\fastmediasorter\data\glide\EpubCoverDecoder.kt, P:\ANDROID\FastMediaSorter_mob_v2\app_v2\src\main\java\com\sza\fastmediasorter\data\glide\NetworkEpubCoverLoader.kt, P:\ANDROID\FastMediaSorter_mob_v2\app_v2\src\main\java\com\sza\fastmediasorter\data\glide\NetworkPdfThumbnailLoader.kt, P:\ANDROID\FastMediaSorter_mob_v2\app_v2\src\main\java\com\sza\fastmediasorter\data\glide\PdfPageDecoder.kt, P:\ANDROID\FastMediaSorter_mob_v2\app_v2\src\main\java\com\sza\fastmediasorter\data\local\db\AppDatabase.kt, P:\ANDROID\FastMediaSorter_mob_v2\app_v2\src\main\java\com\sza\fastmediasorter\data\local\db\CachedFileListDao.kt, P:\ANDROID\FastMediaSorter_mob_v2\app_v2\src\main\java\com\sza\fastmediasorter\data\local\db\CachedFileListEntity.kt, P:\ANDROID\FastMediaSorter_mob_v2\app_v2\src\main\java\com\sza\fastmediasorter\data\local\db\Converters.kt, P:\ANDROID\FastMediaSorter_mob_v2\app_v2\src\main\java\com\sza\fastmediasorter\data\local\db\CryptoHelper.kt, P:\ANDROID\FastMediaSorter_mob_v2\app_v2\src\main\java\com\sza\fastmediasorter\data\local\db\EncryptedStringConverter.kt, P:\ANDROID\FastMediaSorter_mob_v2\app_v2\src\main\java\com\sza\fastmediasorter\data\local\db\FavoritesDao.kt, P:\ANDROID\FastMediaSorter_mob_v2\app_v2\src\main\java\com\sza\fastmediasorter\data\local\db\FavoritesEntity.kt, P:\ANDROID\FastMediaSorter_mob_v2\app_v2\src\main\java\com\sza\fastmediasorter\data\local\db\FileMetadataCacheDao.kt, P:\ANDROID\FastMediaSorter_mob_v2\app_v2\src\main\java\com\sza\fastmediasorter\data\local\db\FileMetadataCacheEntity.kt, P:\ANDROID\FastMediaSorter_mob_v2\app_v2\src\main\java\com\sza\fastmediasorter\data\local\db\NetworkCredentialsDao.kt, P:\ANDROID\FastMediaSorter_mob_v2\app_v2\src\main\java\com\sza\fastmediasorter\data\local\db\NetworkCredentialsEntity.kt, P:\ANDROID\FastMediaSorter_mob_v2\app_v2\src\main\java\com\sza\fastmediasorter\data\local\db\PendingRevocationDao.kt, P:\ANDROID\FastMediaSorter_mob_v2\app_v2\src\main\java\com\sza\fastmediasorter\data\local\db\PendingRevocationEntity.kt, P:\ANDROID\FastMediaSorter_mob_v2\app_v2\src\main\java\com\sza\fastmediasorter\data\local\db\PlaybackPositionDao.kt, P:\ANDROID\FastMediaSorter_mob_v2\app_v2\src\main\java\com\sza\fastmediasorter\data\local\db\PlaybackPositionEntity.kt, P:\ANDROID\FastMediaSorter_mob_v2\app_v2\src\main\java\com\sza\fastmediasorter\data\local\db\ResourceDao.kt, P:\ANDROID\FastMediaSorter_mob_v2\app_v2\src\main\java\com\sza\fastmediasorter\data\local\db\ResourceEntity.kt, P:\ANDROID\FastMediaSorter_mob_v2\app_v2\src\main\java\com\sza\fastmediasorter\data\local\db\ResourceFtsEntity.kt, P:\ANDROID\FastMediaSorter_mob_v2\app_v2\src\main\java\com\sza\fastmediasorter\data\local\db\ThumbnailCacheDao.kt, P:\ANDROID\FastMediaSorter_mob_v2\app_v2\src\main\java\com\sza\fastmediasorter\data\local\db\ThumbnailCacheEntity.kt, P:\ANDROID\FastMediaSorter_mob_v2\app_v2\src\main\java\com\sza\fastmediasorter\data\local\LocalMediaScanner.kt, P:\ANDROID\FastMediaSorter_mob_v2\app_v2\src\main\java\com\sza\fastmediasorter\data\local\preferences\BrowseStateDataStore.kt, P:\ANDROID\FastMediaSorter_mob_v2\app_v2\src\main\java\com\sza\fastmediasorter\data\local\preferences\SettingsManager.kt, P:\ANDROID\FastMediaSorter_mob_v2\app_v2\src\main\java\com\sza\fastmediasorter\data\model\TrashMetadata.kt, P:\ANDROID\FastMediaSorter_mob_v2\app_v2\src\main\java\com\sza\fastmediasorter\data\network\BaseConnectionPool.kt, P:\ANDROID\FastMediaSorter_mob_v2\app_v2\src\main\java\com\sza\fastmediasorter\data\network\ConnectionThrottleManager.kt, P:\ANDROID\FastMediaSorter_mob_v2\app_v2\src\main\java\com\sza\fastmediasorter\data\network\datasource\FtpDataSource.kt, P:\ANDROID\FastMediaSorter_mob_v2\app_v2\src\main\java\com\sza\fastmediasorter\data\network\datasource\SftpDataSource.kt, P:\ANDROID\FastMediaSorter_mob_v2\app_v2\src\main\java\com\sza\fastmediasorter\data\network\datasource\SmbDataSource.kt, P:\ANDROID\FastMediaSorter_mob_v2\app_v2\src\main\java\com\sza\fastmediasorter\data\network\exceptions\NetworkErrorClassifier.kt, P:\ANDROID\FastMediaSorter_mob_v2\app_v2\src\main\java\com\sza\fastmediasorter\data\network\exceptions\NetworkErrorMessageMapper.kt, P:\ANDROID\FastMediaSorter_mob_v2\app_v2\src\main\java\com\sza\fastmediasorter\data\network\exceptions\NetworkExceptions.kt, P:\ANDROID\FastMediaSorter_mob_v2\app_v2\src\main\java\com\sza\fastmediasorter\data\network\exceptions\RetryPolicy.kt, P:\ANDROID\FastMediaSorter_mob_v2\app_v2\src\main\java\com\sza\fastmediasorter\data\network\FtpFileOperationHandler.kt, P:\ANDROID\FastMediaSorter_mob_v2\app_v2\src\main\java\com\sza\fastmediasorter\data\network\glide\ErrorPropagatingPipedInputStream.kt, P:\ANDROID\FastMediaSorter_mob_v2\app_v2\src\main\java\com\sza\fastmediasorter\data\network\glide\NetworkFileData.kt, P:\ANDROID\FastMediaSorter_mob_v2\app_v2\src\main\java\com\sza\fastmediasorter\data\network\glide\NetworkFileDataPassthroughModelLoader.kt, P:\ANDROID\FastMediaSorter_mob_v2\app_v2\src\main\java\com\sza\fastmediasorter\data\network\glide\NetworkFileModelLoader.kt, P:\ANDROID\FastMediaSorter_mob_v2\app_v2\src\main\java\com\sza\fastmediasorter\data\network\glide\NetworkMediaDataSource.kt, P:\ANDROID\FastMediaSorter_mob_v2\app_v2\src\main\java\com\sza\fastmediasorter\data\network\glide\NetworkVideoFrameDecoder.kt, P:\ANDROID\FastMediaSorter_mob_v2\app_v2\src\main\java\com\sza\fastmediasorter\data\network\glide\SafeByteBuffer.kt, P:\ANDROID\FastMediaSorter_mob_v2\app_v2\src\main\java\com\sza\fastmediasorter\data\network\glide\SafeByteBufferBitmapDecoder.kt, P:\ANDROID\FastMediaSorter_mob_v2\app_v2\src\main\java\com\sza\fastmediasorter\data\network\glide\SafeByteBufferEncoder.kt, P:\ANDROID\FastMediaSorter_mob_v2\app_v2\src\main\java\com\sza\fastmediasorter\data\network\helpers\SmbDirectoryScanner.kt, P:\ANDROID\FastMediaSorter_mob_v2\app_v2\src\main\java\com\sza\fastmediasorter\data\network\model\SmbModels.kt, P:\ANDROID\FastMediaSorter_mob_v2\app_v2\src\main\java\com\sza\fastmediasorter\data\network\pool\BaseConnectionPool.kt, P:\ANDROID\FastMediaSorter_mob_v2\app_v2\src\main\java\com\sza\fastmediasorter\data\network\SftpFileOperationHandler.kt, P:\ANDROID\FastMediaSorter_mob_v2\app_v2\src\main\java\com\sza\fastmediasorter\data\network\SmbClient.kt, P:\ANDROID\FastMediaSorter_mob_v2\app_v2\src\main\java\com\sza\fastmediasorter\data\network\SmbConnectionManager.kt, P:\ANDROID\FastMediaSorter_mob_v2\app_v2\src\main\java\com\sza\fastmediasorter\data\network\SmbFileOperationHandler.kt, P:\ANDROID\FastMediaSorter_mob_v2\app_v2\src\main\java\com\sza\fastmediasorter\data\network\SmbFileOperations.kt, P:\ANDROID\FastMediaSorter_mob_v2\app_v2\src\main\java\com\sza\fastmediasorter\data\network\SmbMediaScanner.kt, P:\ANDROID\FastMediaSorter_mob_v2\app_v2\src\main\java\com\sza\fastmediasorter\data\observer\MediaFileObserver.kt, P:\ANDROID\FastMediaSorter_mob_v2\app_v2\src\main\java\com\sza\fastmediasorter\data\observer\MediaStoreObserver.kt, P:\ANDROID\FastMediaSorter_mob_v2\app_v2\src\main\java\com\sza\fastmediasorter\data\paging\MediaFilesPagingSource.kt, P:\ANDROID\FastMediaSorter_mob_v2\app_v2\src\main\java\com\sza\fastmediasorter\data\remote\ftp\FtpClient.kt, P:\ANDROID\FastMediaSorter_mob_v2\app_v2\src\main\java\com\sza\fastmediasorter\data\remote\ftp\FtpMediaScanner.kt, P:\ANDROID\FastMediaSorter_mob_v2\app_v2\src\main\java\com\sza\fastmediasorter\data\remote\ITunesApiService.kt, P:\ANDROID\FastMediaSorter_mob_v2\app_v2\src\main\java\com\sza\fastmediasorter\data\remote\sftp\SftpClient.kt, P:\ANDROID\FastMediaSorter_mob_v2\app_v2\src\main\java\com\sza\fastmediasorter\data\remote\sftp\SftpMediaScanner.kt, P:\ANDROID\FastMediaSorter_mob_v2\app_v2\src\main\java\com\sza\fastmediasorter\data\repository\AudioMetadataCacheRepository.kt, P:\ANDROID\FastMediaSorter_mob_v2\app_v2\src\main\java\com\sza\fastmediasorter\data\repository\CachedFileListRepository.kt, P:\ANDROID\FastMediaSorter_mob_v2\app_v2\src\main\java\com\sza\fastmediasorter\data\repository\FavoritesRepositoryImpl.kt, P:\ANDROID\FastMediaSorter_mob_v2\app_v2\src\main\java\com\sza\fastmediasorter\data\repository\MediaStoreRepositoryImpl.kt, P:\ANDROID\FastMediaSorter_mob_v2\app_v2\src\main\java\com\sza\fastmediasorter\data\repository\NetworkCredentialsRepositoryImpl.kt, P:\ANDROID\FastMediaSorter_mob_v2\app_v2\src\main\java\com\sza\fastmediasorter\data\repository\PlaybackPositionRepositoryImpl.kt, P:\ANDROID\FastMediaSorter_mob_v2\app_v2\src\main\java\com\sza\fastmediasorter\data\repository\ResourceRepositoryImpl.kt, P:\ANDROID\FastMediaSorter_mob_v2\app_v2\src\main\java\com\sza\fastmediasorter\data\repository\ResumeStateRepositoryImpl.kt, P:\ANDROID\FastMediaSorter_mob_v2\app_v2\src\main\java\com\sza\fastmediasorter\data\repository\SettingsRepositoryImpl.kt, P:\ANDROID\FastMediaSorter_mob_v2\app_v2\src\main\java\com\sza\fastmediasorter\data\repository\TestCredentialModels.kt, P:\ANDROID\FastMediaSorter_mob_v2\app_v2\src\main\java\com\sza\fastmediasorter\data\repository\ThumbnailCacheRepositoryImpl.kt, P:\ANDROID\FastMediaSorter_mob_v2\app_v2\src\main\java\com\sza\fastmediasorter\data\transfer\access\FtpFileAccess.kt, P:\ANDROID\FastMediaSorter_mob_v2\app_v2\src\main\java\com\sza\fastmediasorter\data\transfer\access\LocalFileAccess.kt, P:\ANDROID\FastMediaSorter_mob_v2\app_v2\src\main\java\com\sza\fastmediasorter\data\transfer\access\SftpFileAccess.kt, P:\ANDROID\FastMediaSorter_mob_v2\app_v2\src\main\java\com\sza\fastmediasorter\data\transfer\access\SmbFileAccess.kt, P:\ANDROID\FastMediaSorter_mob_v2\app_v2\src\main\java\com\sza\fastmediasorter\data\transfer\AtomicFileOperationStrategy.kt, P:\ANDROID\FastMediaSorter_mob_v2\app_v2\src\main\java\com\sza\fastmediasorter\data\transfer\BaseFileOperationHandler.kt, P:\ANDROID\FastMediaSorter_mob_v2\app_v2\src\main\java\com\sza\fastmediasorter\data\transfer\FileAccess.kt, P:\ANDROID\FastMediaSorter_mob_v2\app_v2\src\main\java\com\sza\fastmediasorter\data\transfer\FileExistsException.kt, P:\ANDROID\FastMediaSorter_mob_v2\app_v2\src\main\java\com\sza\fastmediasorter\data\transfer\FileOperationStrategy.kt, P:\ANDROID\FastMediaSorter_mob_v2\app_v2\src\main\java\com\sza\fastmediasorter\data\transfer\LocalTransferProvider.kt, P:\ANDROID\FastMediaSorter_mob_v2\app_v2\src\main\java\com\sza\fastmediasorter\data\transfer\SmbTransferProvider.kt, P:\ANDROID\FastMediaSorter_mob_v2\app_v2\src\main\java\com\sza\fastmediasorter\data\transfer\strategies\FtpToFtpStrategy.kt, P:\ANDROID\FastMediaSorter_mob_v2\app_v2\src\main\java\com\sza\fastmediasorter\data\transfer\strategies\FtpToLocalStrategy.kt, P:\ANDROID\FastMediaSorter_mob_v2\app_v2\src\main\java\com\sza\fastmediasorter\data\transfer\strategies\LocalToFtpStrategy.kt, P:\ANDROID\FastMediaSorter_mob_v2\app_v2\src\main\java\com\sza\fastmediasorter\data\transfer\strategies\LocalToSftpStrategy.kt, P:\ANDROID\FastMediaSorter_mob_v2\app_v2\src\main\java\com\sza\fastmediasorter\data\transfer\strategies\LocalToSmbStrategy.kt, P:\ANDROID\FastMediaSorter_mob_v2\app_v2\src\main\java\com\sza\fastmediasorter\data\transfer\strategies\SftpToLocalStrategy.kt, P:\ANDROID\FastMediaSorter_mob_v2\app_v2\src\main\java\com\sza\fastmediasorter\data\transfer\strategies\SftpToSftpStrategy.kt, P:\ANDROID\FastMediaSorter_mob_v2\app_v2\src\main\java\com\sza\fastmediasorter\data\transfer\strategies\SmbToLocalStrategy.kt, P:\ANDROID\FastMediaSorter_mob_v2\app_v2\src\main\java\com\sza\fastmediasorter\data\transfer\strategies\SmbToSmbStrategy.kt, P:\ANDROID\FastMediaSorter_mob_v2\app_v2\src\main\java\com\sza\fastmediasorter\data\transfer\strategy\CloudOperationStrategy.kt, P:\ANDROID\FastMediaSorter_mob_v2\app_v2\src\main\java\com\sza\fastmediasorter\data\transfer\strategy\FtpOperationStrategy.kt, P:\ANDROID\FastMediaSorter_mob_v2\app_v2\src\main\java\com\sza\fastmediasorter\data\transfer\strategy\LocalOperationStrategy.kt, P:\ANDROID\FastMediaSorter_mob_v2\app_v2\src\main\java\com\sza\fastmediasorter\data\transfer\strategy\SftpOperationStrategy.kt, P:\ANDROID\FastMediaSorter_mob_v2\app_v2\src\main\java\com\sza\fastmediasorter\data\transfer\strategy\SmbOperationStrategy.kt, P:\ANDROID\FastMediaSorter_mob_v2\app_v2\src\main\java\com\sza\fastmediasorter\data\transfer\TempFileNamingStrategy.kt, P:\ANDROID\FastMediaSorter_mob_v2\app_v2\src\main\java\com\sza\fastmediasorter\data\transfer\TransferStrategy.kt, P:\ANDROID\FastMediaSorter_mob_v2\app_v2\src\main\java\com\sza\fastmediasorter\data\transfer\UnifiedFileOperationHandler.kt, P:\ANDROID\FastMediaSorter_mob_v2\app_v2\src\main\java\com\sza\fastmediasorter\data\transfer\UniversalFileOperationHandler.kt, P:\ANDROID\FastMediaSorter_mob_v2\app_v2\src\main\java\com\sza\fastmediasorter\di\GlideAppModule.kt, P:\ANDROID\FastMediaSorter_mob_v2\app_v2\src\main\java\com\sza\fastmediasorter\di\TransferModule.kt, P:\ANDROID\FastMediaSorter_mob_v2\app_v2\src\main\java\com\sza\fastmediasorter\domain\model\AppSettings.kt, P:\ANDROID\FastMediaSorter_mob_v2\app_v2\src\main\java\com\sza\fastmediasorter\domain\model\AudioMetadata.kt, P:\ANDROID\FastMediaSorter_mob_v2\app_v2\src\main\java\com\sza\fastmediasorter\domain\model\CredentialAuditEntry.kt, P:\ANDROID\FastMediaSorter_mob_v2\app_v2\src\main\java\com\sza\fastmediasorter\domain\model\MediaExtensions.kt, P:\ANDROID\FastMediaSorter_mob_v2\app_v2\src\main\java\com\sza\fastmediasorter\domain\model\Models.kt, P:\ANDROID\FastMediaSorter_mob_v2\app_v2\src\main\java\com\sza\fastmediasorter\domain\model\ResourceConnectionTestResult.kt, P:\ANDROID\FastMediaSorter_mob_v2\app_v2\src\main\java\com\sza\fastmediasorter\domain\model\ResourceEditorMode.kt, P:\ANDROID\FastMediaSorter_mob_v2\app_v2\src\main\java\com\sza\fastmediasorter\domain\model\ResourceFormData.kt, P:\ANDROID\FastMediaSorter_mob_v2\app_v2\src\main\java\com\sza\fastmediasorter\domain\model\ResourceValidationResult.kt, P:\ANDROID\FastMediaSorter_mob_v2\app_v2\src\main\java\com\sza\fastmediasorter\domain\model\ResourceVerificationStatus.kt, P:\ANDROID\FastMediaSorter_mob_v2\app_v2\src\main\java\com\sza\fastmediasorter\domain\model\ResumeState.kt, P:\ANDROID\FastMediaSorter_mob_v2\app_v2\src\main\java\com\sza\fastmediasorter\domain\models\TranslationFontSize.kt, P:\ANDROID\FastMediaSorter_mob_v2\app_v2\src\main\java\com\sza\fastmediasorter\domain\repository\FavoritesRepository.kt, P:\ANDROID\FastMediaSorter_mob_v2\app_v2\src\main\java\com\sza\fastmediasorter\domain\repository\MediaStoreRepository.kt, P:\ANDROID\FastMediaSorter_mob_v2\app_v2\src\main\java\com\sza\fastmediasorter\domain\repository\NetworkCredentialsRepository.kt, P:\ANDROID\FastMediaSorter_mob_v2\app_v2\src\main\java\com\sza\fastmediasorter\domain\repository\PlaybackPositionRepository.kt, P:\ANDROID\FastMediaSorter_mob_v2\app_v2\src\main\java\com\sza\fastmediasorter\domain\repository\ResourceRepository.kt, P:\ANDROID\FastMediaSorter_mob_v2\app_v2\src\main\java\com\sza\fastmediasorter\domain\repository\ResumeStateRepository.kt, P:\ANDROID\FastMediaSorter_mob_v2\app_v2\src\main\java\com\sza\fastmediasorter\domain\repository\SettingsRepository.kt, P:\ANDROID\FastMediaSorter_mob_v2\app_v2\src\main\java\com\sza\fastmediasorter\domain\repository\ThumbnailCacheRepository.kt, P:\ANDROID\FastMediaSorter_mob_v2\app_v2\src\main\java\com\sza\fastmediasorter\domain\strategy\CloudResourceStrategy.kt, P:\ANDROID\FastMediaSorter_mob_v2\app_v2\src\main\java\com\sza\fastmediasorter\domain\strategy\FtpResourceStrategy.kt, P:\ANDROID\FastMediaSorter_mob_v2\app_v2\src\main\java\com\sza\fastmediasorter\domain\strategy\LocalResourceStrategy.kt, P:\ANDROID\FastMediaSorter_mob_v2\app_v2\src\main\java\com\sza\fastmediasorter\domain\strategy\ResourceStrategy.kt, P:\ANDROID\FastMediaSorter_mob_v2\app_v2\src\main\java\com\sza\fastmediasorter\domain\strategy\SftpResourceStrategy.kt, P:\ANDROID\FastMediaSorter_mob_v2\app_v2\src\main\java\com\sza\fastmediasorter\domain\strategy\SmbResourceStrategy.kt, P:\ANDROID\FastMediaSorter_mob_v2\app_v2\src\main\java\com\sza\fastmediasorter\domain\transfer\FileOperationError.kt, P:\ANDROID\FastMediaSorter_mob_v2\app_v2\src\main\java\com\sza\fastmediasorter\domain\transfer\FileOperationErrorHandler.kt, P:\ANDROID\FastMediaSorter_mob_v2\app_v2\src\main\java\com\sza\fastmediasorter\domain\transfer\FileTransferProvider.kt, P:\ANDROID\FastMediaSorter_mob_v2\app_v2\src\main\java\com\sza\fastmediasorter\domain\transfer\ProgressTracker.kt, P:\ANDROID\FastMediaSorter_mob_v2\app_v2\src\main\java\com\sza\fastmediasorter\domain\transfer\TempFileManager.kt, P:\ANDROID\FastMediaSorter_mob_v2\app_v2\src\main\java\com\sza\fastmediasorter\domain\usecase\AddResourceUseCase.kt, P:\ANDROID\FastMediaSorter_mob_v2\app_v2\src\main\java\com\sza\fastmediasorter\domain\usecase\AdjustImageUseCase.kt, P:\ANDROID\FastMediaSorter_mob_v2\app_v2\src\main\java\com\sza\fastmediasorter\domain\usecase\ApplyImageFilterUseCase.kt, P:\ANDROID\FastMediaSorter_mob_v2\app_v2\src\main\java\com\sza\fastmediasorter\domain\usecase\BackupData.kt, P:\ANDROID\FastMediaSorter_mob_v2\app_v2\src\main\java\com\sza\fastmediasorter\domain\usecase\BackupMapper.kt, P:\ANDROID\FastMediaSorter_mob_v2\app_v2\src\main\java\com\sza\fastmediasorter\domain\usecase\BackupToGoogleDriveUseCase.kt, P:\ANDROID\FastMediaSorter_mob_v2\app_v2\src\main\java\com\sza\fastmediasorter\domain\usecase\ByteProgressCallback.kt, P:\ANDROID\FastMediaSorter_mob_v2\app_v2\src\main\java\com\sza\fastmediasorter\domain\usecase\CalculateOptimalCacheSizeUseCase.kt, P:\ANDROID\FastMediaSorter_mob_v2\app_v2\src\main\java\com\sza\fastmediasorter\domain\usecase\ChangeGifSpeedUseCase.kt, P:\ANDROID\FastMediaSorter_mob_v2\app_v2\src\main\java\com\sza\fastmediasorter\domain\usecase\CleanupOrphanedTempFilesUseCase.kt, P:\ANDROID\FastMediaSorter_mob_v2\app_v2\src\main\java\com\sza\fastmediasorter\domain\usecase\CleanupTrashFoldersUseCase.kt, P:\ANDROID\FastMediaSorter_mob_v2\app_v2\src\main\java\com\sza\fastmediasorter\domain\usecase\CleanupTrashUseCase.kt, P:\ANDROID\FastMediaSorter_mob_v2\app_v2\src\main\java\com\sza\fastmediasorter\domain\usecase\ClearResumeStateUseCase.kt, P:\ANDROID\FastMediaSorter_mob_v2\app_v2\src\main\java\com\sza\fastmediasorter\domain\usecase\CredentialAuditor.kt, P:\ANDROID\FastMediaSorter_mob_v2\app_v2\src\main\java\com\sza\fastmediasorter\domain\usecase\DeleteFilesUseCase.kt, P:\ANDROID\FastMediaSorter_mob_v2\app_v2\src\main\java\com\sza\fastmediasorter\domain\usecase\DeletePathPolicy.kt, P:\ANDROID\FastMediaSorter_mob_v2\app_v2\src\main\java\com\sza\fastmediasorter\domain\usecase\DeleteResourceUseCase.kt, P:\ANDROID\FastMediaSorter_mob_v2\app_v2\src\main\java\com\sza\fastmediasorter\domain\usecase\DiscoverNetworkResourcesUseCase.kt, P:\ANDROID\FastMediaSorter_mob_v2\app_v2\src\main\java\com\sza\fastmediasorter\domain\usecase\DownloadNetworkFileUseCase.kt, P:\ANDROID\FastMediaSorter_mob_v2\app_v2\src\main\java\com\sza\fastmediasorter\domain\usecase\ExportSettingsUseCase.kt, P:\ANDROID\FastMediaSorter_mob_v2\app_v2\src\main\java\com\sza\fastmediasorter\domain\usecase\ExtractExifMetadataUseCase.kt, P:\ANDROID\FastMediaSorter_mob_v2\app_v2\src\main\java\com\sza\fastmediasorter\domain\usecase\ExtractGifFramesUseCase.kt, P:\ANDROID\FastMediaSorter_mob_v2\app_v2\src\main\java\com\sza\fastmediasorter\domain\usecase\ExtractVideoMetadataUseCase.kt, P:\ANDROID\FastMediaSorter_mob_v2\app_v2\src\main\java\com\sza\fastmediasorter\domain\usecase\FavoritesUseCase.kt, P:\ANDROID\FastMediaSorter_mob_v2\app_v2\src\main\java\com\sza\fastmediasorter\domain\usecase\FileOperationResultExt.kt, P:\ANDROID\FastMediaSorter_mob_v2\app_v2\src\main\java\com\sza\fastmediasorter\domain\usecase\FileOperationUseCase.kt, P:\ANDROID\FastMediaSorter_mob_v2\app_v2\src\main\java\com\sza\fastmediasorter\domain\usecase\FlipImageUseCase.kt, P:\ANDROID\FastMediaSorter_mob_v2\app_v2\src\main\java\com\sza\fastmediasorter\domain\usecase\GetDestinationsUseCase.kt, P:\ANDROID\FastMediaSorter_mob_v2\app_v2\src\main\java\com\sza\fastmediasorter\domain\usecase\GetMediaFilesUseCase.kt, P:\ANDROID\FastMediaSorter_mob_v2\app_v2\src\main\java\com\sza\fastmediasorter\domain\usecase\GetResourcesUseCase.kt, P:\ANDROID\FastMediaSorter_mob_v2\app_v2\src\main\java\com\sza\fastmediasorter\domain\usecase\GetResumeStateUseCase.kt, P:\ANDROID\FastMediaSorter_mob_v2\app_v2\src\main\java\com\sza\fastmediasorter\domain\usecase\ImportSettingsUseCase.kt, P:\ANDROID\FastMediaSorter_mob_v2\app_v2\src\main\java\com\sza\fastmediasorter\domain\usecase\IntegrationTestRunner.kt, P:\ANDROID\FastMediaSorter_mob_v2\app_v2\src\main\java\com\sza\fastmediasorter\domain\usecase\MediaScannerFactory.kt, P:\ANDROID\FastMediaSorter_mob_v2\app_v2\src\main\java\com\sza\fastmediasorter\domain\usecase\MigrateCameraResourceUseCase.kt, P:\ANDROID\FastMediaSorter_mob_v2\app_v2\src\main\java\com\sza\fastmediasorter\domain\usecase\NetworkImageEditUseCase.kt, P:\ANDROID\FastMediaSorter_mob_v2\app_v2\src\main\java\com\sza\fastmediasorter\domain\usecase\NetworkSpeedTestUseCase.kt, P:\ANDROID\FastMediaSorter_mob_v2\app_v2\src\main\java\com\sza\fastmediasorter\domain\usecase\ProvisionDefaultResourcesUseCase.kt, P:\ANDROID\FastMediaSorter_mob_v2\app_v2\src\main\java\com\sza\fastmediasorter\domain\usecase\ResetSmbConnectionsUseCase.kt, P:\ANDROID\FastMediaSorter_mob_v2\app_v2\src\main\java\com\sza\fastmediasorter\domain\usecase\ResourceEditorUseCase.kt, P:\ANDROID\FastMediaSorter_mob_v2\app_v2\src\main\java\com\sza\fastmediasorter\domain\usecase\RestoreDeletedUseCase.kt, P:\ANDROID\FastMediaSorter_mob_v2\app_v2\src\main\java\com\sza\fastmediasorter\domain\usecase\RestoreFromGoogleDriveUseCase.kt, P:\ANDROID\FastMediaSorter_mob_v2\app_v2\src\main\java\com\sza\fastmediasorter\domain\usecase\RotateImageUseCase.kt, P:\ANDROID\FastMediaSorter_mob_v2\app_v2\src\main\java\com\sza\fastmediasorter\domain\usecase\SaveGifFirstFrameUseCase.kt, P:\ANDROID\FastMediaSorter_mob_v2\app_v2\src\main\java\com\sza\fastmediasorter\domain\usecase\SaveResumeStateUseCase.kt, P:\ANDROID\FastMediaSorter_mob_v2\app_v2\src\main\java\com\sza\fastmediasorter\domain\usecase\scan\IncrementalScanStrategy.kt, P:\ANDROID\FastMediaSorter_mob_v2\app_v2\src\main\java\com\sza\fastmediasorter\domain\usecase\scan\ScanDeltaDetector.kt, P:\ANDROID\FastMediaSorter_mob_v2\app_v2\src\main\java\com\sza\fastmediasorter\domain\usecase\scan\ScanDispatcher.kt, P:\ANDROID\FastMediaSorter_mob_v2\app_v2\src\main\java\com\sza\fastmediasorter\domain\usecase\scan\ScanSettings.kt, P:\ANDROID\FastMediaSorter_mob_v2\app_v2\src\main\java\com\sza\fastmediasorter\domain\usecase\ScanLocalFoldersUseCase.kt, P:\ANDROID\FastMediaSorter_mob_v2\app_v2\src\main\java\com\sza\fastmediasorter\domain\usecase\ScanProgressCallback.kt, P:\ANDROID\FastMediaSorter_mob_v2\app_v2\src\main\java\com\sza\fastmediasorter\domain\usecase\ScheduleNetworkSyncUseCase.kt, P:\ANDROID\FastMediaSorter_mob_v2\app_v2\src\main\java\com\sza\fastmediasorter\domain\usecase\SearchAudioCoverUseCase.kt, P:\ANDROID\FastMediaSorter_mob_v2\app_v2\src\main\java\com\sza\fastmediasorter\domain\usecase\SearchLyricsUseCase.kt, P:\ANDROID\FastMediaSorter_mob_v2\app_v2\src\main\java\com\sza\fastmediasorter\domain\usecase\SearchQueryUtils.kt, P:\ANDROID\FastMediaSorter_mob_v2\app_v2\src\main\java\com\sza\fastmediasorter\domain\usecase\SmbOperationsUseCase.kt, P:\ANDROID\FastMediaSorter_mob_v2\app_v2\src\main\java\com\sza\fastmediasorter\domain\usecase\SyncMediaStoreUseCase.kt, P:\ANDROID\FastMediaSorter_mob_v2\app_v2\src\main\java\com\sza\fastmediasorter\domain\usecase\SyncNetworkResourcesUseCase.kt, P:\ANDROID\FastMediaSorter_mob_v2\app_v2\src\main\java\com\sza\fastmediasorter\domain\usecase\TestCredentialsLoader.kt, P:\ANDROID\FastMediaSorter_mob_v2\app_v2\src\main\java\com\sza\fastmediasorter\domain\usecase\UnusedCredentialPolicy.kt, P:\ANDROID\FastMediaSorter_mob_v2\app_v2\src\main\java\com\sza\fastmediasorter\domain\usecase\UpdateResourceUseCase.kt, P:\ANDROID\FastMediaSorter_mob_v2\app_v2\src\main\java\com\sza\fastmediasorter\FastMediaSorterApp.kt, P:\ANDROID\FastMediaSorter_mob_v2\app_v2\src\main\java\com\sza\fastmediasorter\ui\addresource\AddResourceActivity.kt, P:\ANDROID\FastMediaSorter_mob_v2\app_v2\src\main\java\com\sza\fastmediasorter\ui\addresource\AddResourceHelper.kt, P:\ANDROID\FastMediaSorter_mob_v2\app_v2\src\main\java\com\sza\fastmediasorter\ui\addresource\AddResourceViewModel.kt, P:\ANDROID\FastMediaSorter_mob_v2\app_v2\src\main\java\com\sza\fastmediasorter\ui\addresource\NetworkDiscoveryDialog.kt, P:\ANDROID\FastMediaSorter_mob_v2\app_v2\src\main\java\com\sza\fastmediasorter\ui\addresource\ResourceToAddAdapter.kt, P:\ANDROID\FastMediaSorter_mob_v2\app_v2\src\main\java\com\sza\fastmediasorter\ui\addresource\widgets\IpAddressEditText.kt, P:\ANDROID\FastMediaSorter_mob_v2\app_v2\src\main\java\com\sza\fastmediasorter\ui\addresource\widgets\NetworkPathEditText.kt, P:\ANDROID\FastMediaSorter_mob_v2\app_v2\src\main\java\com\sza\fastmediasorter\ui\browse\BrowseActivity.kt, P:\ANDROID\FastMediaSorter_mob_v2\app_v2\src\main\java\com\sza\fastmediasorter\ui\browse\BrowseViewModel.kt, P:\ANDROID\FastMediaSorter_mob_v2\app_v2\src\main\java\com\sza\fastmediasorter\ui\browse\cache\BrowseCacheManager.kt, P:\ANDROID\FastMediaSorter_mob_v2\app_v2\src\main\java\com\sza\fastmediasorter\ui\browse\filelist\BrowseFileListManager.kt, P:\ANDROID\FastMediaSorter_mob_v2\app_v2\src\main\java\com\sza\fastmediasorter\ui\browse\loading\BrowseLoadingManager.kt, P:\ANDROID\FastMediaSorter_mob_v2\app_v2\src\main\java\com\sza\fastmediasorter\ui\browse\managers\BrowseActionBarManager.kt, P:\ANDROID\FastMediaSorter_mob_v2\app_v2\src\main\java\com\sza\fastmediasorter\ui\browse\managers\BrowseCloudAuthManager.kt, P:\ANDROID\FastMediaSorter_mob_v2\app_v2\src\main\java\com\sza\fastmediasorter\ui\browse\managers\BrowseDialogHelper.kt, P:\ANDROID\FastMediaSorter_mob_v2\app_v2\src\main\java\com\sza\fastmediasorter\ui\browse\managers\BrowseFileOperationsManager.kt, P:\ANDROID\FastMediaSorter_mob_v2\app_v2\src\main\java\com\sza\fastmediasorter\ui\browse\managers\BrowseMediaStoreObserver.kt, P:\ANDROID\FastMediaSorter_mob_v2\app_v2\src\main\java\com\sza\fastmediasorter\ui\browse\managers\BrowseRecyclerViewManager.kt, P:\ANDROID\FastMediaSorter_mob_v2\app_v2\src\main\java\com\sza\fastmediasorter\ui\browse\managers\BrowseSelectionManager.kt, P:\ANDROID\FastMediaSorter_mob_v2\app_v2\src\main\java\com\sza\fastmediasorter\ui\browse\managers\BrowseSmallControlsManager.kt, P:\ANDROID\FastMediaSorter_mob_v2\app_v2\src\main\java\com\sza\fastmediasorter\ui\browse\managers\BrowseStateManager.kt, P:\ANDROID\FastMediaSorter_mob_v2\app_v2\src\main\java\com\sza\fastmediasorter\ui\browse\managers\BrowseUtilityManager.kt, P:\ANDROID\FastMediaSorter_mob_v2\app_v2\src\main\java\com\sza\fastmediasorter\ui\browse\managers\KeyboardNavigationManager.kt, P:\ANDROID\FastMediaSorter_mob_v2\app_v2\src\main\java\com\sza\fastmediasorter\ui\browse\MediaFileAdapter.kt, P:\ANDROID\FastMediaSorter_mob_v2\app_v2\src\main\java\com\sza\fastmediasorter\ui\browse\metadata\BrowseMetadataManager.kt, P:\ANDROID\FastMediaSorter_mob_v2\app_v2\src\main\java\com\sza\fastmediasorter\ui\browse\PagingLoadStateAdapter.kt, P:\ANDROID\FastMediaSorter_mob_v2\app_v2\src\main\java\com\sza\fastmediasorter\ui\browse\PagingMediaFileAdapter.kt, P:\ANDROID\FastMediaSorter_mob_v2\app_v2\src\main\java\com\sza\fastmediasorter\ui\browse\selection\BrowseSelectionManager.kt, P:\ANDROID\FastMediaSorter_mob_v2\app_v2\src\main\java\com\sza\fastmediasorter\ui\browse\undo\BrowseUndoManager.kt, P:\ANDROID\FastMediaSorter_mob_v2\app_v2\src\main\java\com\sza\fastmediasorter\ui\cloudfolders\DropboxFolderAdapter.kt, P:\ANDROID\FastMediaSorter_mob_v2\app_v2\src\main\java\com\sza\fastmediasorter\ui\cloudfolders\DropboxFolderPickerActivity.kt, P:\ANDROID\FastMediaSorter_mob_v2\app_v2\src\main\java\com\sza\fastmediasorter\ui\cloudfolders\DropboxFolderPickerViewModel.kt, P:\ANDROID\FastMediaSorter_mob_v2\app_v2\src\main\java\com\sza\fastmediasorter\ui\cloudfolders\GoogleDriveFolderAdapter.kt, P:\ANDROID\FastMediaSorter_mob_v2\app_v2\src\main\java\com\sza\fastmediasorter\ui\cloudfolders\GoogleDriveFolderPickerActivity.kt, P:\ANDROID\FastMediaSorter_mob_v2\app_v2\src\main\java\com\sza\fastmediasorter\ui\cloudfolders\GoogleDriveFolderPickerViewModel.kt, P:\ANDROID\FastMediaSorter_mob_v2\app_v2\src\main\java\com\sza\fastmediasorter\ui\cloudfolders\OneDriveFolderAdapter.kt, P:\ANDROID\FastMediaSorter_mob_v2\app_v2\src\main\java\com\sza\fastmediasorter\ui\cloudfolders\OneDriveFolderPickerActivity.kt, P:\ANDROID\FastMediaSorter_mob_v2\app_v2\src\main\java\com\sza\fastmediasorter\ui\cloudfolders\OneDriveFolderPickerViewModel.kt, P:\ANDROID\FastMediaSorter_mob_v2\app_v2\src\main\java\com\sza\fastmediasorter\ui\common\BreadcrumbView.kt, P:\ANDROID\FastMediaSorter_mob_v2\app_v2\src\main\java\com\sza\fastmediasorter\ui\common\DialogUtils.kt, P:\ANDROID\FastMediaSorter_mob_v2\app_v2\src\main\java\com\sza\fastmediasorter\ui\common\ErrorDialogHelper.kt, P:\ANDROID\FastMediaSorter_mob_v2\app_v2\src\main\java\com\sza\fastmediasorter\ui\common\FocusManager.kt, P:\ANDROID\FastMediaSorter_mob_v2\app_v2\src\main\java\com\sza\fastmediasorter\ui\common\IpAddressInputFilter.kt, P:\ANDROID\FastMediaSorter_mob_v2\app_v2\src\main\java\com\sza\fastmediasorter\ui\common\MediaGroupPalette.kt, P:\ANDROID\FastMediaSorter_mob_v2\app_v2\src\main\java\com\sza\fastmediasorter\ui\common\MouseEventHandler.kt, P:\ANDROID\FastMediaSorter_mob_v2\app_v2\src\main\java\com\sza\fastmediasorter\ui\dialog\ColorPickerDialog.kt, P:\ANDROID\FastMediaSorter_mob_v2\app_v2\src\main\java\com\sza\fastmediasorter\ui\dialog\DeleteDialog.kt, P:\ANDROID\FastMediaSorter_mob_v2\app_v2\src\main\java\com\sza\fastmediasorter\ui\dialog\DestinationAdapter.kt, P:\ANDROID\FastMediaSorter_mob_v2\app_v2\src\main\java\com\sza\fastmediasorter\ui\dialog\ErrorDialog.kt, P:\ANDROID\FastMediaSorter_mob_v2\app_v2\src\main\java\com\sza\fastmediasorter\ui\dialog\FileInfoDialog.kt, P:\ANDROID\FastMediaSorter_mob_v2\app_v2\src\main\java\com\sza\fastmediasorter\ui\dialog\FileOperationDestinationDialog.kt, P:\ANDROID\FastMediaSorter_mob_v2\app_v2\src\main\java\com\sza\fastmediasorter\ui\dialog\FileOperationProgressDialog.kt, P:\ANDROID\FastMediaSorter_mob_v2\app_v2\src\main\java\com\sza\fastmediasorter\ui\dialog\GifEditorDialog.kt, P:\ANDROID\FastMediaSorter_mob_v2\app_v2\src\main\java\com\sza\fastmediasorter\ui\dialog\helpers\GifEditorHelper.kt, P:\ANDROID\FastMediaSorter_mob_v2\app_v2\src\main\java\com\sza\fastmediasorter\ui\dialog\ImageEditDialog.kt, P:\ANDROID\FastMediaSorter_mob_v2\app_v2\src\main\java\com\sza\fastmediasorter\ui\dialog\MaterialProgressDialog.kt, P:\ANDROID\FastMediaSorter_mob_v2\app_v2\src\main\java\com\sza\fastmediasorter\ui\dialog\PlayerSettingsDialog.kt, P:\ANDROID\FastMediaSorter_mob_v2\app_v2\src\main\java\com\sza\fastmediasorter\ui\dialog\RenameDialog.kt, P:\ANDROID\FastMediaSorter_mob_v2\app_v2\src\main\java\com\sza\fastmediasorter\ui\dialog\ResourcePickerDialog.kt, P:\ANDROID\FastMediaSorter_mob_v2\app_v2\src\main\java\com\sza\fastmediasorter\ui\dialog\ResourceTypeSelectorDialog.kt, P:\ANDROID\FastMediaSorter_mob_v2\app_v2\src\main\java\com\sza\fastmediasorter\ui\dialog\TooltipDialog.kt, P:\ANDROID\FastMediaSorter_mob_v2\app_v2\src\main\java\com\sza\fastmediasorter\ui\image\ImageDisplayUtils.kt, P:\ANDROID\FastMediaSorter_mob_v2\app_v2\src\main\java\com\sza\fastmediasorter\ui\main\FilterResourceDialog.kt, P:\ANDROID\FastMediaSorter_mob_v2\app_v2\src\main\java\com\sza\fastmediasorter\ui\main\helpers\KeyboardNavigationHandler.kt, P:\ANDROID\FastMediaSorter_mob_v2\app_v2\src\main\java\com\sza\fastmediasorter\ui\main\helpers\ResourceFilterManager.kt, P:\ANDROID\FastMediaSorter_mob_v2\app_v2\src\main\java\com\sza\fastmediasorter\ui\main\helpers\ResourceNavigationCoordinator.kt, P:\ANDROID\FastMediaSorter_mob_v2\app_v2\src\main\java\com\sza\fastmediasorter\ui\main\helpers\ResourceOrderManager.kt, P:\ANDROID\FastMediaSorter_mob_v2\app_v2\src\main\java\com\sza\fastmediasorter\ui\main\helpers\ResourcePasswordManager.kt, P:\ANDROID\FastMediaSorter_mob_v2\app_v2\src\main\java\com\sza\fastmediasorter\ui\main\helpers\ResourceScanCoordinator.kt, P:\ANDROID\FastMediaSorter_mob_v2\app_v2\src\main\java\com\sza\fastmediasorter\ui\main\MainActivity.kt, P:\ANDROID\FastMediaSorter_mob_v2\app_v2\src\main\java\com\sza\fastmediasorter\ui\main\MainViewModel.kt, P:\ANDROID\FastMediaSorter_mob_v2\app_v2\src\main\java\com\sza\fastmediasorter\ui\main\ResourceAdapter.kt, P:\ANDROID\FastMediaSorter_mob_v2\app_v2\src\main\java\com\sza\fastmediasorter\ui\player\AudioPlaybackService.kt, P:\ANDROID\FastMediaSorter_mob_v2\app_v2\src\main\java\com\sza\fastmediasorter\ui\player\callbacks\PlayerGestureCallbackImpl.kt, P:\ANDROID\FastMediaSorter_mob_v2\app_v2\src\main\java\com\sza\fastmediasorter\ui\player\callbacks\PlayerPlaybackCallbackImpl.kt, P:\ANDROID\FastMediaSorter_mob_v2\app_v2\src\main\java\com\sza\fastmediasorter\ui\player\CommandPanelController.kt, P:\ANDROID\FastMediaSorter_mob_v2\app_v2\src\main\java\com\sza\fastmediasorter\ui\player\DynamicBackgroundProcessor.kt, P:\ANDROID\FastMediaSorter_mob_v2\app_v2\src\main\java\com\sza\fastmediasorter\ui\player\FileOperationsHandler.kt, P:\ANDROID\FastMediaSorter_mob_v2\app_v2\src\main\java\com\sza\fastmediasorter\ui\player\helpers\AnimatedImageController.kt, P:\ANDROID\FastMediaSorter_mob_v2\app_v2\src\main\java\com\sza\fastmediasorter\ui\player\helpers\AudioBackgroundPhotosManager.kt, P:\ANDROID\FastMediaSorter_mob_v2\app_v2\src\main\java\com\sza\fastmediasorter\ui\player\helpers\AudioBreathingBarsView.kt, P:\ANDROID\FastMediaSorter_mob_v2\app_v2\src\main\java\com\sza\fastmediasorter\ui\player\helpers\AudioEmptyStateController.kt, P:\ANDROID\FastMediaSorter_mob_v2\app_v2\src\main\java\com\sza\fastmediasorter\ui\player\helpers\AudioServiceController.kt, P:\ANDROID\FastMediaSorter_mob_v2\app_v2\src\main\java\com\sza\fastmediasorter\ui\player\helpers\AudioSlideshowPhotoModeManager.kt, P:\ANDROID\FastMediaSorter_mob_v2\app_v2\src\main\java\com\sza\fastmediasorter\ui\player\helpers\AudioWaveParticleView.kt, P:\ANDROID\FastMediaSorter_mob_v2\app_v2\src\main\java\com\sza\fastmediasorter\ui\player\helpers\BackgroundMusicManager.kt, P:\ANDROID\FastMediaSorter_mob_v2\app_v2\src\main\java\com\sza\fastmediasorter\ui\player\helpers\BaseDocumentViewerManager.kt, P:\ANDROID\FastMediaSorter_mob_v2\app_v2\src\main\java\com\sza\fastmediasorter\ui\player\helpers\DestinationButtonsManager.kt, P:\ANDROID\FastMediaSorter_mob_v2\app_v2\src\main\java\com\sza\fastmediasorter\ui\player\helpers\EpubSearchResult.kt, P:\ANDROID\FastMediaSorter_mob_v2\app_v2\src\main\java\com\sza\fastmediasorter\ui\player\helpers\EpubSearchResultAdapter.kt, P:\ANDROID\FastMediaSorter_mob_v2\app_v2\src\main\java\com\sza\fastmediasorter\ui\player\helpers\EpubStyleManager.kt, P:\ANDROID\FastMediaSorter_mob_v2\app_v2\src\main\java\com\sza\fastmediasorter\ui\player\helpers\EpubTocAdapter.kt, P:\ANDROID\FastMediaSorter_mob_v2\app_v2\src\main\java\com\sza\fastmediasorter\ui\player\helpers\EpubViewerManager.kt, P:\ANDROID\FastMediaSorter_mob_v2\app_v2\src\main\java\com\sza\fastmediasorter\ui\player\helpers\ExoPlayerControlsManager.kt, P:\ANDROID\FastMediaSorter_mob_v2\app_v2\src\main\java\com\sza\fastmediasorter\ui\player\helpers\FileCopyProgressDialog.kt, P:\ANDROID\FastMediaSorter_mob_v2\app_v2\src\main\java\com\sza\fastmediasorter\ui\player\helpers\GoogleLensButtonsManager.kt, P:\ANDROID\FastMediaSorter_mob_v2\app_v2\src\main\java\com\sza\fastmediasorter\ui\player\helpers\GoogleLensTranslationHelper.kt, P:\ANDROID\FastMediaSorter_mob_v2\app_v2\src\main\java\com\sza\fastmediasorter\ui\player\helpers\ImageOcrManager.kt, P:\ANDROID\FastMediaSorter_mob_v2\app_v2\src\main\java\com\sza\fastmediasorter\ui\player\helpers\LanguageBadgeDrawable.kt, P:\ANDROID\FastMediaSorter_mob_v2\app_v2\src\main\java\com\sza\fastmediasorter\ui\player\helpers\LyricsManager.kt, P:\ANDROID\FastMediaSorter_mob_v2\app_v2\src\main\java\com\sza\fastmediasorter\ui\player\helpers\MediaDisplayCoordinator.kt, P:\ANDROID\FastMediaSorter_mob_v2\app_v2\src\main\java\com\sza\fastmediasorter\ui\player\helpers\NetworkFileManager.kt, P:\ANDROID\FastMediaSorter_mob_v2\app_v2\src\main\java\com\sza\fastmediasorter\ui\player\helpers\PdfBitmapCache.kt, P:\ANDROID\FastMediaSorter_mob_v2\app_v2\src\main\java\com\sza\fastmediasorter\ui\player\helpers\PdfColorConversion.kt, P:\ANDROID\FastMediaSorter_mob_v2\app_v2\src\main\java\com\sza\fastmediasorter\ui\player\helpers\PdfPageAdapter.kt, P:\ANDROID\FastMediaSorter_mob_v2\app_v2\src\main\java\com\sza\fastmediasorter\ui\player\helpers\PdfRendererWrapper.kt, P:\ANDROID\FastMediaSorter_mob_v2\app_v2\src\main\java\com\sza\fastmediasorter\ui\player\helpers\PdfThumbnailAdapter.kt, P:\ANDROID\FastMediaSorter_mob_v2\app_v2\src\main\java\com\sza\fastmediasorter\ui\player\helpers\PdfViewerManager.kt, P:\ANDROID\FastMediaSorter_mob_v2\app_v2\src\main\java\com\sza\fastmediasorter\ui\player\helpers\PictureInPictureManager.kt, P:\ANDROID\FastMediaSorter_mob_v2\app_v2\src\main\java\com\sza\fastmediasorter\ui\player\helpers\PlayerBindingSafeViews.kt, P:\ANDROID\FastMediaSorter_mob_v2\app_v2\src\main\java\com\sza\fastmediasorter\ui\player\helpers\PlayerControlsSetupManager.kt, P:\ANDROID\FastMediaSorter_mob_v2\app_v2\src\main\java\com\sza\fastmediasorter\ui\player\helpers\PlayerDialogAndUiStateManager.kt, P:\ANDROID\FastMediaSorter_mob_v2\app_v2\src\main\java\com\sza\fastmediasorter\ui\player\helpers\PlayerGestureManager.kt, P:\ANDROID\FastMediaSorter_mob_v2\app_v2\src\main\java\com\sza\fastmediasorter\ui\player\helpers\PlayerGestureSetupManager.kt, P:\ANDROID\FastMediaSorter_mob_v2\app_v2\src\main\java\com\sza\fastmediasorter\ui\player\helpers\PlayerKeyboardHandler.kt, P:\ANDROID\FastMediaSorter_mob_v2\app_v2\src\main\java\com\sza\fastmediasorter\ui\player\helpers\PlayerLifecycleManager.kt, P:\ANDROID\FastMediaSorter_mob_v2\app_v2\src\main\java\com\sza\fastmediasorter\ui\player\helpers\PlayerMediaLoaderManager.kt, P:\ANDROID\FastMediaSorter_mob_v2\app_v2\src\main\java\com\sza\fastmediasorter\ui\player\helpers\PlayerNavigationManager.kt, P:\ANDROID\FastMediaSorter_mob_v2\app_v2\src\main\java\com\sza\fastmediasorter\ui\player\helpers\PlayerSettingsManager.kt, P:\ANDROID\FastMediaSorter_mob_v2\app_v2\src\main\java\com\sza\fastmediasorter\ui\player\helpers\PlayerUiStateCoordinator.kt, P:\ANDROID\FastMediaSorter_mob_v2\app_v2\src\main\java\com\sza\fastmediasorter\ui\player\helpers\SearchControlsManager.kt, P:\ANDROID\FastMediaSorter_mob_v2\app_v2\src\main\java\com\sza\fastmediasorter\ui\player\helpers\SleepTimerManager.kt, P:\ANDROID\FastMediaSorter_mob_v2\app_v2\src\main\java\com\sza\fastmediasorter\ui\player\helpers\StandaloneViewManager.kt, P:\ANDROID\FastMediaSorter_mob_v2\app_v2\src\main\java\com\sza\fastmediasorter\ui\player\helpers\SystemBarsManager.kt, P:\ANDROID\FastMediaSorter_mob_v2\app_v2\src\main\java\com\sza\fastmediasorter\ui\player\helpers\TesseractManager.kt, P:\ANDROID\FastMediaSorter_mob_v2\app_v2\src\main\java\com\sza\fastmediasorter\ui\player\helpers\TextEditorAutoSaveManager.kt, P:\ANDROID\FastMediaSorter_mob_v2\app_v2\src\main\java\com\sza\fastmediasorter\ui\player\helpers\TextFilePager.kt, P:\ANDROID\FastMediaSorter_mob_v2\app_v2\src\main\java\com\sza\fastmediasorter\ui\player\helpers\TextReaderTheme.kt, P:\ANDROID\FastMediaSorter_mob_v2\app_v2\src\main\java\com\sza\fastmediasorter\ui\player\helpers\TextUndoRedoManager.kt, P:\ANDROID\FastMediaSorter_mob_v2\app_v2\src\main\java\com\sza\fastmediasorter\ui\player\helpers\TextViewerManager.kt, P:\ANDROID\FastMediaSorter_mob_v2\app_v2\src\main\java\com\sza\fastmediasorter\ui\player\helpers\TouchZoneGestureManager.kt, P:\ANDROID\FastMediaSorter_mob_v2\app_v2\src\main\java\com\sza\fastmediasorter\ui\player\helpers\TranslationButtonManager.kt, P:\ANDROID\FastMediaSorter_mob_v2\app_v2\src\main\java\com\sza\fastmediasorter\ui\player\helpers\TranslationManager.kt, P:\ANDROID\FastMediaSorter_mob_v2\app_v2\src\main\java\com\sza\fastmediasorter\ui\player\helpers\TtsReadAloudManager.kt, P:\ANDROID\FastMediaSorter_mob_v2\app_v2\src\main\java\com\sza\fastmediasorter\ui\player\helpers\UndoOperationManager.kt, P:\ANDROID\FastMediaSorter_mob_v2\app_v2\src\main\java\com\sza\fastmediasorter\ui\player\helpers\VideoTouchDelegate.kt, P:\ANDROID\FastMediaSorter_mob_v2\app_v2\src\main\java\com\sza\fastmediasorter\ui\player\helpers\WindowMetricsCompat.kt, P:\ANDROID\FastMediaSorter_mob_v2\app_v2\src\main\java\com\sza\fastmediasorter\ui\player\ImageLoadingManager.kt, P:\ANDROID\FastMediaSorter_mob_v2\app_v2\src\main\java\com\sza\fastmediasorter\ui\player\MediaButtonRestartReceiver.kt, P:\ANDROID\FastMediaSorter_mob_v2\app_v2\src\main\java\com\sza\fastmediasorter\ui\player\MediaNotificationManager.kt, P:\ANDROID\FastMediaSorter_mob_v2\app_v2\src\main\java\com\sza\fastmediasorter\ui\player\model\TouchZoneHintType.kt, P:\ANDROID\FastMediaSorter_mob_v2\app_v2\src\main\java\com\sza\fastmediasorter\ui\player\PlayerActivity.kt, P:\ANDROID\FastMediaSorter_mob_v2\app_v2\src\main\java\com\sza\fastmediasorter\ui\player\PlayerDialogHelper.kt, P:\ANDROID\FastMediaSorter_mob_v2\app_v2\src\main\java\com\sza\fastmediasorter\ui\player\PlayerGestureHelper.kt, P:\ANDROID\FastMediaSorter_mob_v2\app_v2\src\main\java\com\sza\fastmediasorter\ui\player\PlayerViewModel.kt, P:\ANDROID\FastMediaSorter_mob_v2\app_v2\src\main\java\com\sza\fastmediasorter\ui\player\render\DualSurfaceStaticImageRenderer.kt, P:\ANDROID\FastMediaSorter_mob_v2\app_v2\src\main\java\com\sza\fastmediasorter\ui\player\render\LegacyPrefetchQueue.kt, P:\ANDROID\FastMediaSorter_mob_v2\app_v2\src\main\java\com\sza\fastmediasorter\ui\player\render\NoOpStaticImageRenderer.kt, P:\ANDROID\FastMediaSorter_mob_v2\app_v2\src\main\java\com\sza\fastmediasorter\ui\player\render\PrefetchQueue.kt, P:\ANDROID\FastMediaSorter_mob_v2\app_v2\src\main\java\com\sza\fastmediasorter\ui\player\render\PriorityPrefetchQueue.kt, P:\ANDROID\FastMediaSorter_mob_v2\app_v2\src\main\java\com\sza\fastmediasorter\ui\player\render\RenderTarget.kt, P:\ANDROID\FastMediaSorter_mob_v2\app_v2\src\main\java\com\sza\fastmediasorter\ui\player\render\StaticImageRenderer.kt, P:\ANDROID\FastMediaSorter_mob_v2\app_v2\src\main\java\com\sza\fastmediasorter\ui\player\render\TransitionPolicy.kt, P:\ANDROID\FastMediaSorter_mob_v2\app_v2\src\main\java\com\sza\fastmediasorter\ui\player\SlideshowController.kt, P:\ANDROID\FastMediaSorter_mob_v2\app_v2\src\main\java\com\sza\fastmediasorter\ui\player\SlideshowSettingsDialogFragment.kt, P:\ANDROID\FastMediaSorter_mob_v2\app_v2\src\main\java\com\sza\fastmediasorter\ui\player\StandalonePlayerActivity.kt, P:\ANDROID\FastMediaSorter_mob_v2\app_v2\src\main\java\com\sza\fastmediasorter\ui\player\StandalonePlayerViewModel.kt, P:\ANDROID\FastMediaSorter_mob_v2\app_v2\src\main\java\com\sza\fastmediasorter\ui\player\TouchZoneConfig.kt, P:\ANDROID\FastMediaSorter_mob_v2\app_v2\src\main\java\com\sza\fastmediasorter\ui\player\TouchZoneDetector.kt, P:\ANDROID\FastMediaSorter_mob_v2\app_v2\src\main\java\com\sza\fastmediasorter\ui\player\TouchZoneOverlayView.kt, P:\ANDROID\FastMediaSorter_mob_v2\app_v2\src\main\java\com\sza\fastmediasorter\ui\player\VideoPlayerManager.kt, P:\ANDROID\FastMediaSorter_mob_v2\app_v2\src\main\java\com\sza\fastmediasorter\ui\player\views\TranslationOverlayView.kt, P:\ANDROID\FastMediaSorter_mob_v2\app_v2\src\main\java\com\sza\fastmediasorter\ui\resourceeditor\ResourceEditorActivity.kt, P:\ANDROID\FastMediaSorter_mob_v2\app_v2\src\main\java\com\sza\fastmediasorter\ui\resourceeditor\ResourceEditorFragment.kt, P:\ANDROID\FastMediaSorter_mob_v2\app_v2\src\main\java\com\sza\fastmediasorter\ui\resourceeditor\ResourceFormViewModel.kt, P:\ANDROID\FastMediaSorter_mob_v2\app_v2\src\main\java\com\sza\fastmediasorter\ui\settings\BackupRestoreViewModel.kt, P:\ANDROID\FastMediaSorter_mob_v2\app_v2\src\main\java\com\sza\fastmediasorter\ui\settings\fragments\AudioSettingsFragment.kt, P:\ANDROID\FastMediaSorter_mob_v2\app_v2\src\main\java\com\sza\fastmediasorter\ui\settings\fragments\BackupRestoreFragment.kt, P:\ANDROID\FastMediaSorter_mob_v2\app_v2\src\main\java\com\sza\fastmediasorter\ui\settings\fragments\BaseSettingsFragment.kt, P:\ANDROID\FastMediaSorter_mob_v2\app_v2\src\main\java\com\sza\fastmediasorter\ui\settings\fragments\DestinationsSettingsFragment.kt, P:\ANDROID\FastMediaSorter_mob_v2\app_v2\src\main\java\com\sza\fastmediasorter\ui\settings\fragments\DocumentsSettingsFragment.kt, P:\ANDROID\FastMediaSorter_mob_v2\app_v2\src\main\java\com\sza\fastmediasorter\ui\settings\fragments\GeneralSettingsFragment.kt, P:\ANDROID\FastMediaSorter_mob_v2\app_v2\src\main\java\com\sza\fastmediasorter\ui\settings\fragments\ImagesSettingsFragment.kt, P:\ANDROID\FastMediaSorter_mob_v2\app_v2\src\main\java\com\sza\fastmediasorter\ui\settings\fragments\MediaSettingsFragment.kt, P:\ANDROID\FastMediaSorter_mob_v2\app_v2\src\main\java\com\sza\fastmediasorter\ui\settings\fragments\OpenSourceLicensesFragment.kt, P:\ANDROID\FastMediaSorter_mob_v2\app_v2\src\main\java\com\sza\fastmediasorter\ui\settings\fragments\OtherMediaSettingsFragment.kt, P:\ANDROID\FastMediaSorter_mob_v2\app_v2\src\main\java\com\sza\fastmediasorter\ui\settings\fragments\PlaybackSettingsFragment.kt, P:\ANDROID\FastMediaSorter_mob_v2\app_v2\src\main\java\com\sza\fastmediasorter\ui\settings\fragments\VideoSettingsFragment.kt, P:\ANDROID\FastMediaSorter_mob_v2\app_v2\src\main\java\com\sza\fastmediasorter\ui\settings\helpers\DefaultPlayerHelper.kt, P:\ANDROID\FastMediaSorter_mob_v2\app_v2\src\main\java\com\sza\fastmediasorter\ui\settings\helpers\DefaultPlayerManager.kt, P:\ANDROID\FastMediaSorter_mob_v2\app_v2\src\main\java\com\sza\fastmediasorter\ui\settings\IntegrationTestDialog.kt, P:\ANDROID\FastMediaSorter_mob_v2\app_v2\src\main\java\com\sza\fastmediasorter\ui\settings\IntegrationTestViewModel.kt, P:\ANDROID\FastMediaSorter_mob_v2\app_v2\src\main\java\com\sza\fastmediasorter\ui\settings\MediaCategoryPagerAdapter.kt, P:\ANDROID\FastMediaSorter_mob_v2\app_v2\src\main\java\com\sza\fastmediasorter\ui\settings\SettingsActivity.kt, P:\ANDROID\FastMediaSorter_mob_v2\app_v2\src\main\java\com\sza\fastmediasorter\ui\settings\SettingsPagerAdapter.kt, P:\ANDROID\FastMediaSorter_mob_v2\app_v2\src\main\java\com\sza\fastmediasorter\ui\settings\SettingsSearchAdapter.kt, P:\ANDROID\FastMediaSorter_mob_v2\app_v2\src\main\java\com\sza\fastmediasorter\ui\settings\SettingsSearchIndex.kt, P:\ANDROID\FastMediaSorter_mob_v2\app_v2\src\main\java\com\sza\fastmediasorter\ui\settings\SettingsViewModel.kt, P:\ANDROID\FastMediaSorter_mob_v2\app_v2\src\main\java\com\sza\fastmediasorter\ui\welcome\WelcomeActivity.kt, P:\ANDROID\FastMediaSorter_mob_v2\app_v2\src\main\java\com\sza\fastmediasorter\ui\welcome\WelcomePagerAdapter.kt, P:\ANDROID\FastMediaSorter_mob_v2\app_v2\src\main\java\com\sza\fastmediasorter\ui\welcome\WelcomeViewModel.kt, P:\ANDROID\FastMediaSorter_mob_v2\app_v2\src\main\java\com\sza\fastmediasorter\util\BinaryFileThumbnailGenerator.kt, P:\ANDROID\FastMediaSorter_mob_v2\app_v2\src\main\java\com\sza\fastmediasorter\util\BinaryFileTypeDetector.kt, P:\ANDROID\FastMediaSorter_mob_v2\app_v2\src\main\java\com\sza\fastmediasorter\util\ConnectionErrorFormatter.kt, P:\ANDROID\FastMediaSorter_mob_v2\app_v2\src\main\java\com\sza\fastmediasorter\util\ExtensionThumbnailGenerator.kt, P:\ANDROID\FastMediaSorter_mob_v2\app_v2\src\main\java\com\sza\fastmediasorter\util\gif\AnimatedGifEncoder.kt, P:\ANDROID\FastMediaSorter_mob_v2\app_v2\src\main\java\com\sza\fastmediasorter\util\KeyboardShortcutHandler.kt, P:\ANDROID\FastMediaSorter_mob_v2\app_v2\src\main\java\com\sza\fastmediasorter\util\ThumbnailColorMapper.kt, P:\ANDROID\FastMediaSorter_mob_v2\app_v2\src\main\java\com\sza\fastmediasorter\util\ToastThrottler.kt, P:\ANDROID\FastMediaSorter_mob_v2\app_v2\src\main\java\com\sza\fastmediasorter\util\VirtualPathUtils.kt, P:\ANDROID\FastMediaSorter_mob_v2\app_v2\src\main\java\com\sza\fastmediasorter\utils\CharsetDetector.kt, P:\ANDROID\FastMediaSorter_mob_v2\app_v2\src\main\java\com\sza\fastmediasorter\utils\ClickUtils.kt, P:\ANDROID\FastMediaSorter_mob_v2\app_v2\src\main\java\com\sza\fastmediasorter\utils\FileExtensions.kt, P:\ANDROID\FastMediaSorter_mob_v2\app_v2\src\main\java\com\sza\fastmediasorter\utils\FtpPathUtils.kt, P:\ANDROID\FastMediaSorter_mob_v2\app_v2\src\main\java\com\sza\fastmediasorter\utils\GlideCacheStats.kt, P:\ANDROID\FastMediaSorter_mob_v2\app_v2\src\main\java\com\sza\fastmediasorter\utils\MediaStoreNotifier.kt, P:\ANDROID\FastMediaSorter_mob_v2\app_v2\src\main\java\com\sza\fastmediasorter\utils\NetworkUtils.kt, P:\ANDROID\FastMediaSorter_mob_v2\app_v2\src\main\java\com\sza\fastmediasorter\utils\PdfExportHelper.kt, P:\ANDROID\FastMediaSorter_mob_v2\app_v2\src\main\java\com\sza\fastmediasorter\utils\PdfHelper.kt, P:\ANDROID\FastMediaSorter_mob_v2\app_v2\src\main\java\com\sza\fastmediasorter\utils\PdfThumbnailHelper.kt, P:\ANDROID\FastMediaSorter_mob_v2\app_v2\src\main\java\com\sza\fastmediasorter\utils\PermissionChecker.kt, P:\ANDROID\FastMediaSorter_mob_v2\app_v2\src\main\java\com\sza\fastmediasorter\utils\SafHelper.kt, P:\ANDROID\FastMediaSorter_mob_v2\app_v2\src\main\java\com\sza\fastmediasorter\utils\SftpPathUtils.kt, P:\ANDROID\FastMediaSorter_mob_v2\app_v2\src\main\java\com\sza\fastmediasorter\utils\SmbPathUtils.kt, P:\ANDROID\FastMediaSorter_mob_v2\app_v2\src\main\java\com\sza\fastmediasorter\utils\SyntaxHighlighter.kt, P:\ANDROID\FastMediaSorter_mob_v2\app_v2\src\main\java\com\sza\fastmediasorter\utils\UserActionLogger.kt, P:\ANDROID\FastMediaSorter_mob_v2\app_v2\src\main\java\com\sza\fastmediasorter\utils\ViewExtensions.kt, P:\ANDROID\FastMediaSorter_mob_v2\app_v2\src\main\java\com\sza\fastmediasorter\widget\CameraPhotosWidgetProvider.kt, P:\ANDROID\FastMediaSorter_mob_v2\app_v2\src\main\java\com\sza\fastmediasorter\widget\ContinueReadingWidgetProvider.kt, P:\ANDROID\FastMediaSorter_mob_v2\app_v2\src\main\java\com\sza\fastmediasorter\widget\FavoritesWidgetProvider.kt, P:\ANDROID\FastMediaSorter_mob_v2\app_v2\src\main\java\com\sza\fastmediasorter\widget\FavoritesWidgetService.kt, P:\ANDROID\FastMediaSorter_mob_v2\app_v2\src\main\java\com\sza\fastmediasorter\widget\RandomMusicWidgetProvider.kt, P:\ANDROID\FastMediaSorter_mob_v2\app_v2\src\main\java\com\sza\fastmediasorter\widget\ResourceLaunchWidgetConfigActivity.kt, P:\ANDROID\FastMediaSorter_mob_v2\app_v2\src\main\java\com\sza\fastmediasorter\widget\ResourceLaunchWidgetProvider.kt, P:\ANDROID\FastMediaSorter_mob_v2\app_v2\src\main\java\com\sza\fastmediasorter\worker\NetworkFilesSyncWorker.kt, P:\ANDROID\FastMediaSorter_mob_v2\app_v2\src\main\java\com\sza\fastmediasorter\worker\OrphanCleanupWorker.kt, P:\ANDROID\FastMediaSorter_mob_v2\app_v2\src\main\java\com\sza\fastmediasorter\worker\PendingRevocationWorker.kt, P:\ANDROID\FastMediaSorter_mob_v2\app_v2\src\main\java\com\sza\fastmediasorter\worker\TrashCleanupWorker.kt, P:\ANDROID\FastMediaSorter_mob_v2\app_v2\src\main\java\com\sza\fastmediasorter\worker\WorkManagerScheduler.kt, P:\ANDROID\FastMediaSorter_mob_v2\app_v2\src\debug\java\com\sza\fastmediasorter\core\debug\CrashReportFormatter.kt, P:\ANDROID\FastMediaSorter_mob_v2\app_v2\src\debug\java\com\sza\fastmediasorter\core\debug\DebugFeatureFlags.kt, P:\ANDROID\FastMediaSorter_mob_v2\app_v2\src\debug\java\com\sza\fastmediasorter\core\debug\DebugNotificationCenter.kt, P:\ANDROID\FastMediaSorter_mob_v2\app_v2\src\debug\java\com\sza\fastmediasorter\core\debug\DebugToolsBootstrap.kt, P:\ANDROID\FastMediaSorter_mob_v2\app_v2\src\debug\java\com\sza\fastmediasorter\ui\debug\CrashActivity.kt, P:\ANDROID\FastMediaSorter_mob_v2\app_v2\src\debug\java\com\sza\fastmediasorter\ui\debug\DebugActivity.kt
Java source files: P:\ANDROID\FastMediaSorter_mob_v2\app_v2\build\generated\source\buildConfig\standard\debug\com\sza\fastmediasorter\BuildConfig.java, P:\ANDROID\FastMediaSorter_mob_v2\app_v2\build\generated\data_binding_base_class_source_out\standardDebug\out\com\sza\fastmediasorter\databinding\ActivityAddResourceBinding.java, P:\ANDROID\FastMediaSorter_mob_v2\app_v2\build\generated\data_binding_base_class_source_out\standardDebug\out\com\sza\fastmediasorter\databinding\ActivityBrowseBinding.java, P:\ANDROID\FastMediaSorter_mob_v2\app_v2\build\generated\data_binding_base_class_source_out\standardDebug\out\com\sza\fastmediasorter\databinding\ActivityCrashBinding.java, P:\ANDROID\FastMediaSorter_mob_v2\app_v2\build\generated\data_binding_base_class_source_out\standardDebug\out\com\sza\fastmediasorter\databinding\ActivityDebugBinding.java, P:\ANDROID\FastMediaSorter_mob_v2\app_v2\build\generated\data_binding_base_class_source_out\standardDebug\out\com\sza\fastmediasorter\databinding\ActivityDropboxFolderPickerBinding.java, P:\ANDROID\FastMediaSorter_mob_v2\app_v2\build\generated\data_binding_base_class_source_out\standardDebug\out\com\sza\fastmediasorter\databinding\ActivityGoogleDriveFolderPickerBinding.java, P:\ANDROID\FastMediaSorter_mob_v2\app_v2\build\generated\data_binding_base_class_source_out\standardDebug\out\com\sza\fastmediasorter\databinding\ActivityMainBinding.java, P:\ANDROID\FastMediaSorter_mob_v2\app_v2\build\generated\data_binding_base_class_source_out\standardDebug\out\com\sza\fastmediasorter\databinding\ActivityOnedriveFolderPickerBinding.java, P:\ANDROID\FastMediaSorter_mob_v2\app_v2\build\generated\data_binding_base_class_source_out\standardDebug\out\com\sza\fastmediasorter\databinding\ActivityPlayerUnifiedBinding.java, P:\ANDROID\FastMediaSorter_mob_v2\app_v2\build\generated\data_binding_base_class_source_out\standardDebug\out\com\sza\fastmediasorter\databinding\ActivityResourceEditorBinding.java, P:\ANDROID\FastMediaSorter_mob_v2\app_v2\build\generated\data_binding_base_class_source_out\standardDebug\out\com\sza\fastmediasorter\databinding\ActivitySettingsBinding.java, P:\ANDROID\FastMediaSorter_mob_v2\app_v2\build\generated\data_binding_base_class_source_out\standardDebug\out\com\sza\fastmediasorter\databinding\ActivityWelcomeBinding.java, P:\ANDROID\FastMediaSorter_mob_v2\app_v2\build\generated\data_binding_base_class_source_out\standardDebug\out\com\sza\fastmediasorter\databinding\BottomSheetBinaryFileBinding.java, P:\ANDROID\FastMediaSorter_mob_v2\app_v2\build\generated\data_binding_base_class_source_out\standardDebug\out\com\sza\fastmediasorter\databinding\BottomSheetEpubSearchBinding.java, P:\ANDROID\FastMediaSorter_mob_v2\app_v2\build\generated\data_binding_base_class_source_out\standardDebug\out\com\sza\fastmediasorter\databinding\BottomSheetEpubTocBinding.java, P:\ANDROID\FastMediaSorter_mob_v2\app_v2\build\generated\data_binding_base_class_source_out\standardDebug\out\com\sza\fastmediasorter\databinding\BottomSheetPdfThumbnailsBinding.java, P:\ANDROID\FastMediaSorter_mob_v2\app_v2\build\generated\data_binding_base_class_source_out\standardDebug\out\com\sza\fastmediasorter\databinding\CustomPlayerControlsBinding.java, P:\ANDROID\FastMediaSorter_mob_v2\app_v2\build\generated\data_binding_base_class_source_out\standardDebug\out\com\sza\fastmediasorter\databinding\DialogAccessPasswordBinding.java, P:\ANDROID\FastMediaSorter_mob_v2\app_v2\build\generated\data_binding_base_class_source_out\standardDebug\out\com\sza\fastmediasorter\databinding\DialogColorPickerBinding.java, P:\ANDROID\FastMediaSorter_mob_v2\app_v2\build\generated\data_binding_base_class_source_out\standardDebug\out\com\sza\fastmediasorter\databinding\DialogCopyToBinding.java, P:\ANDROID\FastMediaSorter_mob_v2\app_v2\build\generated\data_binding_base_class_source_out\standardDebug\out\com\sza\fastmediasorter\databinding\DialogDeleteBinding.java, P:\ANDROID\FastMediaSorter_mob_v2\app_v2\build\generated\data_binding_base_class_source_out\standardDebug\out\com\sza\fastmediasorter\databinding\DialogEpubReaderSettingsBinding.java, P:\ANDROID\FastMediaSorter_mob_v2\app_v2\build\generated\data_binding_base_class_source_out\standardDebug\out\com\sza\fastmediasorter\databinding\DialogFileCopyProgressBinding.java, P:\ANDROID\FastMediaSorter_mob_v2\app_v2\build\generated\data_binding_base_class_source_out\standardDebug\out\com\sza\fastmediasorter\databinding\DialogFileInfoBinding.java, P:\ANDROID\FastMediaSorter_mob_v2\app_v2\build\generated\data_binding_base_class_source_out\standardDebug\out\com\sza\fastmediasorter\databinding\DialogFileOperationProgressBinding.java, P:\ANDROID\FastMediaSorter_mob_v2\app_v2\build\generated\data_binding_base_class_source_out\standardDebug\out\com\sza\fastmediasorter\databinding\DialogFilterBinding.java, P:\ANDROID\FastMediaSorter_mob_v2\app_v2\build\generated\data_binding_base_class_source_out\standardDebug\out\com\sza\fastmediasorter\databinding\DialogFilterResourceBinding.java, P:\ANDROID\FastMediaSorter_mob_v2\app_v2\build\generated\data_binding_base_class_source_out\standardDebug\out\com\sza\fastmediasorter\databinding\DialogFolderBrowserBinding.java, P:\ANDROID\FastMediaSorter_mob_v2\app_v2\build\generated\data_binding_base_class_source_out\standardDebug\out\com\sza\fastmediasorter\databinding\DialogFolderSelectionBinding.java, P:\ANDROID\FastMediaSorter_mob_v2\app_v2\build\generated\data_binding_base_class_source_out\standardDebug\out\com\sza\fastmediasorter\databinding\DialogGifEditorBinding.java, P:\ANDROID\FastMediaSorter_mob_v2\app_v2\build\generated\data_binding_base_class_source_out\standardDebug\out\com\sza\fastmediasorter\databinding\DialogImageEditBinding.java, P:\ANDROID\FastMediaSorter_mob_v2\app_v2\build\generated\data_binding_base_class_source_out\standardDebug\out\com\sza\fastmediasorter\databinding\DialogIntegrationTestBinding.java, P:\ANDROID\FastMediaSorter_mob_v2\app_v2\build\generated\data_binding_base_class_source_out\standardDebug\out\com\sza\fastmediasorter\databinding\DialogLogViewBinding.java, P:\ANDROID\FastMediaSorter_mob_v2\app_v2\build\generated\data_binding_base_class_source_out\standardDebug\out\com\sza\fastmediasorter\databinding\DialogMaterialProgressHorizontalBinding.java, P:\ANDROID\FastMediaSorter_mob_v2\app_v2\build\generated\data_binding_base_class_source_out\standardDebug\out\com\sza\fastmediasorter\databinding\DialogMaterialProgressSpinnerBinding.java, P:\ANDROID\FastMediaSorter_mob_v2\app_v2\build\generated\data_binding_base_class_source_out\standardDebug\out\com\sza\fastmediasorter\databinding\DialogNetworkDiscoveryBinding.java, P:\ANDROID\FastMediaSorter_mob_v2\app_v2\build\generated\data_binding_base_class_source_out\standardDebug\out\com\sza\fastmediasorter\databinding\DialogPlayerSettingsBinding.java, P:\ANDROID\FastMediaSorter_mob_v2\app_v2\build\generated\data_binding_base_class_source_out\standardDebug\out\com\sza\fastmediasorter\databinding\DialogRenameBinding.java, P:\ANDROID\FastMediaSorter_mob_v2\app_v2\build\generated\data_binding_base_class_source_out\standardDebug\out\com\sza\fastmediasorter\databinding\DialogRenameMultipleBinding.java, P:\ANDROID\FastMediaSorter_mob_v2\app_v2\build\generated\data_binding_base_class_source_out\standardDebug\out\com\sza\fastmediasorter\databinding\DialogResourcePickerBinding.java, P:\ANDROID\FastMediaSorter_mob_v2\app_v2\build\generated\data_binding_base_class_source_out\standardDebug\out\com\sza\fastmediasorter\databinding\DialogResourceTypeSelectorBinding.java, P:\ANDROID\FastMediaSorter_mob_v2\app_v2\build\generated\data_binding_base_class_source_out\standardDebug\out\com\sza\fastmediasorter\databinding\DialogScrollableTextBinding.java, P:\ANDROID\FastMediaSorter_mob_v2\app_v2\build\generated\data_binding_base_class_source_out\standardDebug\out\com\sza\fastmediasorter\databinding\DialogSlideshowSettingsBinding.java, P:\ANDROID\FastMediaSorter_mob_v2\app_v2\build\generated\data_binding_base_class_source_out\standardDebug\out\com\sza\fastmediasorter\databinding\DialogSortBinding.java, P:\ANDROID\FastMediaSorter_mob_v2\app_v2\build\generated\data_binding_base_class_source_out\standardDebug\out\com\sza\fastmediasorter\databinding\DialogTranslationSettingsBinding.java, P:\ANDROID\FastMediaSorter_mob_v2\app_v2\build\generated\data_binding_base_class_source_out\standardDebug\out\com\sza\fastmediasorter\databinding\FragmentOpenSourceLicensesBinding.java, P:\ANDROID\FastMediaSorter_mob_v2\app_v2\build\generated\data_binding_base_class_source_out\standardDebug\out\com\sza\fastmediasorter\databinding\FragmentResourceEditorBinding.java, P:\ANDROID\FastMediaSorter_mob_v2\app_v2\build\generated\data_binding_base_class_source_out\standardDebug\out\com\sza\fastmediasorter\databinding\FragmentSettingsAudioBinding.java, P:\ANDROID\FastMediaSorter_mob_v2\app_v2\build\generated\data_binding_base_class_source_out\standardDebug\out\com\sza\fastmediasorter\databinding\FragmentSettingsBackupRestoreBinding.java, P:\ANDROID\FastMediaSorter_mob_v2\app_v2\build\generated\data_binding_base_class_source_out\standardDebug\out\com\sza\fastmediasorter\databinding\FragmentSettingsDestinationsBinding.java, P:\ANDROID\FastMediaSorter_mob_v2\app_v2\build\generated\data_binding_base_class_source_out\standardDebug\out\com\sza\fastmediasorter\databinding\FragmentSettingsDocumentsBinding.java, P:\ANDROID\FastMediaSorter_mob_v2\app_v2\build\generated\data_binding_base_class_source_out\standardDebug\out\com\sza\fastmediasorter\databinding\FragmentSettingsGeneralBinding.java, P:\ANDROID\FastMediaSorter_mob_v2\app_v2\build\generated\data_binding_base_class_source_out\standardDebug\out\com\sza\fastmediasorter\databinding\FragmentSettingsImagesBinding.java, P:\ANDROID\FastMediaSorter_mob_v2\app_v2\build\generated\data_binding_base_class_source_out\standardDebug\out\com\sza\fastmediasorter\databinding\FragmentSettingsMediaContainerBinding.java, P:\ANDROID\FastMediaSorter_mob_v2\app_v2\build\generated\data_binding_base_class_source_out\standardDebug\out\com\sza\fastmediasorter\databinding\FragmentSettingsOtherBinding.java, P:\ANDROID\FastMediaSorter_mob_v2\app_v2\build\generated\data_binding_base_class_source_out\standardDebug\out\com\sza\fastmediasorter\databinding\FragmentSettingsPlaybackBinding.java, P:\ANDROID\FastMediaSorter_mob_v2\app_v2\build\generated\data_binding_base_class_source_out\standardDebug\out\com\sza\fastmediasorter\databinding\FragmentSettingsVideoBinding.java, P:\ANDROID\FastMediaSorter_mob_v2\app_v2\build\generated\data_binding_base_class_source_out\standardDebug\out\com\sza\fastmediasorter\databinding\ItemColorBinding.java, P:\ANDROID\FastMediaSorter_mob_v2\app_v2\build\generated\data_binding_base_class_source_out\standardDebug\out\com\sza\fastmediasorter\databinding\ItemDestinationBinding.java, P:\ANDROID\FastMediaSorter_mob_v2\app_v2\build\generated\data_binding_base_class_source_out\standardDebug\out\com\sza\fastmediasorter\databinding\ItemDestinationButtonBinding.java, P:\ANDROID\FastMediaSorter_mob_v2\app_v2\build\generated\data_binding_base_class_source_out\standardDebug\out\com\sza\fastmediasorter\databinding\ItemDropboxFolderBinding.java, P:\ANDROID\FastMediaSorter_mob_v2\app_v2\build\generated\data_binding_base_class_source_out\standardDebug\out\com\sza\fastmediasorter\databinding\ItemEpubSearchResultBinding.java, P:\ANDROID\FastMediaSorter_mob_v2\app_v2\build\generated\data_binding_base_class_source_out\standardDebug\out\com\sza\fastmediasorter\databinding\ItemEpubTocBinding.java, P:\ANDROID\FastMediaSorter_mob_v2\app_v2\build\generated\data_binding_base_class_source_out\standardDebug\out\com\sza\fastmediasorter\databinding\ItemFolderBinding.java, P:\ANDROID\FastMediaSorter_mob_v2\app_v2\build\generated\data_binding_base_class_source_out\standardDebug\out\com\sza\fastmediasorter\databinding\ItemGoogleDriveFolderBinding.java, P:\ANDROID\FastMediaSorter_mob_v2\app_v2\build\generated\data_binding_base_class_source_out\standardDebug\out\com\sza\fastmediasorter\databinding\ItemMediaFileBinding.java, P:\ANDROID\FastMediaSorter_mob_v2\app_v2\build\generated\data_binding_base_class_source_out\standardDebug\out\com\sza\fastmediasorter\databinding\ItemMediaFileGridBinding.java, P:\ANDROID\FastMediaSorter_mob_v2\app_v2\build\generated\data_binding_base_class_source_out\standardDebug\out\com\sza\fastmediasorter\databinding\ItemMediaFileGridOperationsBinding.java, P:\ANDROID\FastMediaSorter_mob_v2\app_v2\build\generated\data_binding_base_class_source_out\standardDebug\out\com\sza\fastmediasorter\databinding\ItemNetworkHostBinding.java, P:\ANDROID\FastMediaSorter_mob_v2\app_v2\build\generated\data_binding_base_class_source_out\standardDebug\out\com\sza\fastmediasorter\databinding\ItemOnedriveFolderBinding.java, P:\ANDROID\FastMediaSorter_mob_v2\app_v2\build\generated\data_binding_base_class_source_out\standardDebug\out\com\sza\fastmediasorter\databinding\ItemPagingLoadStateBinding.java, P:\ANDROID\FastMediaSorter_mob_v2\app_v2\build\generated\data_binding_base_class_source_out\standardDebug\out\com\sza\fastmediasorter\databinding\ItemPdfPageBinding.java, P:\ANDROID\FastMediaSorter_mob_v2\app_v2\build\generated\data_binding_base_class_source_out\standardDebug\out\com\sza\fastmediasorter\databinding\ItemPdfThumbnailBinding.java, P:\ANDROID\FastMediaSorter_mob_v2\app_v2\build\generated\data_binding_base_class_source_out\standardDebug\out\com\sza\fastmediasorter\databinding\ItemRenameFileBinding.java, P:\ANDROID\FastMediaSorter_mob_v2\app_v2\build\generated\data_binding_base_class_source_out\standardDebug\out\com\sza\fastmediasorter\databinding\ItemResourceBinding.java, P:\ANDROID\FastMediaSorter_mob_v2\app_v2\build\generated\data_binding_base_class_source_out\standardDebug\out\com\sza\fastmediasorter\databinding\ItemResourceGridBinding.java, P:\ANDROID\FastMediaSorter_mob_v2\app_v2\build\generated\data_binding_base_class_source_out\standardDebug\out\com\sza\fastmediasorter\databinding\ItemResourceToAddBinding.java, P:\ANDROID\FastMediaSorter_mob_v2\app_v2\build\generated\data_binding_base_class_source_out\standardDebug\out\com\sza\fastmediasorter\databinding\ItemSettingsSearchResultBinding.java, P:\ANDROID\FastMediaSorter_mob_v2\app_v2\build\generated\data_binding_base_class_source_out\standardDebug\out\com\sza\fastmediasorter\databinding\ItemSortOptionBinding.java, P:\ANDROID\FastMediaSorter_mob_v2\app_v2\build\generated\data_binding_base_class_source_out\standardDebug\out\com\sza\fastmediasorter\databinding\PageWelcomeBinding.java, P:\ANDROID\FastMediaSorter_mob_v2\app_v2\build\generated\data_binding_base_class_source_out\standardDebug\out\com\sza\fastmediasorter\databinding\PageWelcomeDefaultPlayerBinding.java, P:\ANDROID\FastMediaSorter_mob_v2\app_v2\build\generated\data_binding_base_class_source_out\standardDebug\out\com\sza\fastmediasorter\databinding\PageWelcomeEnhancedBinding.java, P:\ANDROID\FastMediaSorter_mob_v2\app_v2\build\generated\data_binding_base_class_source_out\standardDebug\out\com\sza\fastmediasorter\databinding\PageWelcomePermissionsBinding.java, P:\ANDROID\FastMediaSorter_mob_v2\app_v2\build\generated\data_binding_base_class_source_out\standardDebug\out\com\sza\fastmediasorter\databinding\PageWelcomeTouchZonesBinding.java, P:\ANDROID\FastMediaSorter_mob_v2\app_v2\build\generated\data_binding_base_class_source_out\standardDebug\out\com\sza\fastmediasorter\databinding\PlayerAudioInfoOverlayContentBinding.java, P:\ANDROID\FastMediaSorter_mob_v2\app_v2\build\generated\data_binding_base_class_source_out\standardDebug\out\com\sza\fastmediasorter\databinding\PlayerAudioTouchZonesOverlayContentBinding.java, P:\ANDROID\FastMediaSorter_mob_v2\app_v2\build\generated\data_binding_base_class_source_out\standardDebug\out\com\sza\fastmediasorter\databinding\PlayerBackgroundMusicTrackOverlayContentBinding.java, P:\ANDROID\FastMediaSorter_mob_v2\app_v2\build\generated\data_binding_base_class_source_out\standardDebug\out\com\sza\fastmediasorter\databinding\PlayerBottomPanelsContainerContentBinding.java, P:\ANDROID\FastMediaSorter_mob_v2\app_v2\build\generated\data_binding_base_class_source_out\standardDebug\out\com\sza\fastmediasorter\databinding\PlayerDeprecatedGoogleLensImageButtonContentBinding.java, P:\ANDROID\FastMediaSorter_mob_v2\app_v2\build\generated\data_binding_base_class_source_out\standardDebug\out\com\sza\fastmediasorter\databinding\PlayerDeprecatedOcrImageButtonContentBinding.java, P:\ANDROID\FastMediaSorter_mob_v2\app_v2\build\generated\data_binding_base_class_source_out\standardDebug\out\com\sza\fastmediasorter\databinding\PlayerDeprecatedTranslateImageButtonContentBinding.java, P:\ANDROID\FastMediaSorter_mob_v2\app_v2\build\generated\data_binding_base_class_source_out\standardDebug\out\com\sza\fastmediasorter\databinding\PlayerDocumentFullscreenExitButtonContentBinding.java, P:\ANDROID\FastMediaSorter_mob_v2\app_v2\build\generated\data_binding_base_class_source_out\standardDebug\out\com\sza\fastmediasorter\databinding\PlayerEpubControlsOverlayContentBinding.java, P:\ANDROID\FastMediaSorter_mob_v2\app_v2\build\generated\data_binding_base_class_source_out\standardDebug\out\com\sza\fastmediasorter\databinding\PlayerFirstRunHintOverlayContentBinding.java, P:\ANDROID\FastMediaSorter_mob_v2\app_v2\build\generated\data_binding_base_class_source_out\standardDebug\out\com\sza\fastmediasorter\databinding\PlayerLyricsViewerContainerBinding.java, P:\ANDROID\FastMediaSorter_mob_v2\app_v2\build\generated\data_binding_base_class_source_out\standardDebug\out\com\sza\fastmediasorter\databinding\PlayerPdfControlsOverlayContentBinding.java, P:\ANDROID\FastMediaSorter_mob_v2\app_v2\build\generated\data_binding_base_class_source_out\standardDebug\out\com\sza\fastmediasorter\databinding\PlayerPdfExitFullscreenButtonContentBinding.java, P:\ANDROID\FastMediaSorter_mob_v2\app_v2\build\generated\data_binding_base_class_source_out\standardDebug\out\com\sza\fastmediasorter\databinding\PlayerPdfFullscreenOverlayContentBinding.java, P:\ANDROID\FastMediaSorter_mob_v2\app_v2\build\generated\data_binding_base_class_source_out\standardDebug\out\com\sza\fastmediasorter\databinding\PlayerSearchPanelContentBinding.java, P:\ANDROID\FastMediaSorter_mob_v2\app_v2\build\generated\data_binding_base_class_source_out\standardDebug\out\com\sza\fastmediasorter\databinding\PlayerTextViewerContainerContentBinding.java, P:\ANDROID\FastMediaSorter_mob_v2\app_v2\build\generated\data_binding_base_class_source_out\standardDebug\out\com\sza\fastmediasorter\databinding\PlayerTouchZonesLegacyContentBinding.java, P:\ANDROID\FastMediaSorter_mob_v2\app_v2\build\generated\data_binding_base_class_source_out\standardDebug\out\com\sza\fastmediasorter\databinding\PlayerTouchZonesOverlayNewContentBinding.java, P:\ANDROID\FastMediaSorter_mob_v2\app_v2\build\generated\data_binding_base_class_source_out\standardDebug\out\com\sza\fastmediasorter\databinding\PlayerTranslationOverlayContentBinding.java, P:\ANDROID\FastMediaSorter_mob_v2\app_v2\build\generated\data_binding_base_class_source_out\standardDebug\out\com\sza\fastmediasorter\databinding\PlayerTvCountdownContentBinding.java, P:\ANDROID\FastMediaSorter_mob_v2\app_v2\build\generated\data_binding_base_class_source_out\standardDebug\out\com\sza\fastmediasorter\databinding\WidgetCameraPhotosBinding.java, P:\ANDROID\FastMediaSorter_mob_v2\app_v2\build\generated\data_binding_base_class_source_out\standardDebug\out\com\sza\fastmediasorter\databinding\WidgetContinueReadingBinding.java, P:\ANDROID\FastMediaSorter_mob_v2\app_v2\build\generated\data_binding_base_class_source_out\standardDebug\out\com\sza\fastmediasorter\databinding\WidgetFavoritesBinding.java, P:\ANDROID\FastMediaSorter_mob_v2\app_v2\build\generated\data_binding_base_class_source_out\standardDebug\out\com\sza\fastmediasorter\databinding\WidgetFavoritesItemBinding.java, P:\ANDROID\FastMediaSorter_mob_v2\app_v2\build\generated\data_binding_base_class_source_out\standardDebug\out\com\sza\fastmediasorter\databinding\WidgetPreviewCameraPhotosBinding.java, P:\ANDROID\FastMediaSorter_mob_v2\app_v2\build\generated\data_binding_base_class_source_out\standardDebug\out\com\sza\fastmediasorter\databinding\WidgetPreviewContinueReadingBinding.java, P:\ANDROID\FastMediaSorter_mob_v2\app_v2\build\generated\data_binding_base_class_source_out\standardDebug\out\com\sza\fastmediasorter\databinding\WidgetPreviewFavoritesBinding.java, P:\ANDROID\FastMediaSorter_mob_v2\app_v2\build\generated\data_binding_base_class_source_out\standardDebug\out\com\sza\fastmediasorter\databinding\WidgetPreviewRandomMusicBinding.java, P:\ANDROID\FastMediaSorter_mob_v2\app_v2\build\generated\data_binding_base_class_source_out\standardDebug\out\com\sza\fastmediasorter\databinding\WidgetPreviewResourceLaunchBinding.java, P:\ANDROID\FastMediaSorter_mob_v2\app_v2\build\generated\data_binding_base_class_source_out\standardDebug\out\com\sza\fastmediasorter\databinding\WidgetRandomMusicBinding.java, P:\ANDROID\FastMediaSorter_mob_v2\app_v2\build\generated\data_binding_base_class_source_out\standardDebug\out\com\sza\fastmediasorter\databinding\WidgetResourceLaunchBinding.java, P:\ANDROID\FastMediaSorter_mob_v2\app_v2\build\generated\source\kapt\standardDebug\com\bumptech\glide\GeneratedAppGlideModuleImpl.java, P:\ANDROID\FastMediaSorter_mob_v2\app_v2\build\generated\source\kapt\standardDebug\com\bumptech\glide\GeneratedRequestManagerFactory.java, P:\ANDROID\FastMediaSorter_mob_v2\app_v2\build\generated\source\kapt\standardDebug\com\sza\fastmediasorter\core\cache\UnifiedFileCache_Factory.java, P:\ANDROID\FastMediaSorter_mob_v2\app_v2\build\generated\source\kapt\standardDebug\com\sza\fastmediasorter\core\di\AppModule_ProvideApplicationContextFactory.java, P:\ANDROID\FastMediaSorter_mob_v2\app_v2\build\generated\source\kapt\standardDebug\com\sza\fastmediasorter\core\di\AppModule_ProvideApplicationScopeFactory.java, P:\ANDROID\FastMediaSorter_mob_v2\app_v2\build\generated\source\kapt\standardDebug\com\sza\fastmediasorter\core\di\AppModule_ProvideDataStoreFactory.java, P:\ANDROID\FastMediaSorter_mob_v2\app_v2\build\generated\source\kapt\standardDebug\com\sza\fastmediasorter\core\di\AppModule_ProvideDefaultDispatcherFactory.java, P:\ANDROID\FastMediaSorter_mob_v2\app_v2\build\generated\source\kapt\standardDebug\com\sza\fastmediasorter\core\di\AppModule_ProvideFtpClientFactory.java, P:\ANDROID\FastMediaSorter_mob_v2\app_v2\build\generated\source\kapt\standardDebug\com\sza\fastmediasorter\core\di\AppModule_ProvideGoogleDriveRestClientFactory.java, P:\ANDROID\FastMediaSorter_mob_v2\app_v2\build\generated\source\kapt\standardDebug\com\sza\fastmediasorter\core\di\AppModule_ProvideIoDispatcherFactory.java, P:\ANDROID\FastMediaSorter_mob_v2\app_v2\build\generated\source\kapt\standardDebug\com\sza\fastmediasorter\core\di\AppModule_ProvideITunesApiServiceFactory.java, P:\ANDROID\FastMediaSorter_mob_v2\app_v2\build\generated\source\kapt\standardDebug\com\sza\fastmediasorter\core\di\AppModule_ProvideMainDispatcherFactory.java, P:\ANDROID\FastMediaSorter_mob_v2\app_v2\build\generated\source\kapt\standardDebug\com\sza\fastmediasorter\core\di\AppModule_ProvideMediaFilesCacheManagerFactory.java, P:\ANDROID\FastMediaSorter_mob_v2\app_v2\build\generated\source\kapt\standardDebug\com\sza\fastmediasorter\core\di\AppModule_ProvideOkHttpClientFactory.java, P:\ANDROID\FastMediaSorter_mob_v2\app_v2\build\generated\source\kapt\standardDebug\com\sza\fastmediasorter\core\di\AppModule_ProvideRetrofitFactory.java, P:\ANDROID\FastMediaSorter_mob_v2\app_v2\build\generated\source\kapt\standardDebug\com\sza\fastmediasorter\core\di\AppModule_ProvideSftpClientFactory.java, P:\ANDROID\FastMediaSorter_mob_v2\app_v2\build\generated\source\kapt\standardDebug\com\sza\fastmediasorter\core\di\AppModule_ProvideUnifiedFileCacheFactory.java, P:\ANDROID\FastMediaSorter_mob_v2\app_v2\build\generated\source\kapt\standardDebug\com\sza\fastmediasorter\core\di\DatabaseModule_ProvideAppDatabaseFactory.java, P:\ANDROID\FastMediaSorter_mob_v2\app_v2\build\generated\source\kapt\standardDebug\com\sza\fastmediasorter\core\di\DatabaseModule_ProvideCachedFileListDaoFactory.java, P:\ANDROID\FastMediaSorter_mob_v2\app_v2\build\generated\source\kapt\standardDebug\com\sza\fastmediasorter\core\di\DatabaseModule_ProvideCachedMediaMetadataExtractorFactory.java, P:\ANDROID\FastMediaSorter_mob_v2\app_v2\build\generated\source\kapt\standardDebug\com\sza\fastmediasorter\core\di\DatabaseModule_ProvideFavoritesDaoFactory.java, P:\ANDROID\FastMediaSorter_mob_v2\app_v2\build\generated\source\kapt\standardDebug\com\sza\fastmediasorter\core\di\DatabaseModule_ProvideFileMetadataCacheDaoFactory.java, P:\ANDROID\FastMediaSorter_mob_v2\app_v2\build\generated\source\kapt\standardDebug\com\sza\fastmediasorter\core\di\DatabaseModule_ProvideNetworkCredentialsDaoFactory.java, P:\ANDROID\FastMediaSorter_mob_v2\app_v2\build\generated\source\kapt\standardDebug\com\sza\fastmediasorter\core\di\DatabaseModule_ProvidePendingRevocationDaoFactory.java, P:\ANDROID\FastMediaSorter_mob_v2\app_v2\build\generated\source\kapt\standardDebug\com\sza\fastmediasorter\core\di\DatabaseModule_ProvidePlaybackPositionDaoFactory.java, P:\ANDROID\FastMediaSorter_mob_v2\app_v2\build\generated\source\kapt\standardDebug\com\sza\fastmediasorter\core\di\DatabaseModule_ProvideResourceDaoFactory.java, P:\ANDROID\FastMediaSorter_mob_v2\app_v2\build\generated\source\kapt\standardDebug\com\sza\fastmediasorter\core\di\DatabaseModule_ProvideThumbnailCacheDaoFactory.java, P:\ANDROID\FastMediaSorter_mob_v2\app_v2\build\generated\source\kapt\standardDebug\com\sza\fastmediasorter\core\network\NetworkStateMonitor_Factory.java, P:\ANDROID\FastMediaSorter_mob_v2\app_v2\build\generated\source\kapt\standardDebug\com\sza\fastmediasorter\core\util\AudioMetadataLoader_Factory.java, P:\ANDROID\FastMediaSorter_mob_v2\app_v2\build\generated\source\kapt\standardDebug\com\sza\fastmediasorter\data\cloud\CloudAuthenticationHelper_Factory.java, P:\ANDROID\FastMediaSorter_mob_v2\app_v2\build\generated\source\kapt\standardDebug\com\sza\fastmediasorter\data\cloud\CloudAuthStateMachine_Factory.java, P:\ANDROID\FastMediaSorter_mob_v2\app_v2\build\generated\source\kapt\standardDebug\com\sza\fastmediasorter\data\cloud\CloudFileOperationHandler_Factory.java, P:\ANDROID\FastMediaSorter_mob_v2\app_v2\build\generated\source\kapt\standardDebug\com\sza\fastmediasorter\data\cloud\CloudMediaScanner_Factory.java, P:\ANDROID\FastMediaSorter_mob_v2\app_v2\build\generated\source\kapt\standardDebug\com\sza\fastmediasorter\data\cloud\CloudPathParser_Factory.java, P:\ANDROID\FastMediaSorter_mob_v2\app_v2\build\generated\source\kapt\standardDebug\com\sza\fastmediasorter\data\cloud\DropboxAuthPlugin_Factory.java, P:\ANDROID\FastMediaSorter_mob_v2\app_v2\build\generated\source\kapt\standardDebug\com\sza\fastmediasorter\data\cloud\DropboxClient_Factory.java, P:\ANDROID\FastMediaSorter_mob_v2\app_v2\build\generated\source\kapt\standardDebug\com\sza\fastmediasorter\data\cloud\GoogleDriveAuthPlugin_Factory.java, P:\ANDROID\FastMediaSorter_mob_v2\app_v2\build\generated\source\kapt\standardDebug\com\sza\fastmediasorter\data\cloud\GoogleDriveRestClient_Factory.java, P:\ANDROID\FastMediaSorter_mob_v2\app_v2\build\generated\source\kapt\standardDebug\com\sza\fastmediasorter\data\cloud\helpers\GoogleDriveCredentialsManager_Factory.java, P:\ANDROID\FastMediaSorter_mob_v2\app_v2\build\generated\source\kapt\standardDebug\com\sza\fastmediasorter\data\cloud\helpers\GoogleDriveHttpClient_Factory.java, P:\ANDROID\FastMediaSorter_mob_v2\app_v2\build\generated\source\kapt\standardDebug\com\sza\fastmediasorter\data\cloud\NetworkCredentialsResolver_Factory.java, P:\ANDROID\FastMediaSorter_mob_v2\app_v2\build\generated\source\kapt\standardDebug\com\sza\fastmediasorter\data\cloud\OneDriveAuthPlugin_Factory.java, P:\ANDROID\FastMediaSorter_mob_v2\app_v2\build\generated\source\kapt\standardDebug\com\sza\fastmediasorter\data\cloud\OneDriveRestClient_Factory.java, P:\ANDROID\FastMediaSorter_mob_v2\app_v2\build\generated\source\kapt\standardDebug\com\sza\fastmediasorter\data\cloud\UnifiedCloudAuthManager_Factory.java, P:\ANDROID\FastMediaSorter_mob_v2\app_v2\build\generated\source\kapt\standardDebug\com\sza\fastmediasorter\data\local\db\AppDatabase_Impl.java, P:\ANDROID\FastMediaSorter_mob_v2\app_v2\build\generated\source\kapt\standardDebug\com\sza\fastmediasorter\data\local\db\CachedFileListDao_Impl.java, P:\ANDROID\FastMediaSorter_mob_v2\app_v2\build\generated\source\kapt\standardDebug\com\sza\fastmediasorter\data\local\db\FavoritesDao_Impl.java, P:\ANDROID\FastMediaSorter_mob_v2\app_v2\build\generated\source\kapt\standardDebug\com\sza\fastmediasorter\data\local\db\FileMetadataCacheDao_Impl.java, P:\ANDROID\FastMediaSorter_mob_v2\app_v2\build\generated\source\kapt\standardDebug\com\sza\fastmediasorter\data\local\db\NetworkCredentialsDao_Impl.java, P:\ANDROID\FastMediaSorter_mob_v2\app_v2\build\generated\source\kapt\standardDebug\com\sza\fastmediasorter\data\local\db\PendingRevocationDao_Impl.java, P:\ANDROID\FastMediaSorter_mob_v2\app_v2\build\generated\source\kapt\standardDebug\com\sza\fastmediasorter\data\local\db\PlaybackPositionDao_Impl.java, P:\ANDROID\FastMediaSorter_mob_v2\app_v2\build\generated\source\kapt\standardDebug\com\sza\fastmediasorter\data\local\db\ResourceDao_Impl.java, P:\ANDROID\FastMediaSorter_mob_v2\app_v2\build\generated\source\kapt\standardDebug\com\sza\fastmediasorter\data\local\db\ThumbnailCacheDao_Impl.java, P:\ANDROID\FastMediaSorter_mob_v2\app_v2\build\generated\source\kapt\standardDebug\com\sza\fastmediasorter\data\local\LocalMediaScanner_Factory.java, P:\ANDROID\FastMediaSorter_mob_v2\app_v2\build\generated\source\kapt\standardDebug\com\sza\fastmediasorter\data\local\preferences\BrowseStateDataStore_Factory.java, P:\ANDROID\FastMediaSorter_mob_v2\app_v2\build\generated\source\kapt\standardDebug\com\sza\fastmediasorter\data\local\preferences\SettingsManager_Factory.java, P:\ANDROID\FastMediaSorter_mob_v2\app_v2\build\generated\source\kapt\standardDebug\com\sza\fastmediasorter\data\network\FtpFileOperationHandler_Factory.java, P:\ANDROID\FastMediaSorter_mob_v2\app_v2\build\generated\source\kapt\standardDebug\com\sza\fastmediasorter\data\network\SftpFileOperationHandler_Factory.java, P:\ANDROID\FastMediaSorter_mob_v2\app_v2\build\generated\source\kapt\standardDebug\com\sza\fastmediasorter\data\network\SmbClient_Factory.java, P:\ANDROID\FastMediaSorter_mob_v2\app_v2\build\generated\source\kapt\standardDebug\com\sza\fastmediasorter\data\network\SmbConnectionManager_Factory.java, P:\ANDROID\FastMediaSorter_mob_v2\app_v2\build\generated\source\kapt\standardDebug\com\sza\fastmediasorter\data\network\SmbFileOperationHandler_Factory.java, P:\ANDROID\FastMediaSorter_mob_v2\app_v2\build\generated\source\kapt\standardDebug\com\sza\fastmediasorter\data\network\SmbFileOperations_Factory.java, P:\ANDROID\FastMediaSorter_mob_v2\app_v2\build\generated\source\kapt\standardDebug\com\sza\fastmediasorter\data\network\SmbMediaScanner_Factory.java, P:\ANDROID\FastMediaSorter_mob_v2\app_v2\build\generated\source\kapt\standardDebug\com\sza\fastmediasorter\data\remote\ftp\FtpClient_Factory.java, P:\ANDROID\FastMediaSorter_mob_v2\app_v2\build\generated\source\kapt\standardDebug\com\sza\fastmediasorter\data\remote\ftp\FtpMediaScanner_Factory.java, P:\ANDROID\FastMediaSorter_mob_v2\app_v2\build\generated\source\kapt\standardDebug\com\sza\fastmediasorter\data\remote\sftp\SftpClient_Factory.java, P:\ANDROID\FastMediaSorter_mob_v2\app_v2\build\generated\source\kapt\standardDebug\com\sza\fastmediasorter\data\remote\sftp\SftpMediaScanner_Factory.java, P:\ANDROID\FastMediaSorter_mob_v2\app_v2\build\generated\source\kapt\standardDebug\com\sza\fastmediasorter\data\repository\AudioMetadataCacheRepository_Factory.java, P:\ANDROID\FastMediaSorter_mob_v2\app_v2\build\generated\source\kapt\standardDebug\com\sza\fastmediasorter\data\repository\CachedFileListRepository_Factory.java, P:\ANDROID\FastMediaSorter_mob_v2\app_v2\build\generated\source\kapt\standardDebug\com\sza\fastmediasorter\data\repository\FavoritesRepositoryImpl_Factory.java, P:\ANDROID\FastMediaSorter_mob_v2\app_v2\build\generated\source\kapt\standardDebug\com\sza\fastmediasorter\data\repository\MediaStoreRepositoryImpl_Factory.java, P:\ANDROID\FastMediaSorter_mob_v2\app_v2\build\generated\source\kapt\standardDebug\com\sza\fastmediasorter\data\repository\NetworkCredentialsRepositoryImpl_Factory.java, P:\ANDROID\FastMediaSorter_mob_v2\app_v2\build\generated\source\kapt\standardDebug\com\sza\fastmediasorter\data\repository\PlaybackPositionRepositoryImpl_Factory.java, P:\ANDROID\FastMediaSorter_mob_v2\app_v2\build\generated\source\kapt\standardDebug\com\sza\fastmediasorter\data\repository\ResourceRepositoryImpl_Factory.java, P:\ANDROID\FastMediaSorter_mob_v2\app_v2\build\generated\source\kapt\standardDebug\com\sza\fastmediasorter\data\repository\ResumeStateRepositoryImpl_Factory.java, P:\ANDROID\FastMediaSorter_mob_v2\app_v2\build\generated\source\kapt\standardDebug\com\sza\fastmediasorter\data\repository\SettingsRepositoryImpl_Factory.java, P:\ANDROID\FastMediaSorter_mob_v2\app_v2\build\generated\source\kapt\standardDebug\com\sza\fastmediasorter\data\repository\ThumbnailCacheRepositoryImpl_Factory.java, P:\ANDROID\FastMediaSorter_mob_v2\app_v2\build\generated\source\kapt\standardDebug\com\sza\fastmediasorter\data\transfer\access\FtpFileAccess_Factory.java, P:\ANDROID\FastMediaSorter_mob_v2\app_v2\build\generated\source\kapt\standardDebug\com\sza\fastmediasorter\data\transfer\access\LocalFileAccess_Factory.java, P:\ANDROID\FastMediaSorter_mob_v2\app_v2\build\generated\source\kapt\standardDebug\com\sza\fastmediasorter\data\transfer\access\SftpFileAccess_Factory.java, P:\ANDROID\FastMediaSorter_mob_v2\app_v2\build\generated\source\kapt\standardDebug\com\sza\fastmediasorter\data\transfer\access\SmbFileAccess_Factory.java, P:\ANDROID\FastMediaSorter_mob_v2\app_v2\build\generated\source\kapt\standardDebug\com\sza\fastmediasorter\data\transfer\LocalTransferProvider_Factory.java, P:\ANDROID\FastMediaSorter_mob_v2\app_v2\build\generated\source\kapt\standardDebug\com\sza\fastmediasorter\data\transfer\SmbTransferProvider_Factory.java, P:\ANDROID\FastMediaSorter_mob_v2\app_v2\build\generated\source\kapt\standardDebug\com\sza\fastmediasorter\data\transfer\strategies\FtpToFtpStrategy_Factory.java, P:\ANDROID\FastMediaSorter_mob_v2\app_v2\build\generated\source\kapt\standardDebug\com\sza\fastmediasorter\data\transfer\strategies\FtpToLocalStrategy_Factory.java, P:\ANDROID\FastMediaSorter_mob_v2\app_v2\build\generated\source\kapt\standardDebug\com\sza\fastmediasorter\data\transfer\strategies\LocalToFtpStrategy_Factory.java, P:\ANDROID\FastMediaSorter_mob_v2\app_v2\build\generated\source\kapt\standardDebug\com\sza\fastmediasorter\data\transfer\strategies\LocalToSftpStrategy_Factory.java, P:\ANDROID\FastMediaSorter_mob_v2\app_v2\build\generated\source\kapt\standardDebug\com\sza\fastmediasorter\data\transfer\strategies\LocalToSmbStrategy_Factory.java, P:\ANDROID\FastMediaSorter_mob_v2\app_v2\build\generated\source\kapt\standardDebug\com\sza\fastmediasorter\data\transfer\strategies\SftpToLocalStrategy_Factory.java, P:\ANDROID\FastMediaSorter_mob_v2\app_v2\build\generated\source\kapt\standardDebug\com\sza\fastmediasorter\data\transfer\strategies\SftpToSftpStrategy_Factory.java, P:\ANDROID\FastMediaSorter_mob_v2\app_v2\build\generated\source\kapt\standardDebug\com\sza\fastmediasorter\data\transfer\strategies\SmbToLocalStrategy_Factory.java, P:\ANDROID\FastMediaSorter_mob_v2\app_v2\build\generated\source\kapt\standardDebug\com\sza\fastmediasorter\data\transfer\strategies\SmbToSmbStrategy_Factory.java, P:\ANDROID\FastMediaSorter_mob_v2\app_v2\build\generated\source\kapt\standardDebug\com\sza\fastmediasorter\data\transfer\UnifiedFileOperationHandler_Factory.java, P:\ANDROID\FastMediaSorter_mob_v2\app_v2\build\generated\source\kapt\standardDebug\com\sza\fastmediasorter\data\transfer\UniversalFileOperationHandler_Factory.java, P:\ANDROID\FastMediaSorter_mob_v2\app_v2\build\generated\source\kapt\standardDebug\com\sza\fastmediasorter\di\GlideApp.java, P:\ANDROID\FastMediaSorter_mob_v2\app_v2\build\generated\source\kapt\standardDebug\com\sza\fastmediasorter\di\GlideOptions.java, P:\ANDROID\FastMediaSorter_mob_v2\app_v2\build\generated\source\kapt\standardDebug\com\sza\fastmediasorter\di\GlideRequest.java, P:\ANDROID\FastMediaSorter_mob_v2\app_v2\build\generated\source\kapt\standardDebug\com\sza\fastmediasorter\di\GlideRequests.java, P:\ANDROID\FastMediaSorter_mob_v2\app_v2\build\generated\source\kapt\standardDebug\com\sza\fastmediasorter\domain\transfer\FileOperationErrorHandler_Factory.java, P:\ANDROID\FastMediaSorter_mob_v2\app_v2\build\generated\source\kapt\standardDebug\com\sza\fastmediasorter\domain\transfer\ProgressTracker_Factory.java, P:\ANDROID\FastMediaSorter_mob_v2\app_v2\build\generated\source\kapt\standardDebug\com\sza\fastmediasorter\domain\transfer\TempFileManager_Factory.java, P:\ANDROID\FastMediaSorter_mob_v2\app_v2\build\generated\source\kapt\standardDebug\com\sza\fastmediasorter\domain\usecase\AddResourceUseCase_Factory.java, P:\ANDROID\FastMediaSorter_mob_v2\app_v2\build\generated\source\kapt\standardDebug\com\sza\fastmediasorter\domain\usecase\AdjustImageUseCase_Factory.java, P:\ANDROID\FastMediaSorter_mob_v2\app_v2\build\generated\source\kapt\standardDebug\com\sza\fastmediasorter\domain\usecase\ApplyImageFilterUseCase_Factory.java, P:\ANDROID\FastMediaSorter_mob_v2\app_v2\build\generated\source\kapt\standardDebug\com\sza\fastmediasorter\domain\usecase\BackupToGoogleDriveUseCase_Factory.java, P:\ANDROID\FastMediaSorter_mob_v2\app_v2\build\generated\source\kapt\standardDebug\com\sza\fastmediasorter\domain\usecase\CalculateOptimalCacheSizeUseCase_Factory.java, P:\ANDROID\FastMediaSorter_mob_v2\app_v2\build\generated\source\kapt\standardDebug\com\sza\fastmediasorter\domain\usecase\ChangeGifSpeedUseCase_Factory.java, P:\ANDROID\FastMediaSorter_mob_v2\app_v2\build\generated\source\kapt\standardDebug\com\sza\fastmediasorter\domain\usecase\CleanupOrphanedTempFilesUseCase_Factory.java, P:\ANDROID\FastMediaSorter_mob_v2\app_v2\build\generated\source\kapt\standardDebug\com\sza\fastmediasorter\domain\usecase\CleanupTrashFoldersUseCase_Factory.java, P:\ANDROID\FastMediaSorter_mob_v2\app_v2\build\generated\source\kapt\standardDebug\com\sza\fastmediasorter\domain\usecase\CleanupTrashUseCase_Factory.java, P:\ANDROID\FastMediaSorter_mob_v2\app_v2\build\generated\source\kapt\standardDebug\com\sza\fastmediasorter\domain\usecase\ClearResumeStateUseCase_Factory.java, P:\ANDROID\FastMediaSorter_mob_v2\app_v2\build\generated\source\kapt\standardDebug\com\sza\fastmediasorter\domain\usecase\CredentialAuditor_Factory.java, P:\ANDROID\FastMediaSorter_mob_v2\app_v2\build\generated\source\kapt\standardDebug\com\sza\fastmediasorter\domain\usecase\DeleteFilesUseCase_Factory.java, P:\ANDROID\FastMediaSorter_mob_v2\app_v2\build\generated\source\kapt\standardDebug\com\sza\fastmediasorter\domain\usecase\DeleteResourceUseCase_Factory.java, P:\ANDROID\FastMediaSorter_mob_v2\app_v2\build\generated\source\kapt\standardDebug\com\sza\fastmediasorter\domain\usecase\DiscoverNetworkResourcesUseCase_Factory.java, P:\ANDROID\FastMediaSorter_mob_v2\app_v2\build\generated\source\kapt\standardDebug\com\sza\fastmediasorter\domain\usecase\DownloadNetworkFileUseCase_Factory.java, P:\ANDROID\FastMediaSorter_mob_v2\app_v2\build\generated\source\kapt\standardDebug\com\sza\fastmediasorter\domain\usecase\ExportSettingsUseCase_Factory.java, P:\ANDROID\FastMediaSorter_mob_v2\app_v2\build\generated\source\kapt\standardDebug\com\sza\fastmediasorter\domain\usecase\ExtractExifMetadataUseCase_Factory.java, P:\ANDROID\FastMediaSorter_mob_v2\app_v2\build\generated\source\kapt\standardDebug\com\sza\fastmediasorter\domain\usecase\ExtractGifFramesUseCase_Factory.java, P:\ANDROID\FastMediaSorter_mob_v2\app_v2\build\generated\source\kapt\standardDebug\com\sza\fastmediasorter\domain\usecase\ExtractVideoMetadataUseCase_Factory.java, P:\ANDROID\FastMediaSorter_mob_v2\app_v2\build\generated\source\kapt\standardDebug\com\sza\fastmediasorter\domain\usecase\FavoritesUseCase_Factory.java, P:\ANDROID\FastMediaSorter_mob_v2\app_v2\build\generated\source\kapt\standardDebug\com\sza\fastmediasorter\domain\usecase\FileOperationUseCase_Factory.java, P:\ANDROID\FastMediaSorter_mob_v2\app_v2\build\generated\source\kapt\standardDebug\com\sza\fastmediasorter\domain\usecase\FlipImageUseCase_Factory.java, P:\ANDROID\FastMediaSorter_mob_v2\app_v2\build\generated\source\kapt\standardDebug\com\sza\fastmediasorter\domain\usecase\GetDestinationsUseCase_Factory.java, P:\ANDROID\FastMediaSorter_mob_v2\app_v2\build\generated\source\kapt\standardDebug\com\sza\fastmediasorter\domain\usecase\GetMediaFilesUseCase_Factory.java, P:\ANDROID\FastMediaSorter_mob_v2\app_v2\build\generated\source\kapt\standardDebug\com\sza\fastmediasorter\domain\usecase\GetResourcesUseCase_Factory.java, P:\ANDROID\FastMediaSorter_mob_v2\app_v2\build\generated\source\kapt\standardDebug\com\sza\fastmediasorter\domain\usecase\GetResumeStateUseCase_Factory.java, P:\ANDROID\FastMediaSorter_mob_v2\app_v2\build\generated\source\kapt\standardDebug\com\sza\fastmediasorter\domain\usecase\ImportSettingsUseCase_Factory.java, P:\ANDROID\FastMediaSorter_mob_v2\app_v2\build\generated\source\kapt\standardDebug\com\sza\fastmediasorter\domain\usecase\IntegrationTestRunner_Factory.java, P:\ANDROID\FastMediaSorter_mob_v2\app_v2\build\generated\source\kapt\standardDebug\com\sza\fastmediasorter\domain\usecase\MediaScannerFactory_Factory.java, P:\ANDROID\FastMediaSorter_mob_v2\app_v2\build\generated\source\kapt\standardDebug\com\sza\fastmediasorter\domain\usecase\MigrateCameraResourceUseCase_Factory.java, P:\ANDROID\FastMediaSorter_mob_v2\app_v2\build\generated\source\kapt\standardDebug\com\sza\fastmediasorter\domain\usecase\NetworkImageEditUseCase_Factory.java, P:\ANDROID\FastMediaSorter_mob_v2\app_v2\build\generated\source\kapt\standardDebug\com\sza\fastmediasorter\domain\usecase\NetworkSpeedTestUseCase_Factory.java, P:\ANDROID\FastMediaSorter_mob_v2\app_v2\build\generated\source\kapt\standardDebug\com\sza\fastmediasorter\domain\usecase\ProvisionDefaultResourcesUseCase_Factory.java, P:\ANDROID\FastMediaSorter_mob_v2\app_v2\build\generated\source\kapt\standardDebug\com\sza\fastmediasorter\domain\usecase\ResetSmbConnectionsUseCase_Factory.java, P:\ANDROID\FastMediaSorter_mob_v2\app_v2\build\generated\source\kapt\standardDebug\com\sza\fastmediasorter\domain\usecase\ResourceEditorUseCase_Factory.java, P:\ANDROID\FastMediaSorter_mob_v2\app_v2\build\generated\source\kapt\standardDebug\com\sza\fastmediasorter\domain\usecase\RestoreDeletedUseCase_Factory.java, P:\ANDROID\FastMediaSorter_mob_v2\app_v2\build\generated\source\kapt\standardDebug\com\sza\fastmediasorter\domain\usecase\RestoreFromGoogleDriveUseCase_Factory.java, P:\ANDROID\FastMediaSorter_mob_v2\app_v2\build\generated\source\kapt\standardDebug\com\sza\fastmediasorter\domain\usecase\RotateImageUseCase_Factory.java, P:\ANDROID\FastMediaSorter_mob_v2\app_v2\build\generated\source\kapt\standardDebug\com\sza\fastmediasorter\domain\usecase\SaveGifFirstFrameUseCase_Factory.java, P:\ANDROID\FastMediaSorter_mob_v2\app_v2\build\generated\source\kapt\standardDebug\com\sza\fastmediasorter\domain\usecase\SaveResumeStateUseCase_Factory.java, P:\ANDROID\FastMediaSorter_mob_v2\app_v2\build\generated\source\kapt\standardDebug\com\sza\fastmediasorter\domain\usecase\scan\ScanDispatcher_Factory.java, P:\ANDROID\FastMediaSorter_mob_v2\app_v2\build\generated\source\kapt\standardDebug\com\sza\fastmediasorter\domain\usecase\scan\ScanSettings_Factory.java, P:\ANDROID\FastMediaSorter_mob_v2\app_v2\build\generated\source\kapt\standardDebug\com\sza\fastmediasorter\domain\usecase\ScanLocalFoldersUseCase_Factory.java, P:\ANDROID\FastMediaSorter_mob_v2\app_v2\build\generated\source\kapt\standardDebug\com\sza\fastmediasorter\domain\usecase\ScheduleNetworkSyncUseCase_Factory.java, P:\ANDROID\FastMediaSorter_mob_v2\app_v2\build\generated\source\kapt\standardDebug\com\sza\fastmediasorter\domain\usecase\SearchAudioCoverUseCase_Factory.java, P:\ANDROID\FastMediaSorter_mob_v2\app_v2\build\generated\source\kapt\standardDebug\com\sza\fastmediasorter\domain\usecase\SearchLyricsUseCase_Factory.java, P:\ANDROID\FastMediaSorter_mob_v2\app_v2\build\generated\source\kapt\standardDebug\com\sza\fastmediasorter\domain\usecase\SmbOperationsUseCase_Factory.java, P:\ANDROID\FastMediaSorter_mob_v2\app_v2\build\generated\source\kapt\standardDebug\com\sza\fastmediasorter\domain\usecase\SyncMediaStoreUseCase_Factory.java, P:\ANDROID\FastMediaSorter_mob_v2\app_v2\build\generated\source\kapt\standardDebug\com\sza\fastmediasorter\domain\usecase\SyncNetworkResourcesUseCase_Factory.java, P:\ANDROID\FastMediaSorter_mob_v2\app_v2\build\generated\source\kapt\standardDebug\com\sza\fastmediasorter\domain\usecase\TestCredentialsLoader_Factory.java, P:\ANDROID\FastMediaSorter_mob_v2\app_v2\build\generated\source\kapt\standardDebug\com\sza\fastmediasorter\domain\usecase\UnusedCredentialPolicy_Factory.java, P:\ANDROID\FastMediaSorter_mob_v2\app_v2\build\generated\source\kapt\standardDebug\com\sza\fastmediasorter\domain\usecase\UpdateResourceUseCase_Factory.java, P:\ANDROID\FastMediaSorter_mob_v2\app_v2\build\generated\source\kapt\standardDebug\com\sza\fastmediasorter\FastMediaSorterApp_GeneratedInjector.java, P:\ANDROID\FastMediaSorter_mob_v2\app_v2\build\generated\source\kapt\standardDebug\com\sza\fastmediasorter\FastMediaSorterApp_MembersInjector.java, P:\ANDROID\FastMediaSorter_mob_v2\app_v2\build\generated\source\kapt\standardDebug\com\sza\fastmediasorter\ui\addresource\AddResourceActivity_GeneratedInjector.java, P:\ANDROID\FastMediaSorter_mob_v2\app_v2\build\generated\source\kapt\standardDebug\com\sza\fastmediasorter\ui\addresource\AddResourceActivity_MembersInjector.java, P:\ANDROID\FastMediaSorter_mob_v2\app_v2\build\generated\source\kapt\standardDebug\com\sza\fastmediasorter\ui\addresource\AddResourceViewModel_Factory.java, P:\ANDROID\FastMediaSorter_mob_v2\app_v2\build\generated\source\kapt\standardDebug\com\sza\fastmediasorter\ui\addresource\AddResourceViewModel_HiltModules.java, P:\ANDROID\FastMediaSorter_mob_v2\app_v2\build\generated\source\kapt\standardDebug\com\sza\fastmediasorter\ui\addresource\AddResourceViewModel_HiltModules_BindsModule_Binds_LazyMapKey.java, P:\ANDROID\FastMediaSorter_mob_v2\app_v2\build\generated\source\kapt\standardDebug\com\sza\fastmediasorter\ui\addresource\AddResourceViewModel_HiltModules_KeyModule_ProvideFactory.java, P:\ANDROID\FastMediaSorter_mob_v2\app_v2\build\generated\source\kapt\standardDebug\com\sza\fastmediasorter\ui\addresource\AddResourceViewModel_HiltModules_KeyModule_Provide_LazyMapKey.java, P:\ANDROID\FastMediaSorter_mob_v2\app_v2\build\generated\source\kapt\standardDebug\com\sza\fastmediasorter\ui\addresource\Hilt_AddResourceActivity.java, P:\ANDROID\FastMediaSorter_mob_v2\app_v2\build\generated\source\kapt\standardDebug\com\sza\fastmediasorter\ui\browse\BrowseActivity_GeneratedInjector.java, P:\ANDROID\FastMediaSorter_mob_v2\app_v2\build\generated\source\kapt\standardDebug\com\sza\fastmediasorter\ui\browse\BrowseActivity_MembersInjector.java, P:\ANDROID\FastMediaSorter_mob_v2\app_v2\build\generated\source\kapt\standardDebug\com\sza\fastmediasorter\ui\browse\BrowseViewModel_Factory.java, P:\ANDROID\FastMediaSorter_mob_v2\app_v2\build\generated\source\kapt\standardDebug\com\sza\fastmediasorter\ui\browse\BrowseViewModel_HiltModules.java, P:\ANDROID\FastMediaSorter_mob_v2\app_v2\build\generated\source\kapt\standardDebug\com\sza\fastmediasorter\ui\browse\BrowseViewModel_HiltModules_BindsModule_Binds_LazyMapKey.java, P:\ANDROID\FastMediaSorter_mob_v2\app_v2\build\generated\source\kapt\standardDebug\com\sza\fastmediasorter\ui\browse\BrowseViewModel_HiltModules_KeyModule_ProvideFactory.java, P:\ANDROID\FastMediaSorter_mob_v2\app_v2\build\generated\source\kapt\standardDebug\com\sza\fastmediasorter\ui\browse\BrowseViewModel_HiltModules_KeyModule_Provide_LazyMapKey.java, P:\ANDROID\FastMediaSorter_mob_v2\app_v2\build\generated\source\kapt\standardDebug\com\sza\fastmediasorter\ui\browse\Hilt_BrowseActivity.java, P:\ANDROID\FastMediaSorter_mob_v2\app_v2\build\generated\source\kapt\standardDebug\com\sza\fastmediasorter\ui\cloudfolders\DropboxFolderPickerActivity_GeneratedInjector.java, P:\ANDROID\FastMediaSorter_mob_v2\app_v2\build\generated\source\kapt\standardDebug\com\sza\fastmediasorter\ui\cloudfolders\DropboxFolderPickerViewModel_Factory.java, P:\ANDROID\FastMediaSorter_mob_v2\app_v2\build\generated\source\kapt\standardDebug\com\sza\fastmediasorter\ui\cloudfolders\DropboxFolderPickerViewModel_HiltModules.java, P:\ANDROID\FastMediaSorter_mob_v2\app_v2\build\generated\source\kapt\standardDebug\com\sza\fastmediasorter\ui\cloudfolders\DropboxFolderPickerViewModel_HiltModules_BindsModule_Binds_LazyMapKey.java, P:\ANDROID\FastMediaSorter_mob_v2\app_v2\build\generated\source\kapt\standardDebug\com\sza\fastmediasorter\ui\cloudfolders\DropboxFolderPickerViewModel_HiltModules_KeyModule_ProvideFactory.java, P:\ANDROID\FastMediaSorter_mob_v2\app_v2\build\generated\source\kapt\standardDebug\com\sza\fastmediasorter\ui\cloudfolders\DropboxFolderPickerViewModel_HiltModules_KeyModule_Provide_LazyMapKey.java, P:\ANDROID\FastMediaSorter_mob_v2\app_v2\build\generated\source\kapt\standardDebug\com\sza\fastmediasorter\ui\cloudfolders\GoogleDriveFolderPickerActivity_GeneratedInjector.java, P:\ANDROID\FastMediaSorter_mob_v2\app_v2\build\generated\source\kapt\standardDebug\com\sza\fastmediasorter\ui\cloudfolders\GoogleDriveFolderPickerViewModel_Factory.java, P:\ANDROID\FastMediaSorter_mob_v2\app_v2\build\generated\source\kapt\standardDebug\com\sza\fastmediasorter\ui\cloudfolders\GoogleDriveFolderPickerViewModel_HiltModules.java, P:\ANDROID\FastMediaSorter_mob_v2\app_v2\build\generated\source\kapt\standardDebug\com\sza\fastmediasorter\ui\cloudfolders\GoogleDriveFolderPickerViewModel_HiltModules_BindsModule_Binds_LazyMapKey.java, P:\ANDROID\FastMediaSorter_mob_v2\app_v2\build\generated\source\kapt\standardDebug\com\sza\fastmediasorter\ui\cloudfolders\GoogleDriveFolderPickerViewModel_HiltModules_KeyModule_ProvideFactory.java, P:\ANDROID\FastMediaSorter_mob_v2\app_v2\build\generated\source\kapt\standardDebug\com\sza\fastmediasorter\ui\cloudfolders\GoogleDriveFolderPickerViewModel_HiltModules_KeyModule_Provide_LazyMapKey.java, P:\ANDROID\FastMediaSorter_mob_v2\app_v2\build\generated\source\kapt\standardDebug\com\sza\fastmediasorter\ui\cloudfolders\Hilt_DropboxFolderPickerActivity.java, P:\ANDROID\FastMediaSorter_mob_v2\app_v2\build\generated\source\kapt\standardDebug\com\sza\fastmediasorter\ui\cloudfolders\Hilt_GoogleDriveFolderPickerActivity.java, P:\ANDROID\FastMediaSorter_mob_v2\app_v2\build\generated\source\kapt\standardDebug\com\sza\fastmediasorter\ui\cloudfolders\Hilt_OneDriveFolderPickerActivity.java, P:\ANDROID\FastMediaSorter_mob_v2\app_v2\build\generated\source\kapt\standardDebug\com\sza\fastmediasorter\ui\cloudfolders\OneDriveFolderPickerActivity_GeneratedInjector.java, P:\ANDROID\FastMediaSorter_mob_v2\app_v2\build\generated\source\kapt\standardDebug\com\sza\fastmediasorter\ui\cloudfolders\OneDriveFolderPickerViewModel_Factory.java, P:\ANDROID\FastMediaSorter_mob_v2\app_v2\build\generated\source\kapt\standardDebug\com\sza\fastmediasorter\ui\cloudfolders\OneDriveFolderPickerViewModel_HiltModules.java, P:\ANDROID\FastMediaSorter_mob_v2\app_v2\build\generated\source\kapt\standardDebug\com\sza\fastmediasorter\ui\cloudfolders\OneDriveFolderPickerViewModel_HiltModules_BindsModule_Binds_LazyMapKey.java, P:\ANDROID\FastMediaSorter_mob_v2\app_v2\build\generated\source\kapt\standardDebug\com\sza\fastmediasorter\ui\cloudfolders\OneDriveFolderPickerViewModel_HiltModules_KeyModule_ProvideFactory.java, P:\ANDROID\FastMediaSorter_mob_v2\app_v2\build\generated\source\kapt\standardDebug\com\sza\fastmediasorter\ui\cloudfolders\OneDriveFolderPickerViewModel_HiltModules_KeyModule_Provide_LazyMapKey.java, P:\ANDROID\FastMediaSorter_mob_v2\app_v2\build\generated\source\kapt\standardDebug\com\sza\fastmediasorter\ui\main\Hilt_MainActivity.java, P:\ANDROID\FastMediaSorter_mob_v2\app_v2\build\generated\source\kapt\standardDebug\com\sza\fastmediasorter\ui\main\MainActivity_GeneratedInjector.java, P:\ANDROID\FastMediaSorter_mob_v2\app_v2\build\generated\source\kapt\standardDebug\com\sza\fastmediasorter\ui\main\MainActivity_MembersInjector.java, P:\ANDROID\FastMediaSorter_mob_v2\app_v2\build\generated\source\kapt\standardDebug\com\sza\fastmediasorter\ui\main\MainViewModel_Factory.java, P:\ANDROID\FastMediaSorter_mob_v2\app_v2\build\generated\source\kapt\standardDebug\com\sza\fastmediasorter\ui\main\MainViewModel_HiltModules.java, P:\ANDROID\FastMediaSorter_mob_v2\app_v2\build\generated\source\kapt\standardDebug\com\sza\fastmediasorter\ui\main\MainViewModel_HiltModules_BindsModule_Binds_LazyMapKey.java, P:\ANDROID\FastMediaSorter_mob_v2\app_v2\build\generated\source\kapt\standardDebug\com\sza\fastmediasorter\ui\main\MainViewModel_HiltModules_KeyModule_ProvideFactory.java, P:\ANDROID\FastMediaSorter_mob_v2\app_v2\build\generated\source\kapt\standardDebug\com\sza\fastmediasorter\ui\main\MainViewModel_HiltModules_KeyModule_Provide_LazyMapKey.java, P:\ANDROID\FastMediaSorter_mob_v2\app_v2\build\generated\source\kapt\standardDebug\com\sza\fastmediasorter\ui\player\helpers\AudioBackgroundPhotosManager_Factory.java, P:\ANDROID\FastMediaSorter_mob_v2\app_v2\build\generated\source\kapt\standardDebug\com\sza\fastmediasorter\ui\player\helpers\BackgroundMusicManager_Factory.java, P:\ANDROID\FastMediaSorter_mob_v2\app_v2\build\generated\source\kapt\standardDebug\com\sza\fastmediasorter\ui\player\Hilt_PlayerActivity.java, P:\ANDROID\FastMediaSorter_mob_v2\app_v2\build\generated\source\kapt\standardDebug\com\sza\fastmediasorter\ui\player\Hilt_SlideshowSettingsDialogFragment.java, P:\ANDROID\FastMediaSorter_mob_v2\app_v2\build\generated\source\kapt\standardDebug\com\sza\fastmediasorter\ui\player\Hilt_StandalonePlayerActivity.java, P:\ANDROID\FastMediaSorter_mob_v2\app_v2\build\generated\source\kapt\standardDebug\com\sza\fastmediasorter\ui\player\PlayerActivity_GeneratedInjector.java, P:\ANDROID\FastMediaSorter_mob_v2\app_v2\build\generated\source\kapt\standardDebug\com\sza\fastmediasorter\ui\player\PlayerActivity_MembersInjector.java, P:\ANDROID\FastMediaSorter_mob_v2\app_v2\build\generated\source\kapt\standardDebug\com\sza\fastmediasorter\ui\player\PlayerViewModel_Factory.java, P:\ANDROID\FastMediaSorter_mob_v2\app_v2\build\generated\source\kapt\standardDebug\com\sza\fastmediasorter\ui\player\PlayerViewModel_HiltModules.java, P:\ANDROID\FastMediaSorter_mob_v2\app_v2\build\generated\source\kapt\standardDebug\com\sza\fastmediasorter\ui\player\PlayerViewModel_HiltModules_BindsModule_Binds_LazyMapKey.java, P:\ANDROID\FastMediaSorter_mob_v2\app_v2\build\generated\source\kapt\standardDebug\com\sza\fastmediasorter\ui\player\PlayerViewModel_HiltModules_KeyModule_ProvideFactory.java, P:\ANDROID\FastMediaSorter_mob_v2\app_v2\build\generated\source\kapt\standardDebug\com\sza\fastmediasorter\ui\player\PlayerViewModel_HiltModules_KeyModule_Provide_LazyMapKey.java, P:\ANDROID\FastMediaSorter_mob_v2\app_v2\build\generated\source\kapt\standardDebug\com\sza\fastmediasorter\ui\player\SlideshowSettingsDialogFragment_GeneratedInjector.java, P:\ANDROID\FastMediaSorter_mob_v2\app_v2\build\generated\source\kapt\standardDebug\com\sza\fastmediasorter\ui\player\StandalonePlayerActivity_GeneratedInjector.java, P:\ANDROID\FastMediaSorter_mob_v2\app_v2\build\generated\source\kapt\standardDebug\com\sza\fastmediasorter\ui\player\StandalonePlayerActivity_MembersInjector.java, P:\ANDROID\FastMediaSorter_mob_v2\app_v2\build\generated\source\kapt\standardDebug\com\sza\fastmediasorter\ui\player\StandalonePlayerViewModel_Factory.java, P:\ANDROID\FastMediaSorter_mob_v2\app_v2\build\generated\source\kapt\standardDebug\com\sza\fastmediasorter\ui\player\StandalonePlayerViewModel_HiltModules.java, P:\ANDROID\FastMediaSorter_mob_v2\app_v2\build\generated\source\kapt\standardDebug\com\sza\fastmediasorter\ui\player\StandalonePlayerViewModel_HiltModules_BindsModule_Binds_LazyMapKey.java, P:\ANDROID\FastMediaSorter_mob_v2\app_v2\build\generated\source\kapt\standardDebug\com\sza\fastmediasorter\ui\player\StandalonePlayerViewModel_HiltModules_KeyModule_ProvideFactory.java, P:\ANDROID\FastMediaSorter_mob_v2\app_v2\build\generated\source\kapt\standardDebug\com\sza\fastmediasorter\ui\player\StandalonePlayerViewModel_HiltModules_KeyModule_Provide_LazyMapKey.java, P:\ANDROID\FastMediaSorter_mob_v2\app_v2\build\generated\source\kapt\standardDebug\com\sza\fastmediasorter\ui\resourceeditor\Hilt_ResourceEditorActivity.java, P:\ANDROID\FastMediaSorter_mob_v2\app_v2\build\generated\source\kapt\standardDebug\com\sza\fastmediasorter\ui\resourceeditor\Hilt_ResourceEditorFragment.java, P:\ANDROID\FastMediaSorter_mob_v2\app_v2\build\generated\source\kapt\standardDebug\com\sza\fastmediasorter\ui\resourceeditor\ResourceEditorActivity_GeneratedInjector.java, P:\ANDROID\FastMediaSorter_mob_v2\app_v2\build\generated\source\kapt\standardDebug\com\sza\fastmediasorter\ui\resourceeditor\ResourceEditorFragment_GeneratedInjector.java, P:\ANDROID\FastMediaSorter_mob_v2\app_v2\build\generated\source\kapt\standardDebug\com\sza\fastmediasorter\ui\resourceeditor\ResourceFormViewModel_Factory.java, P:\ANDROID\FastMediaSorter_mob_v2\app_v2\build\generated\source\kapt\standardDebug\com\sza\fastmediasorter\ui\resourceeditor\ResourceFormViewModel_HiltModules.java, P:\ANDROID\FastMediaSorter_mob_v2\app_v2\build\generated\source\kapt\standardDebug\com\sza\fastmediasorter\ui\resourceeditor\ResourceFormViewModel_HiltModules_BindsModule_Binds_LazyMapKey.java, P:\ANDROID\FastMediaSorter_mob_v2\app_v2\build\generated\source\kapt\standardDebug\com\sza\fastmediasorter\ui\resourceeditor\ResourceFormViewModel_HiltModules_KeyModule_ProvideFactory.java, P:\ANDROID\FastMediaSorter_mob_v2\app_v2\build\generated\source\kapt\standardDebug\com\sza\fastmediasorter\ui\resourceeditor\ResourceFormViewModel_HiltModules_KeyModule_Provide_LazyMapKey.java, P:\ANDROID\FastMediaSorter_mob_v2\app_v2\build\generated\source\kapt\standardDebug\com\sza\fastmediasorter\ui\settings\BackupRestoreViewModel_Factory.java, P:\ANDROID\FastMediaSorter_mob_v2\app_v2\build\generated\source\kapt\standardDebug\com\sza\fastmediasorter\ui\settings\BackupRestoreViewModel_HiltModules.java, P:\ANDROID\FastMediaSorter_mob_v2\app_v2\build\generated\source\kapt\standardDebug\com\sza\fastmediasorter\ui\settings\BackupRestoreViewModel_HiltModules_BindsModule_Binds_LazyMapKey.java, P:\ANDROID\FastMediaSorter_mob_v2\app_v2\build\generated\source\kapt\standardDebug\com\sza\fastmediasorter\ui\settings\BackupRestoreViewModel_HiltModules_KeyModule_ProvideFactory.java, P:\ANDROID\FastMediaSorter_mob_v2\app_v2\build\generated\source\kapt\standardDebug\com\sza\fastmediasorter\ui\settings\BackupRestoreViewModel_HiltModules_KeyModule_Provide_LazyMapKey.java, P:\ANDROID\FastMediaSorter_mob_v2\app_v2\build\generated\source\kapt\standardDebug\com\sza\fastmediasorter\ui\settings\fragments\BackupRestoreFragment_GeneratedInjector.java, P:\ANDROID\FastMediaSorter_mob_v2\app_v2\build\generated\source\kapt\standardDebug\com\sza\fastmediasorter\ui\settings\fragments\GeneralSettingsFragment_GeneratedInjector.java, P:\ANDROID\FastMediaSorter_mob_v2\app_v2\build\generated\source\kapt\standardDebug\com\sza\fastmediasorter\ui\settings\fragments\GeneralSettingsFragment_MembersInjector.java, P:\ANDROID\FastMediaSorter_mob_v2\app_v2\build\generated\source\kapt\standardDebug\com\sza\fastmediasorter\ui\settings\fragments\Hilt_BackupRestoreFragment.java, P:\ANDROID\FastMediaSorter_mob_v2\app_v2\build\generated\source\kapt\standardDebug\com\sza\fastmediasorter\ui\settings\fragments\Hilt_GeneralSettingsFragment.java, P:\ANDROID\FastMediaSorter_mob_v2\app_v2\build\generated\source\kapt\standardDebug\com\sza\fastmediasorter\ui\settings\Hilt_IntegrationTestDialog.java, P:\ANDROID\FastMediaSorter_mob_v2\app_v2\build\generated\source\kapt\standardDebug\com\sza\fastmediasorter\ui\settings\Hilt_SettingsActivity.java, P:\ANDROID\FastMediaSorter_mob_v2\app_v2\build\generated\source\kapt\standardDebug\com\sza\fastmediasorter\ui\settings\IntegrationTestDialog_GeneratedInjector.java, P:\ANDROID\FastMediaSorter_mob_v2\app_v2\build\generated\source\kapt\standardDebug\com\sza\fastmediasorter\ui\settings\IntegrationTestViewModel_Factory.java, P:\ANDROID\FastMediaSorter_mob_v2\app_v2\build\generated\source\kapt\standardDebug\com\sza\fastmediasorter\ui\settings\IntegrationTestViewModel_HiltModules.java, P:\ANDROID\FastMediaSorter_mob_v2\app_v2\build\generated\source\kapt\standardDebug\com\sza\fastmediasorter\ui\settings\IntegrationTestViewModel_HiltModules_BindsModule_Binds_LazyMapKey.java, P:\ANDROID\FastMediaSorter_mob_v2\app_v2\build\generated\source\kapt\standardDebug\com\sza\fastmediasorter\ui\settings\IntegrationTestViewModel_HiltModules_KeyModule_ProvideFactory.java, P:\ANDROID\FastMediaSorter_mob_v2\app_v2\build\generated\source\kapt\standardDebug\com\sza\fastmediasorter\ui\settings\IntegrationTestViewModel_HiltModules_KeyModule_Provide_LazyMapKey.java, P:\ANDROID\FastMediaSorter_mob_v2\app_v2\build\generated\source\kapt\standardDebug\com\sza\fastmediasorter\ui\settings\SettingsActivity_GeneratedInjector.java, P:\ANDROID\FastMediaSorter_mob_v2\app_v2\build\generated\source\kapt\standardDebug\com\sza\fastmediasorter\ui\settings\SettingsViewModel_Factory.java, P:\ANDROID\FastMediaSorter_mob_v2\app_v2\build\generated\source\kapt\standardDebug\com\sza\fastmediasorter\ui\settings\SettingsViewModel_HiltModules.java, P:\ANDROID\FastMediaSorter_mob_v2\app_v2\build\generated\source\kapt\standardDebug\com\sza\fastmediasorter\ui\settings\SettingsViewModel_HiltModules_BindsModule_Binds_LazyMapKey.java, P:\ANDROID\FastMediaSorter_mob_v2\app_v2\build\generated\source\kapt\standardDebug\com\sza\fastmediasorter\ui\settings\SettingsViewModel_HiltModules_KeyModule_ProvideFactory.java, P:\ANDROID\FastMediaSorter_mob_v2\app_v2\build\generated\source\kapt\standardDebug\com\sza\fastmediasorter\ui\settings\SettingsViewModel_HiltModules_KeyModule_Provide_LazyMapKey.java, P:\ANDROID\FastMediaSorter_mob_v2\app_v2\build\generated\source\kapt\standardDebug\com\sza\fastmediasorter\ui\welcome\Hilt_WelcomeActivity.java, P:\ANDROID\FastMediaSorter_mob_v2\app_v2\build\generated\source\kapt\standardDebug\com\sza\fastmediasorter\ui\welcome\WelcomeActivity_GeneratedInjector.java, P:\ANDROID\FastMediaSorter_mob_v2\app_v2\build\generated\source\kapt\standardDebug\com\sza\fastmediasorter\ui\welcome\WelcomeViewModel_Factory.java, P:\ANDROID\FastMediaSorter_mob_v2\app_v2\build\generated\source\kapt\standardDebug\com\sza\fastmediasorter\ui\welcome\WelcomeViewModel_HiltModules.java, P:\ANDROID\FastMediaSorter_mob_v2\app_v2\build\generated\source\kapt\standardDebug\com\sza\fastmediasorter\ui\welcome\WelcomeViewModel_HiltModules_BindsModule_Binds_LazyMapKey.java, P:\ANDROID\FastMediaSorter_mob_v2\app_v2\build\generated\source\kapt\standardDebug\com\sza\fastmediasorter\ui\welcome\WelcomeViewModel_HiltModules_KeyModule_ProvideFactory.java, P:\ANDROID\FastMediaSorter_mob_v2\app_v2\build\generated\source\kapt\standardDebug\com\sza\fastmediasorter\ui\welcome\WelcomeViewModel_HiltModules_KeyModule_Provide_LazyMapKey.java, P:\ANDROID\FastMediaSorter_mob_v2\app_v2\build\generated\source\kapt\standardDebug\com\sza\fastmediasorter\widget\Hilt_ResourceLaunchWidgetConfigActivity.java, P:\ANDROID\FastMediaSorter_mob_v2\app_v2\build\generated\source\kapt\standardDebug\com\sza\fastmediasorter\widget\ResourceLaunchWidgetConfigActivity_GeneratedInjector.java, P:\ANDROID\FastMediaSorter_mob_v2\app_v2\build\generated\source\kapt\standardDebug\com\sza\fastmediasorter\worker\NetworkFilesSyncWorker_AssistedFactory.java, P:\ANDROID\FastMediaSorter_mob_v2\app_v2\build\generated\source\kapt\standardDebug\com\sza\fastmediasorter\worker\NetworkFilesSyncWorker_AssistedFactory_Impl.java, P:\ANDROID\FastMediaSorter_mob_v2\app_v2\build\generated\source\kapt\standardDebug\com\sza\fastmediasorter\worker\NetworkFilesSyncWorker_Factory.java, P:\ANDROID\FastMediaSorter_mob_v2\app_v2\build\generated\source\kapt\standardDebug\com\sza\fastmediasorter\worker\NetworkFilesSyncWorker_HiltModule.java, P:\ANDROID\FastMediaSorter_mob_v2\app_v2\build\generated\source\kapt\standardDebug\com\sza\fastmediasorter\worker\OrphanCleanupWorker_AssistedFactory.java, P:\ANDROID\FastMediaSorter_mob_v2\app_v2\build\generated\source\kapt\standardDebug\com\sza\fastmediasorter\worker\OrphanCleanupWorker_AssistedFactory_Impl.java, P:\ANDROID\FastMediaSorter_mob_v2\app_v2\build\generated\source\kapt\standardDebug\com\sza\fastmediasorter\worker\OrphanCleanupWorker_Factory.java, P:\ANDROID\FastMediaSorter_mob_v2\app_v2\build\generated\source\kapt\standardDebug\com\sza\fastmediasorter\worker\OrphanCleanupWorker_HiltModule.java, P:\ANDROID\FastMediaSorter_mob_v2\app_v2\build\generated\source\kapt\standardDebug\com\sza\fastmediasorter\worker\PendingRevocationWorker_AssistedFactory.java, P:\ANDROID\FastMediaSorter_mob_v2\app_v2\build\generated\source\kapt\standardDebug\com\sza\fastmediasorter\worker\PendingRevocationWorker_AssistedFactory_Impl.java, P:\ANDROID\FastMediaSorter_mob_v2\app_v2\build\generated\source\kapt\standardDebug\com\sza\fastmediasorter\worker\PendingRevocationWorker_Factory.java, P:\ANDROID\FastMediaSorter_mob_v2\app_v2\build\generated\source\kapt\standardDebug\com\sza\fastmediasorter\worker\PendingRevocationWorker_HiltModule.java, P:\ANDROID\FastMediaSorter_mob_v2\app_v2\build\generated\source\kapt\standardDebug\com\sza\fastmediasorter\worker\TrashCleanupWorker_AssistedFactory.java, P:\ANDROID\FastMediaSorter_mob_v2\app_v2\build\generated\source\kapt\standardDebug\com\sza\fastmediasorter\worker\TrashCleanupWorker_AssistedFactory_Impl.java, P:\ANDROID\FastMediaSorter_mob_v2\app_v2\build\generated\source\kapt\standardDebug\com\sza\fastmediasorter\worker\TrashCleanupWorker_Factory.java, P:\ANDROID\FastMediaSorter_mob_v2\app_v2\build\generated\source\kapt\standardDebug\com\sza\fastmediasorter\worker\TrashCleanupWorker_HiltModule.java, P:\ANDROID\FastMediaSorter_mob_v2\app_v2\build\generated\source\kapt\standardDebug\com\sza\fastmediasorter\worker\WorkManagerScheduler_Factory.java, P:\ANDROID\FastMediaSorter_mob_v2\app_v2\build\generated\source\kapt\standardDebug\dagger\hilt\internal\aggregatedroot\codegen\_com_sza_fastmediasorter_FastMediaSorterApp.java, P:\ANDROID\FastMediaSorter_mob_v2\app_v2\build\generated\source\kapt\standardDebug\hilt_aggregated_deps\_com_sza_fastmediasorter_core_di_AppModule.java, P:\ANDROID\FastMediaSorter_mob_v2\app_v2\build\generated\source\kapt\standardDebug\hilt_aggregated_deps\_com_sza_fastmediasorter_core_di_DatabaseModule.java, P:\ANDROID\FastMediaSorter_mob_v2\app_v2\build\generated\source\kapt\standardDebug\hilt_aggregated_deps\_com_sza_fastmediasorter_core_di_RepositoryModule.java, P:\ANDROID\FastMediaSorter_mob_v2\app_v2\build\generated\source\kapt\standardDebug\hilt_aggregated_deps\_com_sza_fastmediasorter_core_di_ScannerModule.java, P:\ANDROID\FastMediaSorter_mob_v2\app_v2\build\generated\source\kapt\standardDebug\hilt_aggregated_deps\_com_sza_fastmediasorter_data_cloud_glide_CloudThumbnailEntryPoint.java, P:\ANDROID\FastMediaSorter_mob_v2\app_v2\build\generated\source\kapt\standardDebug\hilt_aggregated_deps\_com_sza_fastmediasorter_data_network_glide_NetworkFileModelLoaderEntryPoint.java, P:\ANDROID\FastMediaSorter_mob_v2\app_v2\build\generated\source\kapt\standardDebug\hilt_aggregated_deps\_com_sza_fastmediasorter_di_TransferModule.java, P:\ANDROID\FastMediaSorter_mob_v2\app_v2\build\generated\source\kapt\standardDebug\hilt_aggregated_deps\_com_sza_fastmediasorter_FastMediaSorterApp_GeneratedInjector.java, P:\ANDROID\FastMediaSorter_mob_v2\app_v2\build\generated\source\kapt\standardDebug\hilt_aggregated_deps\_com_sza_fastmediasorter_ui_addresource_AddResourceActivity_GeneratedInjector.java, P:\ANDROID\FastMediaSorter_mob_v2\app_v2\build\generated\source\kapt\standardDebug\hilt_aggregated_deps\_com_sza_fastmediasorter_ui_addresource_AddResourceViewModel_HiltModules_BindsModule.java, P:\ANDROID\FastMediaSorter_mob_v2\app_v2\build\generated\source\kapt\standardDebug\hilt_aggregated_deps\_com_sza_fastmediasorter_ui_addresource_AddResourceViewModel_HiltModules_KeyModule.java, P:\ANDROID\FastMediaSorter_mob_v2\app_v2\build\generated\source\kapt\standardDebug\hilt_aggregated_deps\_com_sza_fastmediasorter_ui_browse_BrowseActivity_GeneratedInjector.java, P:\ANDROID\FastMediaSorter_mob_v2\app_v2\build\generated\source\kapt\standardDebug\hilt_aggregated_deps\_com_sza_fastmediasorter_ui_browse_BrowseViewModel_HiltModules_BindsModule.java, P:\ANDROID\FastMediaSorter_mob_v2\app_v2\build\generated\source\kapt\standardDebug\hilt_aggregated_deps\_com_sza_fastmediasorter_ui_browse_BrowseViewModel_HiltModules_KeyModule.java, P:\ANDROID\FastMediaSorter_mob_v2\app_v2\build\generated\source\kapt\standardDebug\hilt_aggregated_deps\_com_sza_fastmediasorter_ui_cloudfolders_DropboxFolderPickerActivity_GeneratedInjector.java, P:\ANDROID\FastMediaSorter_mob_v2\app_v2\build\generated\source\kapt\standardDebug\hilt_aggregated_deps\_com_sza_fastmediasorter_ui_cloudfolders_DropboxFolderPickerViewModel_HiltModules_BindsModule.java, P:\ANDROID\FastMediaSorter_mob_v2\app_v2\build\generated\source\kapt\standardDebug\hilt_aggregated_deps\_com_sza_fastmediasorter_ui_cloudfolders_DropboxFolderPickerViewModel_HiltModules_KeyModule.java, P:\ANDROID\FastMediaSorter_mob_v2\app_v2\build\generated\source\kapt\standardDebug\hilt_aggregated_deps\_com_sza_fastmediasorter_ui_cloudfolders_GoogleDriveFolderPickerActivity_GeneratedInjector.java, P:\ANDROID\FastMediaSorter_mob_v2\app_v2\build\generated\source\kapt\standardDebug\hilt_aggregated_deps\_com_sza_fastmediasorter_ui_cloudfolders_GoogleDriveFolderPickerViewModel_HiltModules_BindsModule.java, P:\ANDROID\FastMediaSorter_mob_v2\app_v2\build\generated\source\kapt\standardDebug\hilt_aggregated_deps\_com_sza_fastmediasorter_ui_cloudfolders_GoogleDriveFolderPickerViewModel_HiltModules_KeyModule.java, P:\ANDROID\FastMediaSorter_mob_v2\app_v2\build\generated\source\kapt\standardDebug\hilt_aggregated_deps\_com_sza_fastmediasorter_ui_cloudfolders_OneDriveFolderPickerActivity_GeneratedInjector.java, P:\ANDROID\FastMediaSorter_mob_v2\app_v2\build\generated\source\kapt\standardDebug\hilt_aggregated_deps\_com_sza_fastmediasorter_ui_cloudfolders_OneDriveFolderPickerViewModel_HiltModules_BindsModule.java, P:\ANDROID\FastMediaSorter_mob_v2\app_v2\build\generated\source\kapt\standardDebug\hilt_aggregated_deps\_com_sza_fastmediasorter_ui_cloudfolders_OneDriveFolderPickerViewModel_HiltModules_KeyModule.java, P:\ANDROID\FastMediaSorter_mob_v2\app_v2\build\generated\source\kapt\standardDebug\hilt_aggregated_deps\_com_sza_fastmediasorter_ui_main_MainActivity_GeneratedInjector.java, P:\ANDROID\FastMediaSorter_mob_v2\app_v2\build\generated\source\kapt\standardDebug\hilt_aggregated_deps\_com_sza_fastmediasorter_ui_main_MainViewModel_HiltModules_BindsModule.java, P:\ANDROID\FastMediaSorter_mob_v2\app_v2\build\generated\source\kapt\standardDebug\hilt_aggregated_deps\_com_sza_fastmediasorter_ui_main_MainViewModel_HiltModules_KeyModule.java, P:\ANDROID\FastMediaSorter_mob_v2\app_v2\build\generated\source\kapt\standardDebug\hilt_aggregated_deps\_com_sza_fastmediasorter_ui_player_PlayerActivity_GeneratedInjector.java, P:\ANDROID\FastMediaSorter_mob_v2\app_v2\build\generated\source\kapt\standardDebug\hilt_aggregated_deps\_com_sza_fastmediasorter_ui_player_PlayerViewModel_HiltModules_BindsModule.java, P:\ANDROID\FastMediaSorter_mob_v2\app_v2\build\generated\source\kapt\standardDebug\hilt_aggregated_deps\_com_sza_fastmediasorter_ui_player_PlayerViewModel_HiltModules_KeyModule.java, P:\ANDROID\FastMediaSorter_mob_v2\app_v2\build\generated\source\kapt\standardDebug\hilt_aggregated_deps\_com_sza_fastmediasorter_ui_player_SlideshowSettingsDialogFragment_GeneratedInjector.java, P:\ANDROID\FastMediaSorter_mob_v2\app_v2\build\generated\source\kapt\standardDebug\hilt_aggregated_deps\_com_sza_fastmediasorter_ui_player_StandalonePlayerActivity_GeneratedInjector.java, P:\ANDROID\FastMediaSorter_mob_v2\app_v2\build\generated\source\kapt\standardDebug\hilt_aggregated_deps\_com_sza_fastmediasorter_ui_player_StandalonePlayerViewModel_HiltModules_BindsModule.java, P:\ANDROID\FastMediaSorter_mob_v2\app_v2\build\generated\source\kapt\standardDebug\hilt_aggregated_deps\_com_sza_fastmediasorter_ui_player_StandalonePlayerViewModel_HiltModules_KeyModule.java, P:\ANDROID\FastMediaSorter_mob_v2\app_v2\build\generated\source\kapt\standardDebug\hilt_aggregated_deps\_com_sza_fastmediasorter_ui_resourceeditor_ResourceEditorActivity_GeneratedInjector.java, P:\ANDROID\FastMediaSorter_mob_v2\app_v2\build\generated\source\kapt\standardDebug\hilt_aggregated_deps\_com_sza_fastmediasorter_ui_resourceeditor_ResourceEditorFragment_GeneratedInjector.java, P:\ANDROID\FastMediaSorter_mob_v2\app_v2\build\generated\source\kapt\standardDebug\hilt_aggregated_deps\_com_sza_fastmediasorter_ui_resourceeditor_ResourceFormViewModel_HiltModules_BindsModule.java, P:\ANDROID\FastMediaSorter_mob_v2\app_v2\build\generated\source\kapt\standardDebug\hilt_aggregated_deps\_com_sza_fastmediasorter_ui_resourceeditor_ResourceFormViewModel_HiltModules_KeyModule.java, P:\ANDROID\FastMediaSorter_mob_v2\app_v2\build\generated\source\kapt\standardDebug\hilt_aggregated_deps\_com_sza_fastmediasorter_ui_settings_BackupRestoreViewModel_HiltModules_BindsModule.java, P:\ANDROID\FastMediaSorter_mob_v2\app_v2\build\generated\source\kapt\standardDebug\hilt_aggregated_deps\_com_sza_fastmediasorter_ui_settings_BackupRestoreViewModel_HiltModules_KeyModule.java, P:\ANDROID\FastMediaSorter_mob_v2\app_v2\build\generated\source\kapt\standardDebug\hilt_aggregated_deps\_com_sza_fastmediasorter_ui_settings_fragments_BackupRestoreFragment_GeneratedInjector.java, P:\ANDROID\FastMediaSorter_mob_v2\app_v2\build\generated\source\kapt\standardDebug\hilt_aggregated_deps\_com_sza_fastmediasorter_ui_settings_fragments_GeneralSettingsFragment_GeneratedInjector.java, P:\ANDROID\FastMediaSorter_mob_v2\app_v2\build\generated\source\kapt\standardDebug\hilt_aggregated_deps\_com_sza_fastmediasorter_ui_settings_IntegrationTestDialog_GeneratedInjector.java, P:\ANDROID\FastMediaSorter_mob_v2\app_v2\build\generated\source\kapt\standardDebug\hilt_aggregated_deps\_com_sza_fastmediasorter_ui_settings_IntegrationTestViewModel_HiltModules_BindsModule.java, P:\ANDROID\FastMediaSorter_mob_v2\app_v2\build\generated\source\kapt\standardDebug\hilt_aggregated_deps\_com_sza_fastmediasorter_ui_settings_IntegrationTestViewModel_HiltModules_KeyModule.java, P:\ANDROID\FastMediaSorter_mob_v2\app_v2\build\generated\source\kapt\standardDebug\hilt_aggregated_deps\_com_sza_fastmediasorter_ui_settings_SettingsActivity_GeneratedInjector.java, P:\ANDROID\FastMediaSorter_mob_v2\app_v2\build\generated\source\kapt\standardDebug\hilt_aggregated_deps\_com_sza_fastmediasorter_ui_settings_SettingsViewModel_HiltModules_BindsModule.java, P:\ANDROID\FastMediaSorter_mob_v2\app_v2\build\generated\source\kapt\standardDebug\hilt_aggregated_deps\_com_sza_fastmediasorter_ui_settings_SettingsViewModel_HiltModules_KeyModule.java, P:\ANDROID\FastMediaSorter_mob_v2\app_v2\build\generated\source\kapt\standardDebug\hilt_aggregated_deps\_com_sza_fastmediasorter_ui_welcome_WelcomeActivity_GeneratedInjector.java, P:\ANDROID\FastMediaSorter_mob_v2\app_v2\build\generated\source\kapt\standardDebug\hilt_aggregated_deps\_com_sza_fastmediasorter_ui_welcome_WelcomeViewModel_HiltModules_BindsModule.java, P:\ANDROID\FastMediaSorter_mob_v2\app_v2\build\generated\source\kapt\standardDebug\hilt_aggregated_deps\_com_sza_fastmediasorter_ui_welcome_WelcomeViewModel_HiltModules_KeyModule.java, P:\ANDROID\FastMediaSorter_mob_v2\app_v2\build\generated\source\kapt\standardDebug\hilt_aggregated_deps\_com_sza_fastmediasorter_widget_FavoritesRemoteViewsFactory_FavoritesWidgetEntryPoint.java, P:\ANDROID\FastMediaSorter_mob_v2\app_v2\build\generated\source\kapt\standardDebug\hilt_aggregated_deps\_com_sza_fastmediasorter_widget_ResourceLaunchWidgetConfigActivity_GeneratedInjector.java, P:\ANDROID\FastMediaSorter_mob_v2\app_v2\build\generated\source\kapt\standardDebug\hilt_aggregated_deps\_com_sza_fastmediasorter_widget_ResourceLaunchWidgetConfigActivity_ResourceWidgetEntryPoint.java, P:\ANDROID\FastMediaSorter_mob_v2\app_v2\build\generated\source\kapt\standardDebug\hilt_aggregated_deps\_com_sza_fastmediasorter_worker_NetworkFilesSyncWorker_HiltModule.java, P:\ANDROID\FastMediaSorter_mob_v2\app_v2\build\generated\source\kapt\standardDebug\hilt_aggregated_deps\_com_sza_fastmediasorter_worker_OrphanCleanupWorker_HiltModule.java, P:\ANDROID\FastMediaSorter_mob_v2\app_v2\build\generated\source\kapt\standardDebug\hilt_aggregated_deps\_com_sza_fastmediasorter_worker_PendingRevocationWorker_HiltModule.java, P:\ANDROID\FastMediaSorter_mob_v2\app_v2\build\generated\source\kapt\standardDebug\hilt_aggregated_deps\_com_sza_fastmediasorter_worker_TrashCleanupWorker_HiltModule.java
Script source files: 
Script file extensions: 
Using Kotlin/JVM incremental compilation
[KOTLIN] Kotlin compilation 'jdkHome' argument: null
Options for KOTLIN DAEMON: IncrementalCompilationOptions(super=CompilationOptions(compilerMode=INCREMENTAL_COMPILER, targetPlatform=JVM, reportCategories=[0, 3], reportSeverity=2, requestedCompilationResults=[0], kotlinScriptExtensions=[]), sourceChanges=org.jetbrains.kotlin.buildtools.api.SourcesChanges$Unknown@773ff2fa, classpathChanges=NotAvailableForNonIncrementalRun, workingDir=P:\ANDROID\FastMediaSorter_mob_v2\app_v2\build\kotlin\compileStandardDebugKotlin\cacheable, multiModuleICSettings=MultiModuleICSettings(buildHistoryFile=P:\ANDROID\FastMediaSorter_mob_v2\app_v2\build\kotlin\compileStandardDebugKotlin\local-state\build-history.bin, useModuleDetection=true), icFeatures=IncrementalCompilationFeatures(usePreciseJavaTracking=true, withAbiSnapshot=false, preciseCompilationResultsBackup=true, keepIncrementalCompilationCachesInMemory=true, enableUnsafeIncrementalCompilationForMultiplatform=false, enableMonotonousIncrementalCompileSetExpansion=true), outputFiles=[P:\ANDROID\FastMediaSorter_mob_v2\app_v2\build\tmp\kotlin-classes\standardDebug, P:\ANDROID\FastMediaSorter_mob_v2\app_v2\build\kotlin\compileStandardDebugKotlin\cacheable, P:\ANDROID\FastMediaSorter_mob_v2\app_v2\build\kotlin\compileStandardDebugKotlin\local-state])
Finished executing kotlin compiler using DAEMON strategy

> Task :app_v2:compileStandardDebugKotlin FAILED
Build 6153db7b-dfad-4386-aa55-b01b6e44ee74 is closed
29 actionable tasks: 1 executed, 28 up-to-date
Some of the file system contents retained in the virtual file system are on file systems that Gradle doesn't support watching. The relevant state was discarded to ensure changes to these locations are properly detected. You can override this by explicitly enabling file system watching.
Watched directory hierarchies: []
Configuration cache entry reused.
